Component: Arm Compiler for Embedded 6.21 Tool: armlink [5ec1fa00]

==============================================================================

Section Cross References

    startup_stm32g030xx.o(STACK) refers (Special) to heapauxi.o(.text) for __use_two_region_memory
    startup_stm32g030xx.o(HEAP) refers (Special) to heapauxi.o(.text) for __use_two_region_memory
    startup_stm32g030xx.o(RESET) refers (Special) to heapauxi.o(.text) for __use_two_region_memory
    startup_stm32g030xx.o(RESET) refers to startup_stm32g030xx.o(STACK) for __initial_sp
    startup_stm32g030xx.o(RESET) refers to startup_stm32g030xx.o(.text) for Reset_Handler
    startup_stm32g030xx.o(RESET) refers to stm32g0xx_it.o(.text.NMI_Handler) for NMI_Handler
    startup_stm32g030xx.o(RESET) refers to stm32g0xx_it.o(.text.HardFault_Handler) for HardFault_Handler
    startup_stm32g030xx.o(RESET) refers to stm32g0xx_it.o(.text.SVC_Handler) for SVC_Handler
    startup_stm32g030xx.o(RESET) refers to stm32g0xx_it.o(.text.PendSV_Handler) for PendSV_Handler
    startup_stm32g030xx.o(RESET) refers to stm32g0xx_it.o(.text.SysTick_Handler) for SysTick_Handler
    startup_stm32g030xx.o(RESET) refers to stm32g0xx_it.o(.text.EXTI4_15_IRQHandler) for EXTI4_15_IRQHandler
    startup_stm32g030xx.o(RESET) refers to stm32g0xx_it.o(.text.DMA1_Channel1_IRQHandler) for DMA1_Channel1_IRQHandler
    startup_stm32g030xx.o(.text) refers (Special) to heapauxi.o(.text) for __use_two_region_memory
    startup_stm32g030xx.o(.text) refers to system_stm32g0xx.o(.text.SystemInit) for SystemInit
    startup_stm32g030xx.o(.text) refers to __main.o(!!!main) for __main
    startup_stm32g030xx.o(.text) refers to startup_stm32g030xx.o(HEAP) for Heap_Mem
    startup_stm32g030xx.o(.text) refers to startup_stm32g030xx.o(STACK) for Stack_Mem
    main.o(.text.main) refers to stm32g0xx_hal.o(.text.HAL_Init) for HAL_Init
    main.o(.text.main) refers to main.o(.text.SystemClock_Config) for SystemClock_Config
    main.o(.text.main) refers to gpio.o(.text.MX_GPIO_Init) for MX_GPIO_Init
    main.o(.text.main) refers to dma.o(.text.MX_DMA_Init) for MX_DMA_Init
    main.o(.text.main) refers to adc.o(.text.MX_ADC1_Init) for MX_ADC1_Init
    main.o(.text.main) refers to segger_rtt.o(.text.SEGGER_RTT_Init) for SEGGER_RTT_Init
    main.o(.text.main) refers to tm1639.o(.text.TM1639_Init) for TM1639_Init
    main.o(.text.main) refers to tm1639.o(.text.TM1639_PowerCtrl) for TM1639_PowerCtrl
    main.o(.text.main) refers to stm32g0xx_hal_gpio.o(.text.HAL_GPIO_ReadPin) for HAL_GPIO_ReadPin
    main.o(.text.main) refers to tm1639.o(.text.TM1639_ReadKey) for TM1639_ReadKey
    main.o(.text.main) refers to tm1639.o(.text.parse_key_status) for parse_key_status
    main.o(.text.main) refers to segger_rtt_printf.o(.text.SEGGER_RTT_printf) for SEGGER_RTT_printf
    main.o(.text.main) refers to main.o(.rodata.str1.1) for [Anonymous Symbol]
    main.o(.text.main) refers to main.o(.data..L_MergedGlobals) for [Anonymous Symbol]
    main.o(.text.main) refers to main.o(.bss.key_value) for key_value
    main.o(.ARM.exidx.text.main) refers to main.o(.text.main) for [Anonymous Symbol]
    main.o(.text.SystemClock_Config) refers to rt_memclr.o(.text) for __aeabi_memclr4
    main.o(.text.SystemClock_Config) refers to stm32g0xx_hal_pwr_ex.o(.text.HAL_PWREx_ControlVoltageScaling) for HAL_PWREx_ControlVoltageScaling
    main.o(.text.SystemClock_Config) refers to stm32g0xx_hal_rcc.o(.text.HAL_RCC_OscConfig) for HAL_RCC_OscConfig
    main.o(.text.SystemClock_Config) refers to stm32g0xx_hal_rcc.o(.text.HAL_RCC_ClockConfig) for HAL_RCC_ClockConfig
    main.o(.ARM.exidx.text.SystemClock_Config) refers to main.o(.text.SystemClock_Config) for [Anonymous Symbol]
    main.o(.ARM.exidx.text.Error_Handler) refers to main.o(.text.Error_Handler) for [Anonymous Symbol]
    gpio.o(.text.MX_GPIO_Init) refers to stm32g0xx_hal_cortex.o(.text.HAL_NVIC_SetPriority) for HAL_NVIC_SetPriority
    gpio.o(.text.MX_GPIO_Init) refers to stm32g0xx_hal_cortex.o(.text.HAL_NVIC_EnableIRQ) for HAL_NVIC_EnableIRQ
    gpio.o(.text.MX_GPIO_Init) refers to stm32g0xx_hal_gpio.o(.text.HAL_GPIO_WritePin) for HAL_GPIO_WritePin
    gpio.o(.text.MX_GPIO_Init) refers to stm32g0xx_hal_gpio.o(.text.HAL_GPIO_Init) for HAL_GPIO_Init
    gpio.o(.ARM.exidx.text.MX_GPIO_Init) refers to gpio.o(.text.MX_GPIO_Init) for [Anonymous Symbol]
    adc.o(.text.MX_ADC1_Init) refers to stm32g0xx_hal_adc.o(.text.HAL_ADC_Init) for HAL_ADC_Init
    adc.o(.text.MX_ADC1_Init) refers to main.o(.text.Error_Handler) for Error_Handler
    adc.o(.text.MX_ADC1_Init) refers to stm32g0xx_hal_adc.o(.text.HAL_ADC_ConfigChannel) for HAL_ADC_ConfigChannel
    adc.o(.text.MX_ADC1_Init) refers to adc.o(.bss.hadc1) for hadc1
    adc.o(.ARM.exidx.text.MX_ADC1_Init) refers to adc.o(.text.MX_ADC1_Init) for [Anonymous Symbol]
    adc.o(.text.HAL_ADC_MspInit) refers to stm32g0xx_hal_gpio.o(.text.HAL_GPIO_Init) for HAL_GPIO_Init
[...]
    Removing stm32g0xx_hal_cortex.o(.text.HAL_NVIC_SystemReset), (4 bytes).
    Removing stm32g0xx_hal_cortex.o(.ARM.exidx.text.HAL_NVIC_SystemReset), (8 bytes).
    Removing stm32g0xx_hal_cortex.o(.text.__NVIC_SystemReset), (28 bytes).
    Removing stm32g0xx_hal_cortex.o(.ARM.exidx.text.__NVIC_SystemReset), (8 bytes).
    Removing stm32g0xx_hal_cortex.o(.ARM.exidx.text.HAL_SYSTICK_Config), (8 bytes).
    Removing stm32g0xx_hal_cortex.o(.text.HAL_NVIC_GetPriority), (48 bytes).
    Removing stm32g0xx_hal_cortex.o(.ARM.exidx.text.HAL_NVIC_GetPriority), (8 bytes).
    Removing stm32g0xx_hal_cortex.o(.text.HAL_NVIC_SetPendingIRQ), (24 bytes).
    Removing stm32g0xx_hal_cortex.o(.ARM.exidx.text.HAL_NVIC_SetPendingIRQ), (8 bytes).
    Removing stm32g0xx_hal_cortex.o(.text.HAL_NVIC_GetPendingIRQ), (28 bytes).
    Removing stm32g0xx_hal_cortex.o(.ARM.exidx.text.HAL_NVIC_GetPendingIRQ), (8 bytes).
    Removing stm32g0xx_hal_cortex.o(.text.HAL_NVIC_ClearPendingIRQ), (24 bytes).
    Removing stm32g0xx_hal_cortex.o(.ARM.exidx.text.HAL_NVIC_ClearPendingIRQ), (8 bytes).
    Removing stm32g0xx_hal_cortex.o(.text.HAL_SYSTICK_CLKSourceConfig), (28 bytes).
    Removing stm32g0xx_hal_cortex.o(.ARM.exidx.text.HAL_SYSTICK_CLKSourceConfig), (8 bytes).
    Removing stm32g0xx_hal_cortex.o(.text.HAL_SYSTICK_IRQHandler), (8 bytes).
    Removing stm32g0xx_hal_cortex.o(.ARM.exidx.text.HAL_SYSTICK_IRQHandler), (8 bytes).
    Removing stm32g0xx_hal_cortex.o(.text.HAL_SYSTICK_Callback), (2 bytes).
    Removing stm32g0xx_hal_cortex.o(.ARM.exidx.text.HAL_SYSTICK_Callback), (8 bytes).
    Removing stm32g0xx_hal_cortex.o(.text.HAL_MPU_Enable), (24 bytes).
    Removing stm32g0xx_hal_cortex.o(.ARM.exidx.text.HAL_MPU_Enable), (8 bytes).
    Removing stm32g0xx_hal_cortex.o(.text.HAL_MPU_Disable), (16 bytes).
    Removing stm32g0xx_hal_cortex.o(.ARM.exidx.text.HAL_MPU_Disable), (8 bytes).
    Removing stm32g0xx_hal_cortex.o(.text.HAL_MPU_EnableRegion), (24 bytes).
    Removing stm32g0xx_hal_cortex.o(.ARM.exidx.text.HAL_MPU_EnableRegion), (8 bytes).
    Removing stm32g0xx_hal_cortex.o(.text.HAL_MPU_DisableRegion), (24 bytes).
    Removing stm32g0xx_hal_cortex.o(.ARM.exidx.text.HAL_MPU_DisableRegion), (8 bytes).
    Removing stm32g0xx_hal_cortex.o(.text.HAL_MPU_ConfigRegion), (76 bytes).
    Removing stm32g0xx_hal_cortex.o(.ARM.exidx.text.HAL_MPU_ConfigRegion), (8 bytes).
    Removing stm32g0xx_hal.o(.text), (0 bytes).
    Removing stm32g0xx_hal.o(.ARM.exidx.text.HAL_Init), (8 bytes).
    Removing stm32g0xx_hal.o(.ARM.exidx.text.HAL_InitTick), (8 bytes).
    Removing stm32g0xx_hal.o(.text.HAL_MspInit), (2 bytes).
    Removing stm32g0xx_hal.o(.ARM.exidx.text.HAL_MspInit), (8 bytes).
    Removing stm32g0xx_hal.o(.text.HAL_DeInit), (36 bytes).
    Removing stm32g0xx_hal.o(.ARM.exidx.text.HAL_DeInit), (8 bytes).
    Removing stm32g0xx_hal.o(.text.HAL_MspDeInit), (2 bytes).
    Removing stm32g0xx_hal.o(.ARM.exidx.text.HAL_MspDeInit), (8 bytes).
    Removing stm32g0xx_hal.o(.ARM.exidx.text.HAL_IncTick), (8 bytes).
    Removing stm32g0xx_hal.o(.ARM.exidx.text.HAL_GetTick), (8 bytes).
    Removing stm32g0xx_hal.o(.text.HAL_GetTickPrio), (12 bytes).
    Removing stm32g0xx_hal.o(.ARM.exidx.text.HAL_GetTickPrio), (8 bytes).
    Removing stm32g0xx_hal.o(.text.HAL_SetTickFreq), (36 bytes).
    Removing stm32g0xx_hal.o(.ARM.exidx.text.HAL_SetTickFreq), (8 bytes).
    Removing stm32g0xx_hal.o(.text.HAL_GetTickFreq), (12 bytes).
    Removing stm32g0xx_hal.o(.ARM.exidx.text.HAL_GetTickFreq), (8 bytes).
    Removing stm32g0xx_hal.o(.ARM.exidx.text.HAL_Delay), (8 bytes).
    Removing stm32g0xx_hal.o(.text.HAL_SuspendTick), (16 bytes).
    Removing stm32g0xx_hal.o(.ARM.exidx.text.HAL_SuspendTick), (8 bytes).
    Removing stm32g0xx_hal.o(.text.HAL_ResumeTick), (16 bytes).
    Removing stm32g0xx_hal.o(.ARM.exidx.text.HAL_ResumeTick), (8 bytes).
    Removing stm32g0xx_hal.o(.text.HAL_GetHalVersion), (8 bytes).
    Removing stm32g0xx_hal.o(.ARM.exidx.text.HAL_GetHalVersion), (8 bytes).
    Removing stm32g0xx_hal.o(.text.HAL_GetREVID), (12 bytes).
    Removing stm32g0xx_hal.o(.ARM.exidx.text.HAL_GetREVID), (8 bytes).
    Removing stm32g0xx_hal.o(.text.HAL_GetDEVID), (20 bytes).
    Removing stm32g0xx_hal.o(.ARM.exidx.text.HAL_GetDEVID), (8 bytes).
    Removing stm32g0xx_hal.o(.text.HAL_GetUIDw0), (12 bytes).
    Removing stm32g0xx_hal.o(.ARM.exidx.text.HAL_GetUIDw0), (8 bytes).
    Removing stm32g0xx_hal.o(.text.HAL_GetUIDw1), (12 bytes).
    Removing stm32g0xx_hal.o(.ARM.exidx.text.HAL_GetUIDw1), (8 bytes).
    Removing stm32g0xx_hal.o(.text.HAL_GetUIDw2), (12 bytes).
    Removing stm32g0xx_hal.o(.ARM.exidx.text.HAL_GetUIDw2), (8 bytes).
    Removing stm32g0xx_hal.o(.text.HAL_DBGMCU_EnableDBGStopMode), (16 bytes).
    Removing stm32g0xx_hal.o(.ARM.exidx.text.HAL_DBGMCU_EnableDBGStopMode), (8 bytes).
    Removing stm32g0xx_hal.o(.text.HAL_DBGMCU_DisableDBGStopMode), (16 bytes).
    Removing stm32g0xx_hal.o(.ARM.exidx.text.HAL_DBGMCU_DisableDBGStopMode), (8 bytes).
    Removing stm32g0xx_hal.o(.text.HAL_DBGMCU_EnableDBGStandbyMode), (16 bytes).
    Removing stm32g0xx_hal.o(.ARM.exidx.text.HAL_DBGMCU_EnableDBGStandbyMode), (8 bytes).
    Removing stm32g0xx_hal.o(.text.HAL_DBGMCU_DisableDBGStandbyMode), (16 bytes).
    Removing stm32g0xx_hal.o(.ARM.exidx.text.HAL_DBGMCU_DisableDBGStandbyMode), (8 bytes).
    Removing stm32g0xx_hal.o(.text.HAL_SYSCFG_EnableIOAnalogSwitchBooster), (20 bytes).
    Removing stm32g0xx_hal.o(.ARM.exidx.text.HAL_SYSCFG_EnableIOAnalogSwitchBooster), (8 bytes).
    Removing stm32g0xx_hal.o(.text.HAL_SYSCFG_DisableIOAnalogSwitchBooster), (20 bytes).
    Removing stm32g0xx_hal.o(.ARM.exidx.text.HAL_SYSCFG_DisableIOAnalogSwitchBooster), (8 bytes).
    Removing stm32g0xx_hal.o(.text.HAL_SYSCFG_EnableRemap), (16 bytes).
    Removing stm32g0xx_hal.o(.ARM.exidx.text.HAL_SYSCFG_EnableRemap), (8 bytes).
    Removing stm32g0xx_hal.o(.text.HAL_SYSCFG_DisableRemap), (16 bytes).
    Removing stm32g0xx_hal.o(.ARM.exidx.text.HAL_SYSCFG_DisableRemap), (8 bytes).
    Removing stm32g0xx_hal.o(.text.HAL_SYSCFG_EnableClampingDiode), (16 bytes).
    Removing stm32g0xx_hal.o(.ARM.exidx.text.HAL_SYSCFG_EnableClampingDiode), (8 bytes).
    Removing stm32g0xx_hal.o(.text.HAL_SYSCFG_DisableClampingDiode), (16 bytes).
    Removing stm32g0xx_hal.o(.ARM.exidx.text.HAL_SYSCFG_DisableClampingDiode), (8 bytes).
    Removing stm32g0xx_hal_exti.o(.text), (0 bytes).
    Removing stm32g0xx_hal_exti.o(.text.HAL_EXTI_SetConfigLine), (176 bytes).
    Removing stm32g0xx_hal_exti.o(.ARM.exidx.text.HAL_EXTI_SetConfigLine), (8 bytes).
    Removing stm32g0xx_hal_exti.o(.text.HAL_EXTI_GetConfigLine), (152 bytes).
    Removing stm32g0xx_hal_exti.o(.ARM.exidx.text.HAL_EXTI_GetConfigLine), (8 bytes).
    Removing stm32g0xx_hal_exti.o(.text.HAL_EXTI_ClearConfigLine), (116 bytes).
    Removing stm32g0xx_hal_exti.o(.ARM.exidx.text.HAL_EXTI_ClearConfigLine), (8 bytes).
    Removing stm32g0xx_hal_exti.o(.text.HAL_EXTI_RegisterCallback), (30 bytes).
    Removing stm32g0xx_hal_exti.o(.ARM.exidx.text.HAL_EXTI_RegisterCallback), (8 bytes).
    Removing stm32g0xx_hal_exti.o(.text.HAL_EXTI_GetHandle), (14 bytes).
    Removing stm32g0xx_hal_exti.o(.ARM.exidx.text.HAL_EXTI_GetHandle), (8 bytes).
    Removing stm32g0xx_hal_exti.o(.text.HAL_EXTI_IRQHandler), (68 bytes).
    Removing stm32g0xx_hal_exti.o(.ARM.exidx.text.HAL_EXTI_IRQHandler), (8 bytes).
    Removing stm32g0xx_hal_exti.o(.text.HAL_EXTI_GetPending), (40 bytes).
    Removing stm32g0xx_hal_exti.o(.ARM.exidx.text.HAL_EXTI_GetPending), (8 bytes).
    Removing stm32g0xx_hal_exti.o(.text.HAL_EXTI_ClearPending), (36 bytes).
    Removing stm32g0xx_hal_exti.o(.ARM.exidx.text.HAL_EXTI_ClearPending), (8 bytes).
    Removing stm32g0xx_hal_exti.o(.text.HAL_EXTI_GenerateSWI), (28 bytes).
    Removing stm32g0xx_hal_exti.o(.ARM.exidx.text.HAL_EXTI_GenerateSWI), (8 bytes).
    Removing stm32g0xx_hal_tim.o(.text), (0 bytes).
    Removing stm32g0xx_hal_tim_ex.o(.text), (0 bytes).
    Removing system_stm32g0xx.o(.text), (0 bytes).
    Removing system_stm32g0xx.o(.ARM.exidx.text.SystemInit), (8 bytes).
    Removing system_stm32g0xx.o(.text.SystemCoreClockUpdate), (140 bytes).
    Removing system_stm32g0xx.o(.ARM.exidx.text.SystemCoreClockUpdate), (8 bytes).
    Removing system_stm32g0xx.o(.rodata.APBPrescTable), (32 bytes).
    Removing segger_rtt.o(.text), (0 bytes).
    Removing segger_rtt.o(.text.SEGGER_RTT_ReadUpBufferNoLock), (136 bytes).
    Removing segger_rtt.o(.ARM.exidx.text.SEGGER_RTT_ReadUpBufferNoLock), (8 bytes).
    Removing segger_rtt.o(.ARM.exidx.text._DoInit), (8 bytes).
    Removing segger_rtt.o(.text.SEGGER_RTT_ReadNoLock), (136 bytes).
    Removing segger_rtt.o(.ARM.exidx.text.SEGGER_RTT_ReadNoLock), (8 bytes).
    Removing segger_rtt.o(.text.SEGGER_RTT_ReadUpBuffer), (26 bytes).
    Removing segger_rtt.o(.ARM.exidx.text.SEGGER_RTT_ReadUpBuffer), (8 bytes).
    Removing segger_rtt.o(.text.SEGGER_RTT_Read), (26 bytes).
    Removing segger_rtt.o(.ARM.exidx.text.SEGGER_RTT_Read), (8 bytes).
    Removing segger_rtt.o(.text.SEGGER_RTT_WriteWithOverwriteNoLock), (156 bytes).
    Removing segger_rtt.o(.ARM.exidx.text.SEGGER_RTT_WriteWithOverwriteNoLock), (8 bytes).
    Removing segger_rtt.o(.text.SEGGER_RTT_WriteSkipNoLock), (104 bytes).
    Removing segger_rtt.o(.ARM.exidx.text.SEGGER_RTT_WriteSkipNoLock), (8 bytes).
    Removing segger_rtt.o(.text.SEGGER_RTT_WriteDownBufferNoLock), (104 bytes).
    Removing segger_rtt.o(.ARM.exidx.text.SEGGER_RTT_WriteDownBufferNoLock), (8 bytes).
    Removing segger_rtt.o(.ARM.exidx.text._GetAvailWriteSpace), (8 bytes).
    Removing segger_rtt.o(.ARM.exidx.text._WriteNoCheck), (8 bytes).
    Removing segger_rtt.o(.ARM.exidx.text._WriteBlocking), (8 bytes).
    Removing segger_rtt.o(.ARM.exidx.text.SEGGER_RTT_WriteNoLock), (8 bytes).
    Removing segger_rtt.o(.text.SEGGER_RTT_WriteDownBuffer), (52 bytes).
    Removing segger_rtt.o(.ARM.exidx.text.SEGGER_RTT_WriteDownBuffer), (8 bytes).
    Removing segger_rtt.o(.ARM.exidx.text.SEGGER_RTT_Write), (8 bytes).
    Removing segger_rtt.o(.text.SEGGER_RTT_WriteString), (24 bytes).
    Removing segger_rtt.o(.ARM.exidx.text.SEGGER_RTT_WriteString), (8 bytes).
    Removing segger_rtt.o(.text.SEGGER_RTT_PutCharSkipNoLock), (48 bytes).
    Removing segger_rtt.o(.ARM.exidx.text.SEGGER_RTT_PutCharSkipNoLock), (8 bytes).
    Removing segger_rtt.o(.text.SEGGER_RTT_PutCharSkip), (76 bytes).
    Removing segger_rtt.o(.ARM.exidx.text.SEGGER_RTT_PutCharSkip), (8 bytes).
    Removing segger_rtt.o(.text.SEGGER_RTT_PutChar), (92 bytes).
    Removing segger_rtt.o(.ARM.exidx.text.SEGGER_RTT_PutChar), (8 bytes).
    Removing segger_rtt.o(.text.SEGGER_RTT_GetKey), (28 bytes).
    Removing segger_rtt.o(.ARM.exidx.text.SEGGER_RTT_GetKey), (8 bytes).
    Removing segger_rtt.o(.text.SEGGER_RTT_WaitKey), (12 bytes).
    Removing segger_rtt.o(.ARM.exidx.text.SEGGER_RTT_WaitKey), (8 bytes).
    Removing segger_rtt.o(.text.SEGGER_RTT_HasKey), (32 bytes).
    Removing segger_rtt.o(.ARM.exidx.text.SEGGER_RTT_HasKey), (8 bytes).
    Removing segger_rtt.o(.text.SEGGER_RTT_HasData), (20 bytes).
    Removing segger_rtt.o(.ARM.exidx.text.SEGGER_RTT_HasData), (8 bytes).
    Removing segger_rtt.o(.text.SEGGER_RTT_HasDataUp), (20 bytes).
    Removing segger_rtt.o(.ARM.exidx.text.SEGGER_RTT_HasDataUp), (8 bytes).
    Removing segger_rtt.o(.text.SEGGER_RTT_AllocDownBuffer), (96 bytes).
    Removing segger_rtt.o(.ARM.exidx.text.SEGGER_RTT_AllocDownBuffer), (8 bytes).
    Removing segger_rtt.o(.text.SEGGER_RTT_AllocUpBuffer), (96 bytes).
    Removing segger_rtt.o(.ARM.exidx.text.SEGGER_RTT_AllocUpBuffer), (8 bytes).
    Removing segger_rtt.o(.text.SEGGER_RTT_ConfigUpBuffer), (92 bytes).
    Removing segger_rtt.o(.ARM.exidx.text.SEGGER_RTT_ConfigUpBuffer), (8 bytes).
    Removing segger_rtt.o(.text.SEGGER_RTT_ConfigDownBuffer), (92 bytes).
    Removing segger_rtt.o(.ARM.exidx.text.SEGGER_RTT_ConfigDownBuffer), (8 bytes).
    Removing segger_rtt.o(.text.SEGGER_RTT_SetNameUpBuffer), (56 bytes).
    Removing segger_rtt.o(.ARM.exidx.text.SEGGER_RTT_SetNameUpBuffer), (8 bytes).
    Removing segger_rtt.o(.text.SEGGER_RTT_SetNameDownBuffer), (56 bytes).
    Removing segger_rtt.o(.ARM.exidx.text.SEGGER_RTT_SetNameDownBuffer), (8 bytes).
    Removing segger_rtt.o(.text.SEGGER_RTT_SetFlagsUpBuffer), (56 bytes).
    Removing segger_rtt.o(.ARM.exidx.text.SEGGER_RTT_SetFlagsUpBuffer), (8 bytes).
    Removing segger_rtt.o(.text.SEGGER_RTT_SetFlagsDownBuffer), (56 bytes).
    Removing segger_rtt.o(.ARM.exidx.text.SEGGER_RTT_SetFlagsDownBuffer), (8 bytes).
    Removing segger_rtt.o(.ARM.exidx.text.SEGGER_RTT_Init), (8 bytes).
    Removing segger_rtt.o(.text.SEGGER_RTT_SetTerminal), (128 bytes).
    Removing segger_rtt.o(.ARM.exidx.text.SEGGER_RTT_SetTerminal), (8 bytes).
    Removing segger_rtt.o(.text.SEGGER_RTT_TerminalOut), (176 bytes).
    Removing segger_rtt.o(.ARM.exidx.text.SEGGER_RTT_TerminalOut), (8 bytes).
    Removing segger_rtt.o(.text._PostTerminalSwitch), (36 bytes).
    Removing segger_rtt.o(.ARM.exidx.text._PostTerminalSwitch), (8 bytes).
    Removing segger_rtt.o(.text.SEGGER_RTT_GetAvailWriteSpace), (24 bytes).
    Removing segger_rtt.o(.ARM.exidx.text.SEGGER_RTT_GetAvailWriteSpace), (8 bytes).
    Removing segger_rtt.o(.text.SEGGER_RTT_GetBytesInBuffer), (32 bytes).
    Removing segger_rtt.o(.ARM.exidx.text.SEGGER_RTT_GetBytesInBuffer), (8 bytes).
    Removing segger_rtt.o(.rodata.cst16), (16 bytes).
    Removing segger_rtt.o(.bss._ActiveTerminal), (1 bytes).
    Removing segger_rtt_printf.o(.text), (0 bytes).
    Removing segger_rtt_printf.o(.ARM.exidx.text.SEGGER_RTT_vprintf), (8 bytes).
    Removing segger_rtt_printf.o(.ARM.exidx.text._StoreChar), (8 bytes).
    Removing segger_rtt_printf.o(.ARM.exidx.text._PrintUnsigned), (8 bytes).
    Removing segger_rtt_printf.o(.ARM.exidx.text.SEGGER_RTT_printf), (8 bytes).

511 unused section(s) (total 15367 bytes) removed from the image.

==============================================================================

Image Symbol Table

    Local Symbols

    Symbol Name                              Value     Ov Type        Size  Object(Section)

    ../clib/angel/boardlib.s                 0x00000000   Number         0  boardinit1.o ABSOLUTE
    ../clib/angel/boardlib.s                 0x00000000   Number         0  boardinit2.o ABSOLUTE
    ../clib/angel/boardlib.s                 0x00000000   Number         0  boardinit3.o ABSOLUTE
    ../clib/angel/boardlib.s                 0x00000000   Number         0  boardshut.o ABSOLUTE
    ../clib/angel/handlers.s                 0x00000000   Number         0  __scatter_copy.o ABSOLUTE
    ../clib/angel/handlers.s                 0x00000000   Number         0  __scatter_zi.o ABSOLUTE
    ../clib/angel/kernel.s                   0x00000000   Number         0  __rtentry.o ABSOLUTE
    ../clib/angel/kernel.s                   0x00000000   Number         0  __rtentry2.o ABSOLUTE
    ../clib/angel/kernel.s                   0x00000000   Number         0  __rtentry4.o ABSOLUTE
    ../clib/angel/kernel.s                   0x00000000   Number         0  rtexit.o ABSOLUTE
    ../clib/angel/kernel.s                   0x00000000   Number         0  rtexit2.o ABSOLUTE
    ../clib/angel/rt.s                       0x00000000   Number         0  aeabi_idiv0.o ABSOLUTE
    ../clib/angel/rt.s                       0x00000000   Number         0  aeabi_idiv0_sigfpe.o ABSOLUTE
    ../clib/angel/rt.s                       0x00000000   Number         0  rt_div0.o ABSOLUTE
    ../clib/angel/rt.s                       0x00000000   Number         0  rt_raise.o ABSOLUTE
    ../clib/angel/scatterp.s                 0x00000000   Number         0  __scatter.o ABSOLUTE
    ../clib/angel/startup.s                  0x00000000   Number         0  __main.o ABSOLUTE
    ../clib/angel/sys.s                      0x00000000   Number         0  sys_stackheap_outer.o ABSOLUTE
    ../clib/angel/sys.s                      0x00000000   Number         0  libspace.o ABSOLUTE
    ../clib/angel/sys.s                      0x00000000   Number         0  tempstk.o ABSOLUTE
    ../clib/angel/sys.s                      0x00000000   Number         0  use_no_semi.o ABSOLUTE
    ../clib/angel/sys.s                      0x00000000   Number         0  indicate_semi.o ABSOLUTE
    ../clib/angel/sysapp.c                   0x00000000   Number         0  sys_exit.o ABSOLUTE
    ../clib/angel/sysapp.c                   0x00000000   Number         0  sys_exit_hlt.o ABSOLUTE
    ../clib/angel/sysapp.c                   0x00000000   Number         0  sys_wrch.o ABSOLUTE
    ../clib/angel/sysapp.c                   0x00000000   Number         0  sys_wrch_hlt.o ABSOLUTE
    ../clib/angel/sysapp.c                   0x00000000   Number         0  sys_command.o ABSOLUTE
    ../clib/angel/sysapp.c                   0x00000000   Number         0  sys_command_hlt.o ABSOLUTE
    ../clib/armsys.c                         0x00000000   Number         0  argv_veneer.o ABSOLUTE
    ../clib/armsys.c                         0x00000000   Number         0  _get_argv_nomalloc.o ABSOLUTE
    ../clib/armsys.c                         0x00000000   Number         0  no_argv.o ABSOLUTE
    ../clib/division.s                       0x00000000   Number         0  aeabi_sdiv.o ABSOLUTE
    ../clib/division.s                       0x00000000   Number         0  aeabi_sdiv_div0.o ABSOLUTE
    ../clib/heapalloc.c                      0x00000000   Number         0  hrguard.o ABSOLUTE
    ../clib/heapaux.c                        0x00000000   Number         0  heapauxi.o ABSOLUTE
    ../clib/libinit.s                        0x00000000   Number         0  libinit.o ABSOLUTE
    ../clib/libinit.s                        0x00000000   Number         0  libinit2.o ABSOLUTE
    ../clib/libinit.s                        0x00000000   Number         0  libshutdown.o ABSOLUTE
    ../clib/libinit.s                        0x00000000   Number         0  libshutdown2.o ABSOLUTE
    ../clib/memcpset.c                       0x00000000   Number         0  rt_memcpy.o ABSOLUTE
    ../clib/memcpset.c                       0x00000000   Number         0  rt_memcpy.o ABSOLUTE
    ../clib/memcpset.c                       0x00000000   Number         0  rt_memclr.o ABSOLUTE
    ../clib/signal.c                         0x00000000   Number         0  defsig_fpe_outer.o ABSOLUTE
    ../clib/signal.c                         0x00000000   Number         0  defsig_fpe_formal.o ABSOLUTE
    ../clib/signal.c                         0x00000000   Number         0  defsig_exit.o ABSOLUTE
    ../clib/signal.c                         0x00000000   Number         0  defsig_fpe_inner.o ABSOLUTE
    ../clib/signal.c                         0x00000000   Number         0  __raise.o ABSOLUTE
    ../clib/signal.c                         0x00000000   Number         0  defsig_general.o ABSOLUTE
    ../clib/signal.c                         0x00000000   Number         0  defsig_abrt_inner.o ABSOLUTE
    ../clib/signal.c                         0x00000000   Number         0  defsig_rtred_inner.o ABSOLUTE
    ../clib/signal.c                         0x00000000   Number         0  defsig_rtmem_inner.o ABSOLUTE
    ../clib/signal.c                         0x00000000   Number         0  defsig_rtmem_outer.o ABSOLUTE
    ../clib/signal.c                         0x00000000   Number         0  defsig_rtmem_formal.o ABSOLUTE
    ../clib/signal.c                         0x00000000   Number         0  defsig_stak_inner.o ABSOLUTE
    ../clib/signal.c                         0x00000000   Number         0  defsig_pvfn_inner.o ABSOLUTE
    ../clib/signal.c                         0x00000000   Number         0  defsig_cppl_inner.o ABSOLUTE
    ../clib/signal.c                         0x00000000   Number         0  defsig_segv_inner.o ABSOLUTE
    ../clib/signal.c                         0x00000000   Number         0  defsig_other.o ABSOLUTE
    ../clib/signal.s                         0x00000000   Number         0  defsig.o ABSOLUTE
    ../clib/stdlib.c                         0x00000000   Number         0  exit.o ABSOLUTE
    ../clib/string.c                         0x00000000   Number         0  strlen.o ABSOLUTE
    ../fplib/cfplib/fpinit.c                 0x00000000   Number         0  fpinit.o ABSOLUTE
    SEGGER_RTT.c                             0x00000000   Number         0  segger_rtt.o ABSOLUTE
    SEGGER_RTT_printf.c                      0x00000000   Number         0  segger_rtt_printf.o ABSOLUTE
    TM1639.c                                 0x00000000   Number         0  tm1639.o ABSOLUTE
    adc.c                                    0x00000000   Number         0  adc.o ABSOLUTE
    dc.s                                     0x00000000   Number         0  dc.o ABSOLUTE
    dma.c                                    0x00000000   Number         0  dma.o ABSOLUTE
    gpio.c                                   0x00000000   Number         0  gpio.o ABSOLUTE
    main.c                                   0x00000000   Number         0  main.o ABSOLUTE
    startup_stm32g030xx.s                    0x00000000   Number         0  startup_stm32g030xx.o ABSOLUTE
    stm32g0xx_hal.c                          0x00000000   Number         0  stm32g0xx_hal.o ABSOLUTE
    stm32g0xx_hal_adc.c                      0x00000000   Number         0  stm32g0xx_hal_adc.o ABSOLUTE
    stm32g0xx_hal_adc_ex.c                   0x00000000   Number         0  stm32g0xx_hal_adc_ex.o ABSOLUTE
    stm32g0xx_hal_cortex.c                   0x00000000   Number         0  stm32g0xx_hal_cortex.o ABSOLUTE
    stm32g0xx_hal_dma.c                      0x00000000   Number         0  stm32g0xx_hal_dma.o ABSOLUTE
    stm32g0xx_hal_dma_ex.c                   0x00000000   Number         0  stm32g0xx_hal_dma_ex.o ABSOLUTE
    stm32g0xx_hal_exti.c                     0x00000000   Number         0  stm32g0xx_hal_exti.o ABSOLUTE
    stm32g0xx_hal_flash.c                    0x00000000   Number         0  stm32g0xx_hal_flash.o ABSOLUTE
    stm32g0xx_hal_flash_ex.c                 0x00000000   Number         0  stm32g0xx_hal_flash_ex.o ABSOLUTE
    stm32g0xx_hal_gpio.c                     0x00000000   Number         0  stm32g0xx_hal_gpio.o ABSOLUTE
    stm32g0xx_hal_msp.c                      0x00000000   Number         0  stm32g0xx_hal_msp.o ABSOLUTE
    stm32g0xx_hal_pwr.c                      0x00000000   Number         0  stm32g0xx_hal_pwr.o ABSOLUTE
    stm32g0xx_hal_pwr_ex.c                   0x00000000   Number         0  stm32g0xx_hal_pwr_ex.o ABSOLUTE
    stm32g0xx_hal_rcc.c                      0x00000000   Number         0  stm32g0xx_hal_rcc.o ABSOLUTE
    stm32g0xx_hal_rcc_ex.c                   0x00000000   Number         0  stm32g0xx_hal_rcc_ex.o ABSOLUTE
    stm32g0xx_hal_tim.c                      0x00000000   Number         0  stm32g0xx_hal_tim.o ABSOLUTE
    stm32g0xx_hal_tim_ex.c                   0x00000000   Number         0  stm32g0xx_hal_tim_ex.o ABSOLUTE
    stm32g0xx_it.c                           0x00000000   Number         0  stm32g0xx_it.o ABSOLUTE
    stm32g0xx_ll_adc.c                       0x00000000   Number         0  stm32g0xx_ll_adc.o ABSOLUTE
    stm32g0xx_ll_dma.c                       0x00000000   Number         0  stm32g0xx_ll_dma.o ABSOLUTE
    stm32g0xx_ll_rcc.c                       0x00000000   Number         0  stm32g0xx_ll_rcc.o ABSOLUTE
    system_stm32g0xx.c                       0x00000000   Number         0  system_stm32g0xx.o ABSOLUTE
    RESET                                    0x08000000   Section      192  startup_stm32g030xx.o(RESET)
    !!!main                                  0x080000c0   Section        8  __main.o(!!!main)
    !!!scatter                               0x080000c8   Section       84  __scatter.o(!!!scatter)
    !!handler_copy                           0x0800011c   Section       26  __scatter_copy.o(!!handler_copy)
    !!handler_null                           0x08000138   Section        2  __scatter.o(!!handler_null)
    !!handler_zi                             0x0800013c   Section       28  __scatter_zi.o(!!handler_zi)
    .ARM.Collect$$libinit$$00000000          0x08000158   Section        2  libinit.o(.ARM.Collect$$libinit$$00000000)
    .ARM.Collect$$libinit$$00000002          0x0800015a   Section        0  libinit2.o(.ARM.Collect$$libinit$$00000002)
    .ARM.Collect$$libinit$$00000004          0x0800015a   Section        0  libinit2.o(.ARM.Collect$$libinit$$00000004)
    .ARM.Collect$$libinit$$00000006          0x0800015a   Section        0  libinit2.o(.ARM.Collect$$libinit$$00000006)
    .ARM.Collect$$libinit$$0000000C          0x0800015a   Section        0  libinit2.o(.ARM.Collect$$libinit$$0000000C)
    .ARM.Collect$$libinit$$0000000E          0x0800015a   Section        0  libinit2.o(.ARM.Collect$$libinit$$0000000E)
    .ARM.Collect$$libinit$$00000010          0x0800015a   Section        0  libinit2.o(.ARM.Collect$$libinit$$00000010)
    .ARM.Collect$$libinit$$00000013          0x0800015a   Section        0  libinit2.o(.ARM.Collect$$libinit$$00000013)
    .ARM.Collect$$libinit$$00000015          0x0800015a   Section        0  libinit2.o(.ARM.Collect$$libinit$$00000015)
    .ARM.Collect$$libinit$$00000017          0x0800015a   Section        0  libinit2.o(.ARM.Collect$$libinit$$00000017)
    .ARM.Collect$$libinit$$00000019          0x0800015a   Section        0  libinit2.o(.ARM.Collect$$libinit$$00000019)
    .ARM.Collect$$libinit$$0000001B          0x0800015a   Section        0  libinit2.o(.ARM.Collect$$libinit$$0000001B)
    .ARM.Collect$$libinit$$0000001D          0x0800015a   Section        0  libinit2.o(.ARM.Collect$$libinit$$0000001D)
    .ARM.Collect$$libinit$$0000001F          0x0800015a   Section        0  libinit2.o(.ARM.Collect$$libinit$$0000001F)
    .ARM.Collect$$libinit$$00000021          0x0800015a   Section        0  libinit2.o(.ARM.Collect$$libinit$$00000021)
    .ARM.Collect$$libinit$$00000023          0x0800015a   Section        0  libinit2.o(.ARM.Collect$$libinit$$00000023)
    .ARM.Collect$$libinit$$00000025          0x0800015a   Section        0  libinit2.o(.ARM.Collect$$libinit$$00000025)
    .ARM.Collect$$libinit$$00000027          0x0800015a   Section        0  libinit2.o(.ARM.Collect$$libinit$$00000027)
    .ARM.Collect$$libinit$$0000002E          0x0800015a   Section        0  libinit2.o(.ARM.Collect$$libinit$$0000002E)
    .ARM.Collect$$libinit$$00000030          0x0800015a   Section        0  libinit2.o(.ARM.Collect$$libinit$$00000030)
    .ARM.Collect$$libinit$$00000032          0x0800015a   Section        0  libinit2.o(.ARM.Collect$$libinit$$00000032)
    .ARM.Collect$$libinit$$00000034          0x0800015a   Section        0  libinit2.o(.ARM.Collect$$libinit$$00000034)
    .ARM.Collect$$libinit$$00000035          0x0800015a   Section        2  libinit2.o(.ARM.Collect$$libinit$$00000035)
    .ARM.Collect$$libshutdown$$00000000      0x0800015c   Section        2  libshutdown.o(.ARM.Collect$$libshutdown$$00000000)
    .ARM.Collect$$libshutdown$$00000002      0x0800015e   Section        0  libshutdown2.o(.ARM.Collect$$libshutdown$$00000002)
    .ARM.Collect$$libshutdown$$00000004      0x0800015e   Section        0  libshutdown2.o(.ARM.Collect$$libshutdown$$00000004)
    .ARM.Collect$$libshutdown$$00000007      0x0800015e   Section        0  libshutdown2.o(.ARM.Collect$$libshutdown$$00000007)
    .ARM.Collect$$libshutdown$$0000000A      0x0800015e   Section        0  libshutdown2.o(.ARM.Collect$$libshutdown$$0000000A)
    .ARM.Collect$$libshutdown$$0000000C      0x0800015e   Section        0  libshutdown2.o(.ARM.Collect$$libshutdown$$0000000C)
    .ARM.Collect$$libshutdown$$0000000F      0x0800015e   Section        0  libshutdown2.o(.ARM.Collect$$libshutdown$$0000000F)
    .ARM.Collect$$libshutdown$$00000010      0x0800015e   Section        2  libshutdown2.o(.ARM.Collect$$libshutdown$$00000010)
    .ARM.Collect$$rtentry$$00000000          0x08000160   Section        0  __rtentry.o(.ARM.Collect$$rtentry$$00000000)
    .ARM.Collect$$rtentry$$00000002          0x08000160   Section        0  __rtentry2.o(.ARM.Collect$$rtentry$$00000002)
    .ARM.Collect$$rtentry$$00000004          0x08000160   Section        6  __rtentry4.o(.ARM.Collect$$rtentry$$00000004)
    .ARM.Collect$$rtentry$$00000009          0x08000166   Section        0  __rtentry2.o(.ARM.Collect$$rtentry$$00000009)
    .ARM.Collect$$rtentry$$0000000A          0x08000166   Section        4  __rtentry2.o(.ARM.Collect$$rtentry$$0000000A)
    .ARM.Collect$$rtentry$$0000000C          0x0800016a   Section        0  __rtentry2.o(.ARM.Collect$$rtentry$$0000000C)
    .ARM.Collect$$rtentry$$0000000D          0x0800016a   Section        8  __rtentry2.o(.ARM.Collect$$rtentry$$0000000D)
    .ARM.Collect$$rtexit$$00000000           0x08000172   Section        2  rtexit.o(.ARM.Collect$$rtexit$$00000000)
    .ARM.Collect$$rtexit$$00000002           0x08000174   Section        0  rtexit2.o(.ARM.Collect$$rtexit$$00000002)
    .ARM.Collect$$rtexit$$00000003           0x08000174   Section        4  rtexit2.o(.ARM.Collect$$rtexit$$00000003)
    .ARM.Collect$$rtexit$$00000004           0x08000178   Section        6  rtexit2.o(.ARM.Collect$$rtexit$$00000004)
    .emb_text                                0x08000180   Section       56  rt_memcpy.o(.emb_text)
    .text                                    0x080001b8   Section       56  startup_stm32g030xx.o(.text)
    .text                                    0x080001f0   Section        0  rt_memcpy.o(.text)
    .text                                    0x08000272   Section        0  rt_memclr.o(.text)
    .text                                    0x080002b4   Section      364  aeabi_sdiv.o(.text)
    .text                                    0x08000420   Section        0  heapauxi.o(.text)
    .text                                    0x08000426   Section       62  sys_stackheap_outer.o(.text)
    .text                                    0x08000464   Section        0  exit.o(.text)
    .text                                    0x08000474   Section        8  libspace.o(.text)
    .text                                    0x0800047c   Section        0  sys_exit.o(.text)
    .text                                    0x08000488   Section        2  use_no_semi.o(.text)
    .text                                    0x0800048a   Section        0  indicate_semi.o(.text)
    [Anonymous Symbol]                       0x0800048c   Section        0  stm32g0xx_it.o(.text.DMA1_Channel1_IRQHandler)
    __arm_cp.6_0                             0x08000498   Number         4  stm32g0xx_it.o(.text.DMA1_Channel1_IRQHandler)
    DMA_CalcDMAMUXChannelBaseAndMask         0x0800049d   Thumb Code    48  stm32g0xx_hal_dma.o(.text.DMA_CalcDMAMUXChannelBaseAndMask)
    [Anonymous Symbol]                       0x0800049c   Section        0  stm32g0xx_hal_dma.o(.text.DMA_CalcDMAMUXChannelBaseAndMask)
    __arm_cp.1_0                             0x080004cc   Number         4  stm32g0xx_hal_dma.o(.text.DMA_CalcDMAMUXChannelBaseAndMask)
    DMA_CalcDMAMUXRequestGenBaseAndMask      0x080004d1   Thumb Code    36  stm32g0xx_hal_dma.o(.text.DMA_CalcDMAMUXRequestGenBaseAndMask)
    [Anonymous Symbol]                       0x080004d0   Section        0  stm32g0xx_hal_dma.o(.text.DMA_CalcDMAMUXRequestGenBaseAndMask)
    __arm_cp.2_0                             0x080004f4   Number         4  stm32g0xx_hal_dma.o(.text.DMA_CalcDMAMUXRequestGenBaseAndMask)
    [Anonymous Symbol]                       0x080004f8   Section        0  stm32g0xx_it.o(.text.EXTI4_15_IRQHandler)
    [Anonymous Symbol]                       0x08000504   Section        0  main.o(.text.Error_Handler)
    [Anonymous Symbol]                       0x0800050c   Section        0  stm32g0xx_hal_adc.o(.text.HAL_ADC_ConfigChannel)
    __arm_cp.24_0                            0x0800074c   Number         4  stm32g0xx_hal_adc.o(.text.HAL_ADC_ConfigChannel)
    __arm_cp.24_1                            0x08000750   Number         4  stm32g0xx_hal_adc.o(.text.HAL_ADC_ConfigChannel)
    __arm_cp.24_2                            0x08000754   Number         4  stm32g0xx_hal_adc.o(.text.HAL_ADC_ConfigChannel)
    __arm_cp.24_4                            0x08000758   Number         4  stm32g0xx_hal_adc.o(.text.HAL_ADC_ConfigChannel)
    __arm_cp.24_5                            0x0800075c   Number         4  stm32g0xx_hal_adc.o(.text.HAL_ADC_ConfigChannel)
    __arm_cp.24_6                            0x08000760   Number         4  stm32g0xx_hal_adc.o(.text.HAL_ADC_ConfigChannel)
    [Anonymous Symbol]                       0x08000764   Section        0  stm32g0xx_hal_adc.o(.text.HAL_ADC_Init)
    __arm_cp.0_0                             0x08000968   Number         4  stm32g0xx_hal_adc.o(.text.HAL_ADC_Init)
    __arm_cp.0_1                             0x0800096c   Number         4  stm32g0xx_hal_adc.o(.text.HAL_ADC_Init)
    __arm_cp.0_2                             0x08000970   Number         4  stm32g0xx_hal_adc.o(.text.HAL_ADC_Init)
    __arm_cp.0_3                             0x08000974   Number         4  stm32g0xx_hal_adc.o(.text.HAL_ADC_Init)
    __arm_cp.0_4                             0x08000978   Number         4  stm32g0xx_hal_adc.o(.text.HAL_ADC_Init)
    __arm_cp.0_5                             0x0800097c   Number         4  stm32g0xx_hal_adc.o(.text.HAL_ADC_Init)
    __arm_cp.0_6                             0x08000980   Number         4  stm32g0xx_hal_adc.o(.text.HAL_ADC_Init)
    [Anonymous Symbol]                       0x08000984   Section        0  adc.o(.text.HAL_ADC_MspInit)
    __arm_cp.1_0                             0x08000a08   Number         4  adc.o(.text.HAL_ADC_MspInit)
    __arm_cp.1_1                             0x08000a0c   Number         4  adc.o(.text.HAL_ADC_MspInit)
    __arm_cp.1_2                             0x08000a10   Number         4  adc.o(.text.HAL_ADC_MspInit)
    __arm_cp.1_3                             0x08000a14   Number         4  adc.o(.text.HAL_ADC_MspInit)
    [Anonymous Symbol]                       0x08000a18   Section        0  stm32g0xx_hal_dma.o(.text.HAL_DMA_IRQHandler)
    __arm_cp.10_0                            0x08000ab4   Number         4  stm32g0xx_hal_dma.o(.text.HAL_DMA_IRQHandler)
    [Anonymous Symbol]                       0x08000ab8   Section        0  stm32g0xx_hal_dma.o(.text.HAL_DMA_Init)
    __arm_cp.0_0                             0x08000b60   Number         4  stm32g0xx_hal_dma.o(.text.HAL_DMA_Init)
    __arm_cp.0_1                             0x08000b64   Number         4  stm32g0xx_hal_dma.o(.text.HAL_DMA_Init)
    [Anonymous Symbol]                       0x08000b68   Section        0  stm32g0xx_hal.o(.text.HAL_Delay)
    [Anonymous Symbol]                       0x08000b88   Section        0  stm32g0xx_hal_gpio.o(.text.HAL_GPIO_EXTI_Falling_Callback)
    [Anonymous Symbol]                       0x08000b8c   Section        0  stm32g0xx_hal_gpio.o(.text.HAL_GPIO_EXTI_IRQHandler)
    __arm_cp.6_0                             0x08000bb0   Number         4  stm32g0xx_hal_gpio.o(.text.HAL_GPIO_EXTI_IRQHandler)
    [Anonymous Symbol]                       0x08000bb4   Section        0  stm32g0xx_hal_gpio.o(.text.HAL_GPIO_EXTI_Rising_Callback)
    [Anonymous Symbol]                       0x08000bb8   Section        0  stm32g0xx_hal_gpio.o(.text.HAL_GPIO_Init)
    __arm_cp.0_0                             0x08000d30   Number         4  stm32g0xx_hal_gpio.o(.text.HAL_GPIO_Init)
    __arm_cp.0_1                             0x08000d34   Number         4  stm32g0xx_hal_gpio.o(.text.HAL_GPIO_Init)
    __arm_cp.0_2                             0x08000d38   Number         4  stm32g0xx_hal_gpio.o(.text.HAL_GPIO_Init)
    __arm_cp.0_3                             0x08000d3c   Number         4  stm32g0xx_hal_gpio.o(.text.HAL_GPIO_Init)
    __arm_cp.0_4                             0x08000d40   Number         4  stm32g0xx_hal_gpio.o(.text.HAL_GPIO_Init)
    [Anonymous Symbol]                       0x08000d44   Section        0  stm32g0xx_hal_gpio.o(.text.HAL_GPIO_ReadPin)
    [Anonymous Symbol]                       0x08000d4e   Section        0  stm32g0xx_hal_gpio.o(.text.HAL_GPIO_WritePin)
    [Anonymous Symbol]                       0x08000d5c   Section        0  stm32g0xx_hal.o(.text.HAL_GetTick)
    [Anonymous Symbol]                       0x08000d64   Section        0  stm32g0xx_hal.o(.text.HAL_IncTick)
    __arm_cp.5_1                             0x08000d74   Number         4  stm32g0xx_hal.o(.text.HAL_IncTick)
    [Anonymous Symbol]                       0x08000d78   Section        0  stm32g0xx_hal.o(.text.HAL_Init)
    [Anonymous Symbol]                       0x08000d9c   Section        0  stm32g0xx_hal.o(.text.HAL_InitTick)
    __arm_cp.1_0                             0x08000ddc   Number         4  stm32g0xx_hal.o(.text.HAL_InitTick)
    [Anonymous Symbol]                       0x08000de0   Section        0  stm32g0xx_hal_msp.o(.text.HAL_MspInit)
    __arm_cp.0_0                             0x08000e08   Number         4  stm32g0xx_hal_msp.o(.text.HAL_MspInit)
    [Anonymous Symbol]                       0x08000e0c   Section        0  stm32g0xx_hal_cortex.o(.text.HAL_NVIC_EnableIRQ)
    __arm_cp.2_0                             0x08000e20   Number         4  stm32g0xx_hal_cortex.o(.text.HAL_NVIC_EnableIRQ)
    [Anonymous Symbol]                       0x08000e24   Section        0  stm32g0xx_hal_cortex.o(.text.HAL_NVIC_SetPriority)
    [Anonymous Symbol]                       0x08000e2c   Section        0  stm32g0xx_hal_pwr_ex.o(.text.HAL_PWREx_ControlVoltageScaling)
    __arm_cp.13_0                            0x08000e68   Number         4  stm32g0xx_hal_pwr_ex.o(.text.HAL_PWREx_ControlVoltageScaling)
    __arm_cp.13_2                            0x08000e6c   Number         4  stm32g0xx_hal_pwr_ex.o(.text.HAL_PWREx_ControlVoltageScaling)
    [Anonymous Symbol]                       0x08000e70   Section        0  stm32g0xx_hal_rcc.o(.text.HAL_RCC_ClockConfig)
    __arm_cp.2_0                             0x08000fcc   Number         4  stm32g0xx_hal_rcc.o(.text.HAL_RCC_ClockConfig)
    __arm_cp.2_1                             0x08000fd0   Number         4  stm32g0xx_hal_rcc.o(.text.HAL_RCC_ClockConfig)
    __arm_cp.2_3                             0x08000fd4   Number         4  stm32g0xx_hal_rcc.o(.text.HAL_RCC_ClockConfig)
    __arm_cp.2_4                             0x08000fd8   Number         4  stm32g0xx_hal_rcc.o(.text.HAL_RCC_ClockConfig)
    __arm_cp.2_5                             0x08000fdc   Number         4  stm32g0xx_hal_rcc.o(.text.HAL_RCC_ClockConfig)
    [Anonymous Symbol]                       0x08000fe0   Section        0  stm32g0xx_hal_rcc.o(.text.HAL_RCC_GetSysClockFreq)
    __arm_cp.3_0                             0x0800105c   Number         4  stm32g0xx_hal_rcc.o(.text.HAL_RCC_GetSysClockFreq)
    __arm_cp.3_1                             0x08001060   Number         4  stm32g0xx_hal_rcc.o(.text.HAL_RCC_GetSysClockFreq)
    __arm_cp.3_2                             0x08001064   Number         4  stm32g0xx_hal_rcc.o(.text.HAL_RCC_GetSysClockFreq)
    [Anonymous Symbol]                       0x08001068   Section        0  stm32g0xx_hal_rcc.o(.text.HAL_RCC_OscConfig)
    __arm_cp.1_0                             0x0800144c   Number         4  stm32g0xx_hal_rcc.o(.text.HAL_RCC_OscConfig)
    __arm_cp.1_1                             0x08001450   Number         4  stm32g0xx_hal_rcc.o(.text.HAL_RCC_OscConfig)
    __arm_cp.1_2                             0x08001454   Number         4  stm32g0xx_hal_rcc.o(.text.HAL_RCC_OscConfig)
    __arm_cp.1_3                             0x08001458   Number         4  stm32g0xx_hal_rcc.o(.text.HAL_RCC_OscConfig)
    __arm_cp.1_4                             0x0800145c   Number         4  stm32g0xx_hal_rcc.o(.text.HAL_RCC_OscConfig)
    __arm_cp.1_5                             0x08001460   Number         4  stm32g0xx_hal_rcc.o(.text.HAL_RCC_OscConfig)
    __arm_cp.1_6                             0x08001464   Number         4  stm32g0xx_hal_rcc.o(.text.HAL_RCC_OscConfig)
    __arm_cp.1_7                             0x08001468   Number         4  stm32g0xx_hal_rcc.o(.text.HAL_RCC_OscConfig)
    [Anonymous Symbol]                       0x0800146c   Section        0  stm32g0xx_hal_cortex.o(.text.HAL_SYSTICK_Config)
    __arm_cp.6_0                             0x08001494   Number         4  stm32g0xx_hal_cortex.o(.text.HAL_SYSTICK_Config)
    __arm_cp.6_1                             0x08001498   Number         4  stm32g0xx_hal_cortex.o(.text.HAL_SYSTICK_Config)
    __arm_cp.6_2                             0x0800149c   Number         4  stm32g0xx_hal_cortex.o(.text.HAL_SYSTICK_Config)
    [Anonymous Symbol]                       0x080014a0   Section        0  stm32g0xx_it.o(.text.HardFault_Handler)
    [Anonymous Symbol]                       0x080014a4   Section        0  adc.o(.text.MX_ADC1_Init)
    __arm_cp.0_0                             0x08001508   Number         4  adc.o(.text.MX_ADC1_Init)
    __arm_cp.0_1                             0x0800150c   Number         4  adc.o(.text.MX_ADC1_Init)
    __arm_cp.0_2                             0x08001510   Number         4  adc.o(.text.MX_ADC1_Init)
    [Anonymous Symbol]                       0x08001514   Section        0  dma.o(.text.MX_DMA_Init)
    __arm_cp.0_0                             0x0800153c   Number         4  dma.o(.text.MX_DMA_Init)
    [Anonymous Symbol]                       0x08001540   Section        0  gpio.o(.text.MX_GPIO_Init)
    __arm_cp.0_0                             0x08001640   Number         4  gpio.o(.text.MX_GPIO_Init)
    __arm_cp.0_1                             0x08001644   Number         4  gpio.o(.text.MX_GPIO_Init)
    __arm_cp.0_2                             0x08001648   Number         4  gpio.o(.text.MX_GPIO_Init)
    __arm_cp.0_3                             0x0800164c   Number         4  gpio.o(.text.MX_GPIO_Init)
    __arm_cp.0_4                             0x08001650   Number         4  gpio.o(.text.MX_GPIO_Init)
    __arm_cp.0_5                             0x08001654   Number         4  gpio.o(.text.MX_GPIO_Init)
    __arm_cp.0_6                             0x08001658   Number         4  gpio.o(.text.MX_GPIO_Init)
    __arm_cp.0_7                             0x0800165c   Number         4  gpio.o(.text.MX_GPIO_Init)
    [Anonymous Symbol]                       0x08001660   Section        0  stm32g0xx_it.o(.text.NMI_Handler)
    [Anonymous Symbol]                       0x08001662   Section        0  stm32g0xx_it.o(.text.PendSV_Handler)
    [Anonymous Symbol]                       0x08001664   Section        0  segger_rtt.o(.text.SEGGER_RTT_Init)
    [Anonymous Symbol]                       0x0800166c   Section        0  segger_rtt.o(.text.SEGGER_RTT_Write)
    [Anonymous Symbol]                       0x0800169c   Section        0  segger_rtt.o(.text.SEGGER_RTT_WriteNoLock)
    __arm_cp.11_0                            0x08001700   Number         4  segger_rtt.o(.text.SEGGER_RTT_WriteNoLock)
    [Anonymous Symbol]                       0x08001704   Section        0  segger_rtt_printf.o(.text.SEGGER_RTT_printf)
    [Anonymous Symbol]                       0x08001720   Section        0  segger_rtt_printf.o(.text.SEGGER_RTT_vprintf)
    [Anonymous Symbol]                       0x080019a8   Section        0  stm32g0xx_it.o(.text.SVC_Handler)
    [Anonymous Symbol]                       0x080019aa   Section        0  stm32g0xx_it.o(.text.SysTick_Handler)
    [Anonymous Symbol]                       0x080019b2   Section        0  main.o(.text.SystemClock_Config)
    [Anonymous Symbol]                       0x08001a1e   Section        0  system_stm32g0xx.o(.text.SystemInit)
    [Anonymous Symbol]                       0x08001a20   Section        0  tm1639.o(.text.TM1639_Clear)
    [Anonymous Symbol]                       0x08001a46   Section        0  tm1639.o(.text.TM1639_Init)
    [Anonymous Symbol]                       0x08001a74   Section        0  tm1639.o(.text.TM1639_PowerCtrl)
    [Anonymous Symbol]                       0x08001a88   Section        0  tm1639.o(.text.TM1639_ReadKey)
    __arm_cp.10_0                            0x08001b30   Number         4  tm1639.o(.text.TM1639_ReadKey)
    __arm_cp.10_1                            0x08001b34   Number         4  tm1639.o(.text.TM1639_ReadKey)
    TM1639_WriteByte                         0x08001b39   Thumb Code    54  tm1639.o(.text.TM1639_WriteByte)
    [Anonymous Symbol]                       0x08001b38   Section        0  tm1639.o(.text.TM1639_WriteByte)
    TM1639_WriteCmd                          0x08001b6f   Thumb Code    24  tm1639.o(.text.TM1639_WriteCmd)
    [Anonymous Symbol]                       0x08001b6e   Section        0  tm1639.o(.text.TM1639_WriteCmd)
    _DoInit                                  0x08001b89   Thumb Code    76  segger_rtt.o(.text._DoInit)
    [Anonymous Symbol]                       0x08001b88   Section        0  segger_rtt.o(.text._DoInit)
    __arm_cp.1_0                             0x08001bd4   Number         4  segger_rtt.o(.text._DoInit)
    __arm_cp.1_1                             0x08001bd8   Number         4  segger_rtt.o(.text._DoInit)
    __arm_cp.1_2                             0x08001bdc   Number         4  segger_rtt.o(.text._DoInit)
    __arm_cp.1_3                             0x08001be0   Number         4  segger_rtt.o(.text._DoInit)
    __arm_cp.1_4                             0x08001be4   Number         4  segger_rtt.o(.text._DoInit)
    _GetAvailWriteSpace                      0x08001be9   Thumb Code    22  segger_rtt.o(.text._GetAvailWriteSpace)
    [Anonymous Symbol]                       0x08001be8   Section        0  segger_rtt.o(.text._GetAvailWriteSpace)
    _PrintUnsigned                           0x08001c01   Thumb Code   244  segger_rtt_printf.o(.text._PrintUnsigned)
    [Anonymous Symbol]                       0x08001c00   Section        0  segger_rtt_printf.o(.text._PrintUnsigned)
    _PrintUnsigned._aV2C                     0x08001cf4   Number         0  segger_rtt_printf.o(.text._PrintUnsigned)
    _StoreChar                               0x08001d05   Thumb Code    64  segger_rtt_printf.o(.text._StoreChar)
    [Anonymous Symbol]                       0x08001d04   Section        0  segger_rtt_printf.o(.text._StoreChar)
    _WriteBlocking                           0x08001d45   Thumb Code    92  segger_rtt.o(.text._WriteBlocking)
    [Anonymous Symbol]                       0x08001d44   Section        0  segger_rtt.o(.text._WriteBlocking)
    _WriteNoCheck                            0x08001da1   Thumb Code    54  segger_rtt.o(.text._WriteNoCheck)
    [Anonymous Symbol]                       0x08001da0   Section        0  segger_rtt.o(.text._WriteNoCheck)
    __NVIC_SetPriority                       0x08001dd9   Thumb Code    48  stm32g0xx_hal_cortex.o(.text.__NVIC_SetPriority)
    [Anonymous Symbol]                       0x08001dd8   Section        0  stm32g0xx_hal_cortex.o(.text.__NVIC_SetPriority)
    __arm_cp.1_0                             0x08001e08   Number         4  stm32g0xx_hal_cortex.o(.text.__NVIC_SetPriority)
    __arm_cp.1_1                             0x08001e0c   Number         4  stm32g0xx_hal_cortex.o(.text.__NVIC_SetPriority)
    get_data_pin                             0x08001e11   Thumb Code    14  tm1639.o(.text.get_data_pin)
    [Anonymous Symbol]                       0x08001e10   Section        0  tm1639.o(.text.get_data_pin)
    [Anonymous Symbol]                       0x08001e20   Section        0  main.o(.text.main)
    __arm_cp.0_0                             0x08001ec0   Number         4  main.o(.text.main)
    __arm_cp.0_2                             0x08001ef4   Number         4  main.o(.text.main)
    __arm_cp.0_3                             0x08001ef8   Number         4  main.o(.text.main)
    __arm_cp.0_4                             0x08001efc   Number         4  main.o(.text.main)
    __arm_cp.0_6                             0x08001f1c   Number         4  main.o(.text.main)
    __arm_cp.0_8                             0x08001f38   Number         4  main.o(.text.main)
    __arm_cp.0_9                             0x08001f3c   Number         4  main.o(.text.main)
    __arm_cp.0_10                            0x08001f40   Number         4  main.o(.text.main)
    [Anonymous Symbol]                       0x08001f68   Section        0  tm1639.o(.text.parse_key_status)
    set_clk_pin                              0x08001f73   Thumb Code    16  tm1639.o(.text.set_clk_pin)
    [Anonymous Symbol]                       0x08001f72   Section        0  tm1639.o(.text.set_clk_pin)
    set_data_pin_mode                        0x08001f83   Thumb Code    38  tm1639.o(.text.set_data_pin_mode)
    [Anonymous Symbol]                       0x08001f82   Section        0  tm1639.o(.text.set_data_pin_mode)
    set_strobe_pin                           0x08001fa9   Thumb Code    16  tm1639.o(.text.set_strobe_pin)
    [Anonymous Symbol]                       0x08001fa8   Section        0  tm1639.o(.text.set_strobe_pin)
    _DoInit._aInitStr                        0x08001ff8   Data          17  segger_rtt.o(.rodata._DoInit._aInitStr)
    [Anonymous Symbol]                       0x08001ff8   Section        0  segger_rtt.o(.rodata._DoInit._aInitStr)
    key_mask                                 0x0800200a   Data          10  tm1639.o(.rodata.key_mask)
    [Anonymous Symbol]                       0x0800200a   Section        0  tm1639.o(.rodata.key_mask)
    [Anonymous Symbol]                       0x08002014   Section        0  main.o(.rodata.str1.1)
    [Anonymous Symbol]                       0x08002027   Section        0  segger_rtt.o(.rodata.str1.1)
    [Anonymous Symbol]                       0x20000000   Section        0  main.o(.data..L_MergedGlobals)
    [Anonymous Symbol]                       0x20000004   Section        0  stm32g0xx_hal.o(.data..L_MergedGlobals)
    .bss                                     0x20000010   Section       96  libspace.o(.bss)
    _acDownBuffer                            0x20000118   Data          16  segger_rtt.o(.bss._acDownBuffer)
    [Anonymous Symbol]                       0x20000118   Section        0  segger_rtt.o(.bss._acDownBuffer)
    _acUpBuffer                              0x20000128   Data        1024  segger_rtt.o(.bss._acUpBuffer)
    [Anonymous Symbol]                       0x20000128   Section        0  segger_rtt.o(.bss._acUpBuffer)
    Heap_Mem                                 0x200005f8   Data         512  startup_stm32g030xx.o(HEAP)
    HEAP                                     0x200005f8   Section      512  startup_stm32g030xx.o(HEAP)
    Stack_Mem                                0x200007f8   Data        1024  startup_stm32g030xx.o(STACK)
    STACK                                    0x200007f8   Section     1024  startup_stm32g030xx.o(STACK)
    __initial_sp                             0x20000bf8   Data           0  startup_stm32g030xx.o(STACK)

    Global Symbols

    Symbol Name                              Value     Ov Type        Size  Object(Section)

    BuildAttributes$$THM_ISAv3M$S$PE$A:L22$X:L11$S22$IEEE1$IW$~IW$USESV6$~STKCKD$USESV7$~SHL$OSPACE$ROPI$EBA8$UX$STANDARDLIB$REQ8$PRES8$EABIv2 0x00000000   Number         0  anon$$obj.o ABSOLUTE
    __ARM_exceptions_init                     - Undefined Weak Reference
    __alloca_initialize                       - Undefined Weak Reference
    __arm_preinit_                            - Undefined Weak Reference
    __arm_relocate_pie_                       - Undefined Weak Reference
    __cpp_initialize__aeabi_                  - Undefined Weak Reference
    __cxa_finalize                            - Undefined Weak Reference
    __rt_locale                               - Undefined Weak Reference
    __sigvec_lookup                           - Undefined Weak Reference
    _atexit_init                              - Undefined Weak Reference
    _call_atexit_fns                          - Undefined Weak Reference
    _clock_init                               - Undefined Weak Reference
    _fp_trap_init                             - Undefined Weak Reference
    _fp_trap_shutdown                         - Undefined Weak Reference
    _get_lc_collate                           - Undefined Weak Reference
    _get_lc_ctype                             - Undefined Weak Reference
    _get_lc_monetary                          - Undefined Weak Reference
    _get_lc_numeric                           - Undefined Weak Reference
    _get_lc_time                              - Undefined Weak Reference
    _getenv_init                              - Undefined Weak Reference
    _handle_redirection                       - Undefined Weak Reference
    _init_alloc                               - Undefined Weak Reference
    _init_user_alloc                          - Undefined Weak Reference
    _initio                                   - Undefined Weak Reference
    _rand_init                                - Undefined Weak Reference
    _signal_finish                            - Undefined Weak Reference
    _signal_init                              - Undefined Weak Reference
    _terminate_alloc                          - Undefined Weak Reference
    _terminate_user_alloc                     - Undefined Weak Reference
    _terminateio                              - Undefined Weak Reference
    __Vectors_Size                           0x000000c0   Number         0  startup_stm32g030xx.o ABSOLUTE
    __Vectors                                0x08000000   Data           4  startup_stm32g030xx.o(RESET)
    __Vectors_End                            0x080000c0   Data           0  startup_stm32g030xx.o(RESET)
    __main                                   0x080000c1   Thumb Code     8  __main.o(!!!main)
    __scatterload                            0x080000c9   Thumb Code     0  __scatter.o(!!!scatter)
    __scatterload_rt2                        0x080000c9   Thumb Code    74  __scatter.o(!!!scatter)
    __scatterload_rt2_thumb_only             0x080000c9   Thumb Code     0  __scatter.o(!!!scatter)
    __scatterload_loop                       0x080000d3   Thumb Code     0  __scatter.o(!!!scatter)
    __scatterload_copy                       0x0800011d   Thumb Code    26  __scatter_copy.o(!!handler_copy)
    __scatterload_null                       0x08000139   Thumb Code     2  __scatter.o(!!handler_null)
    __scatterload_zeroinit                   0x0800013d   Thumb Code    28  __scatter_zi.o(!!handler_zi)
    __rt_lib_init                            0x08000159   Thumb Code     0  libinit.o(.ARM.Collect$$libinit$$00000000)
    __rt_lib_init_alloca_1                   0x0800015b   Thumb Code     0  libinit2.o(.ARM.Collect$$libinit$$00000030)
    __rt_lib_init_argv_1                     0x0800015b   Thumb Code     0  libinit2.o(.ARM.Collect$$libinit$$0000002E)
    __rt_lib_init_atexit_1                   0x0800015b   Thumb Code     0  libinit2.o(.ARM.Collect$$libinit$$0000001D)
    __rt_lib_init_clock_1                    0x0800015b   Thumb Code     0  libinit2.o(.ARM.Collect$$libinit$$00000023)
    __rt_lib_init_cpp_1                      0x0800015b   Thumb Code     0  libinit2.o(.ARM.Collect$$libinit$$00000034)
    __rt_lib_init_exceptions_1               0x0800015b   Thumb Code     0  libinit2.o(.ARM.Collect$$libinit$$00000032)
    __rt_lib_init_fp_1                       0x0800015b   Thumb Code     0  libinit2.o(.ARM.Collect$$libinit$$00000002)
    __rt_lib_init_fp_trap_1                  0x0800015b   Thumb Code     0  libinit2.o(.ARM.Collect$$libinit$$00000021)
    __rt_lib_init_getenv_1                   0x0800015b   Thumb Code     0  libinit2.o(.ARM.Collect$$libinit$$00000025)
    __rt_lib_init_heap_1                     0x0800015b   Thumb Code     0  libinit2.o(.ARM.Collect$$libinit$$0000000C)
    __rt_lib_init_lc_collate_1               0x0800015b   Thumb Code     0  libinit2.o(.ARM.Collect$$libinit$$00000013)
    __rt_lib_init_lc_ctype_1                 0x0800015b   Thumb Code     0  libinit2.o(.ARM.Collect$$libinit$$00000015)
    __rt_lib_init_lc_monetary_1              0x0800015b   Thumb Code     0  libinit2.o(.ARM.Collect$$libinit$$00000017)
    __rt_lib_init_lc_numeric_1               0x0800015b   Thumb Code     0  libinit2.o(.ARM.Collect$$libinit$$00000019)
    __rt_lib_init_lc_time_1                  0x0800015b   Thumb Code     0  libinit2.o(.ARM.Collect$$libinit$$0000001B)
    __rt_lib_init_preinit_1                  0x0800015b   Thumb Code     0  libinit2.o(.ARM.Collect$$libinit$$00000006)
    __rt_lib_init_rand_1                     0x0800015b   Thumb Code     0  libinit2.o(.ARM.Collect$$libinit$$00000010)
    __rt_lib_init_relocate_pie_1             0x0800015b   Thumb Code     0  libinit2.o(.ARM.Collect$$libinit$$00000004)
    __rt_lib_init_return                     0x0800015b   Thumb Code     0  libinit2.o(.ARM.Collect$$libinit$$00000035)
    __rt_lib_init_signal_1                   0x0800015b   Thumb Code     0  libinit2.o(.ARM.Collect$$libinit$$0000001F)
    __rt_lib_init_stdio_1                    0x0800015b   Thumb Code     0  libinit2.o(.ARM.Collect$$libinit$$00000027)
    __rt_lib_init_user_alloc_1               0x0800015b   Thumb Code     0  libinit2.o(.ARM.Collect$$libinit$$0000000E)
    __rt_lib_shutdown                        0x0800015d   Thumb Code     0  libshutdown.o(.ARM.Collect$$libshutdown$$00000000)
    __rt_lib_shutdown_cpp_1                  0x0800015f   Thumb Code     0  libshutdown2.o(.ARM.Collect$$libshutdown$$00000002)
    __rt_lib_shutdown_fp_trap_1              0x0800015f   Thumb Code     0  libshutdown2.o(.ARM.Collect$$libshutdown$$00000007)
    __rt_lib_shutdown_heap_1                 0x0800015f   Thumb Code     0  libshutdown2.o(.ARM.Collect$$libshutdown$$0000000F)
    __rt_lib_shutdown_return                 0x0800015f   Thumb Code     0  libshutdown2.o(.ARM.Collect$$libshutdown$$00000010)
    __rt_lib_shutdown_signal_1               0x0800015f   Thumb Code     0  libshutdown2.o(.ARM.Collect$$libshutdown$$0000000A)
    __rt_lib_shutdown_stdio_1                0x0800015f   Thumb Code     0  libshutdown2.o(.ARM.Collect$$libshutdown$$00000004)
    __rt_lib_shutdown_user_alloc_1           0x0800015f   Thumb Code     0  libshutdown2.o(.ARM.Collect$$libshutdown$$0000000C)
    __rt_entry                               0x08000161   Thumb Code     0  __rtentry.o(.ARM.Collect$$rtentry$$00000000)
    __rt_entry_presh_1                       0x08000161   Thumb Code     0  __rtentry2.o(.ARM.Collect$$rtentry$$00000002)
    __rt_entry_sh                            0x08000161   Thumb Code     0  __rtentry4.o(.ARM.Collect$$rtentry$$00000004)
    __rt_entry_li                            0x08000167   Thumb Code     0  __rtentry2.o(.ARM.Collect$$rtentry$$0000000A)
    __rt_entry_postsh_1                      0x08000167   Thumb Code     0  __rtentry2.o(.ARM.Collect$$rtentry$$00000009)
    __rt_entry_main                          0x0800016b   Thumb Code     0  __rtentry2.o(.ARM.Collect$$rtentry$$0000000D)
    __rt_entry_postli_1                      0x0800016b   Thumb Code     0  __rtentry2.o(.ARM.Collect$$rtentry$$0000000C)
    __rt_exit                                0x08000173   Thumb Code     0  rtexit.o(.ARM.Collect$$rtexit$$00000000)
    __rt_exit_ls                             0x08000175   Thumb Code     0  rtexit2.o(.ARM.Collect$$rtexit$$00000003)
    __rt_exit_prels_1                        0x08000175   Thumb Code     0  rtexit2.o(.ARM.Collect$$rtexit$$00000002)
    __rt_exit_exit                           0x08000179   Thumb Code     0  rtexit2.o(.ARM.Collect$$rtexit$$00000004)
    __aeabi_memcpy4                          0x08000181   Thumb Code    56  rt_memcpy.o(.emb_text)
    __aeabi_memcpy8                          0x08000181   Thumb Code     0  rt_memcpy.o(.emb_text)
    Reset_Handler                            0x080001b9   Thumb Code     8  startup_stm32g030xx.o(.text)
    ADC1_IRQHandler                          0x080001cb   Thumb Code     0  startup_stm32g030xx.o(.text)
    DMA1_Ch4_5_DMAMUX1_OVR_IRQHandler        0x080001cb   Thumb Code     0  startup_stm32g030xx.o(.text)
    DMA1_Channel2_3_IRQHandler               0x080001cb   Thumb Code     0  startup_stm32g030xx.o(.text)
    EXTI0_1_IRQHandler                       0x080001cb   Thumb Code     0  startup_stm32g030xx.o(.text)
    EXTI2_3_IRQHandler                       0x080001cb   Thumb Code     0  startup_stm32g030xx.o(.text)
    FLASH_IRQHandler                         0x080001cb   Thumb Code     0  startup_stm32g030xx.o(.text)
    I2C1_IRQHandler                          0x080001cb   Thumb Code     0  startup_stm32g030xx.o(.text)
    I2C2_IRQHandler                          0x080001cb   Thumb Code     0  startup_stm32g030xx.o(.text)
    RCC_IRQHandler                           0x080001cb   Thumb Code     0  startup_stm32g030xx.o(.text)
    RTC_TAMP_IRQHandler                      0x080001cb   Thumb Code     0  startup_stm32g030xx.o(.text)
    SPI1_IRQHandler                          0x080001cb   Thumb Code     0  startup_stm32g030xx.o(.text)
    SPI2_IRQHandler                          0x080001cb   Thumb Code     0  startup_stm32g030xx.o(.text)
    TIM14_IRQHandler                         0x080001cb   Thumb Code     0  startup_stm32g030xx.o(.text)
    TIM16_IRQHandler                         0x080001cb   Thumb Code     0  startup_stm32g030xx.o(.text)
    TIM17_IRQHandler                         0x080001cb   Thumb Code     0  startup_stm32g030xx.o(.text)
    TIM1_BRK_UP_TRG_COM_IRQHandler           0x080001cb   Thumb Code     0  startup_stm32g030xx.o(.text)
    TIM1_CC_IRQHandler                       0x080001cb   Thumb Code     0  startup_stm32g030xx.o(.text)
    TIM3_IRQHandler                          0x080001cb   Thumb Code     0  startup_stm32g030xx.o(.text)
    USART1_IRQHandler                        0x080001cb   Thumb Code     0  startup_stm32g030xx.o(.text)
    USART2_IRQHandler                        0x080001cb   Thumb Code     0  startup_stm32g030xx.o(.text)
    WWDG_IRQHandler                          0x080001cb   Thumb Code     0  startup_stm32g030xx.o(.text)
    __user_initial_stackheap                 0x080001cd   Thumb Code     0  startup_stm32g030xx.o(.text)
    __aeabi_memcpy                           0x080001f1   Thumb Code   130  rt_memcpy.o(.text)
    __rt_memcpy                              0x080001f1   Thumb Code     0  rt_memcpy.o(.text)
    _memset_w                                0x08000273   Thumb Code    26  rt_memclr.o(.text)
    _memset                                  0x0800028d   Thumb Code    30  rt_memclr.o(.text)
    __aeabi_memclr                           0x080002ab   Thumb Code     4  rt_memclr.o(.text)
    __rt_memclr                              0x080002ab   Thumb Code     0  rt_memclr.o(.text)
    __aeabi_memclr4                          0x080002af   Thumb Code     0  rt_memclr.o(.text)
    __aeabi_memclr8                          0x080002af   Thumb Code     0  rt_memclr.o(.text)
    __rt_memclr_w                            0x080002af   Thumb Code     4  rt_memclr.o(.text)
    __aeabi_uidiv                            0x080002b5   Thumb Code     0  aeabi_sdiv.o(.text)
    __aeabi_uidivmod                         0x080002b5   Thumb Code    20  aeabi_sdiv.o(.text)
    __aeabi_idiv                             0x080002c9   Thumb Code     0  aeabi_sdiv.o(.text)
    __aeabi_idivmod                          0x080002c9   Thumb Code   338  aeabi_sdiv.o(.text)
    __use_two_region_memory                  0x08000421   Thumb Code     2  heapauxi.o(.text)
    __rt_heap_escrow$2region                 0x08000423   Thumb Code     2  heapauxi.o(.text)
    __rt_heap_expand$2region                 0x08000425   Thumb Code     2  heapauxi.o(.text)
    __user_setup_stackheap                   0x08000427   Thumb Code    62  sys_stackheap_outer.o(.text)
    exit                                     0x08000465   Thumb Code    16  exit.o(.text)
    __user_libspace                          0x08000475   Thumb Code     8  libspace.o(.text)
    __user_perproc_libspace                  0x08000475   Thumb Code     0  libspace.o(.text)
    __user_perthread_libspace                0x08000475   Thumb Code     0  libspace.o(.text)
    _sys_exit                                0x0800047d   Thumb Code     8  sys_exit.o(.text)
    __I$use$semihosting                      0x08000489   Thumb Code     0  use_no_semi.o(.text)
    __use_no_semihosting_swi                 0x08000489   Thumb Code     2  use_no_semi.o(.text)
    __semihosting_library_function           0x0800048b   Thumb Code     0  indicate_semi.o(.text)
    DMA1_Channel1_IRQHandler                 0x0800048d   Thumb Code    12  stm32g0xx_it.o(.text.DMA1_Channel1_IRQHandler)
    EXTI4_15_IRQHandler                      0x080004f9   Thumb Code    12  stm32g0xx_it.o(.text.EXTI4_15_IRQHandler)
    Error_Handler                            0x08000505   Thumb Code     8  main.o(.text.Error_Handler)
    HAL_ADC_ConfigChannel                    0x0800050d   Thumb Code   576  stm32g0xx_hal_adc.o(.text.HAL_ADC_ConfigChannel)
    HAL_ADC_Init                             0x08000765   Thumb Code   516  stm32g0xx_hal_adc.o(.text.HAL_ADC_Init)
    HAL_ADC_MspInit                          0x08000985   Thumb Code   132  adc.o(.text.HAL_ADC_MspInit)
    HAL_DMA_IRQHandler                       0x08000a19   Thumb Code   156  stm32g0xx_hal_dma.o(.text.HAL_DMA_IRQHandler)
    HAL_DMA_Init                             0x08000ab9   Thumb Code   168  stm32g0xx_hal_dma.o(.text.HAL_DMA_Init)
    HAL_Delay                                0x08000b69   Thumb Code    32  stm32g0xx_hal.o(.text.HAL_Delay)
    HAL_GPIO_EXTI_Falling_Callback           0x08000b89   Thumb Code     2  stm32g0xx_hal_gpio.o(.text.HAL_GPIO_EXTI_Falling_Callback)
    HAL_GPIO_EXTI_IRQHandler                 0x08000b8d   Thumb Code    36  stm32g0xx_hal_gpio.o(.text.HAL_GPIO_EXTI_IRQHandler)
    HAL_GPIO_EXTI_Rising_Callback            0x08000bb5   Thumb Code     2  stm32g0xx_hal_gpio.o(.text.HAL_GPIO_EXTI_Rising_Callback)
    HAL_GPIO_Init                            0x08000bb9   Thumb Code   376  stm32g0xx_hal_gpio.o(.text.HAL_GPIO_Init)
    HAL_GPIO_ReadPin                         0x08000d45   Thumb Code    10  stm32g0xx_hal_gpio.o(.text.HAL_GPIO_ReadPin)
    HAL_GPIO_WritePin                        0x08000d4f   Thumb Code    14  stm32g0xx_hal_gpio.o(.text.HAL_GPIO_WritePin)
    HAL_GetTick                              0x08000d5d   Thumb Code     8  stm32g0xx_hal.o(.text.HAL_GetTick)
    HAL_IncTick                              0x08000d65   Thumb Code    16  stm32g0xx_hal.o(.text.HAL_IncTick)
    HAL_Init                                 0x08000d79   Thumb Code    36  stm32g0xx_hal.o(.text.HAL_Init)
    HAL_InitTick                             0x08000d9d   Thumb Code    64  stm32g0xx_hal.o(.text.HAL_InitTick)
    HAL_MspInit                              0x08000de1   Thumb Code    40  stm32g0xx_hal_msp.o(.text.HAL_MspInit)
    HAL_NVIC_EnableIRQ                       0x08000e0d   Thumb Code    20  stm32g0xx_hal_cortex.o(.text.HAL_NVIC_EnableIRQ)
    HAL_NVIC_SetPriority                     0x08000e25   Thumb Code     8  stm32g0xx_hal_cortex.o(.text.HAL_NVIC_SetPriority)
    HAL_PWREx_ControlVoltageScaling          0x08000e2d   Thumb Code    60  stm32g0xx_hal_pwr_ex.o(.text.HAL_PWREx_ControlVoltageScaling)
    HAL_RCC_ClockConfig                      0x08000e71   Thumb Code   348  stm32g0xx_hal_rcc.o(.text.HAL_RCC_ClockConfig)
    HAL_RCC_GetSysClockFreq                  0x08000fe1   Thumb Code   124  stm32g0xx_hal_rcc.o(.text.HAL_RCC_GetSysClockFreq)
    HAL_RCC_OscConfig                        0x08001069   Thumb Code   996  stm32g0xx_hal_rcc.o(.text.HAL_RCC_OscConfig)
    HAL_SYSTICK_Config                       0x0800146d   Thumb Code    40  stm32g0xx_hal_cortex.o(.text.HAL_SYSTICK_Config)
    HardFault_Handler                        0x080014a1   Thumb Code     2  stm32g0xx_it.o(.text.HardFault_Handler)
    MX_ADC1_Init                             0x080014a5   Thumb Code   100  adc.o(.text.MX_ADC1_Init)
    MX_DMA_Init                              0x08001515   Thumb Code    40  dma.o(.text.MX_DMA_Init)
    MX_GPIO_Init                             0x08001541   Thumb Code   256  gpio.o(.text.MX_GPIO_Init)
    NMI_Handler                              0x08001661   Thumb Code     2  stm32g0xx_it.o(.text.NMI_Handler)
    PendSV_Handler                           0x08001663   Thumb Code     2  stm32g0xx_it.o(.text.PendSV_Handler)
    SEGGER_RTT_Init                          0x08001665   Thumb Code     8  segger_rtt.o(.text.SEGGER_RTT_Init)
    SEGGER_RTT_Write                         0x0800166d   Thumb Code    48  segger_rtt.o(.text.SEGGER_RTT_Write)
    SEGGER_RTT_WriteNoLock                   0x0800169d   Thumb Code   100  segger_rtt.o(.text.SEGGER_RTT_WriteNoLock)
    SEGGER_RTT_printf                        0x08001705   Thumb Code    26  segger_rtt_printf.o(.text.SEGGER_RTT_printf)
    SEGGER_RTT_vprintf                       0x08001721   Thumb Code   640  segger_rtt_printf.o(.text.SEGGER_RTT_vprintf)
    SVC_Handler                              0x080019a9   Thumb Code     2  stm32g0xx_it.o(.text.SVC_Handler)
    SysTick_Handler                          0x080019ab   Thumb Code     8  stm32g0xx_it.o(.text.SysTick_Handler)
    SystemClock_Config                       0x080019b3   Thumb Code   108  main.o(.text.SystemClock_Config)
    SystemInit                               0x08001a1f   Thumb Code     2  system_stm32g0xx.o(.text.SystemInit)
    TM1639_Clear                             0x08001a21   Thumb Code    38  tm1639.o(.text.TM1639_Clear)
    TM1639_Init                              0x08001a47   Thumb Code    46  tm1639.o(.text.TM1639_Init)
    TM1639_PowerCtrl                         0x08001a75   Thumb Code    20  tm1639.o(.text.TM1639_PowerCtrl)
    TM1639_ReadKey                           0x08001a89   Thumb Code   168  tm1639.o(.text.TM1639_ReadKey)
    main                                     0x08001e21   Thumb Code   160  main.o(.text.main)
    parse_key_status                         0x08001f69   Thumb Code    10  tm1639.o(.text.parse_key_status)
    AHBPrescTable                            0x08001fb8   Data          64  system_stm32g0xx.o(.rodata.AHBPrescTable)
    Region$$Table$$Base                      0x08002030   Number         0  anon$$obj.o(Region$$Table)
    Region$$Table$$Limit                     0x08002050   Number         0  anon$$obj.o(Region$$Table)
    power_key                                0x20000000   Data           1  main.o(.data..L_MergedGlobals)
    touch_key                                0x20000001   Data           1  main.o(.data..L_MergedGlobals)
    uwTickFreq                               0x20000004   Data           1  stm32g0xx_hal.o(.data..L_MergedGlobals)
    uwTickPrio                               0x20000008   Data           4  stm32g0xx_hal.o(.data..L_MergedGlobals)
    SystemCoreClock                          0x2000000c   Data           4  system_stm32g0xx.o(.data.SystemCoreClock)
    __libspace_start                         0x20000010   Data          96  libspace.o(.bss)
    _SEGGER_RTT                              0x20000070   Data         168  segger_rtt.o(.bss._SEGGER_RTT)
    __temporary_stack_top$libspace           0x20000070   Data           0  libspace.o(.bss)
    data                                     0x20000528   Data           2  tm1639.o(.bss.data)
    hadc1                                    0x2000052c   Data         100  adc.o(.bss.hadc1)
    hdma_adc1                                0x20000590   Data          92  adc.o(.bss.hdma_adc1)
    key_value                                0x200005ec   Data           2  main.o(.bss.key_value)
    uwTick                                   0x200005f0   Data           4  stm32g0xx_hal.o(.bss.uwTick)



==============================================================================

Memory Map of the image

  Image Entry point : 0x080000c1

  Load Region LR_IROM1 (Base: 0x08000000, Size: 0x00002060, Max: 0x00008000, ABSOLUTE)

    Execution Region ER_IROM1 (Exec base: 0x08000000, Load base: 0x08000000, Size: 0x00002050, Max: 0x00008000, ABSOLUTE)

    Exec Addr    Load Addr    Size         Type   Attr      Idx    E Section Name        Object

    0x08000000   0x08000000   0x000000c0   Data   RO            3    RESET               startup_stm32g030xx.o
    0x080000c0   0x080000c0   0x00000008   Code   RO          778  * !!!main             c_p.l(__main.o)
    0x080000c8   0x080000c8   0x00000054   Code   RO          955    !!!scatter          c_p.l(__scatter.o)
    0x0800011c   0x0800011c   0x0000001a   Code   RO          959    !!handler_copy      c_p.l(__scatter_copy.o)
    0x08000136   0x08000136   0x00000002   PAD
    0x08000138   0x08000138   0x00000002   Code   RO          956    !!handler_null      c_p.l(__scatter.o)
    0x0800013a   0x0800013a   0x00000002   PAD
    0x0800013c   0x0800013c   0x0000001c   Code   RO          961    !!handler_zi        c_p.l(__scatter_zi.o)
    0x08000158   0x08000158   0x00000002   Code   RO          816    .ARM.Collect$$libinit$$00000000  c_p.l(libinit.o)
    0x0800015a   0x0800015a   0x00000000   Code   RO          830    .ARM.Collect$$libinit$$00000002  c_p.l(libinit2.o)
    0x0800015a   0x0800015a   0x00000000   Code   RO          832    .ARM.Collect$$libinit$$00000004  c_p.l(libinit2.o)
    0x0800015a   0x0800015a   0x00000000   Code   RO          834    .ARM.Collect$$libinit$$00000006  c_p.l(libinit2.o)
    0x0800015a   0x0800015a   0x00000000   Code   RO          837    .ARM.Collect$$libinit$$0000000C  c_p.l(libinit2.o)
    0x0800015a   0x0800015a   0x00000000   Code   RO          839    .ARM.Collect$$libinit$$0000000E  c_p.l(libinit2.o)
    0x0800015a   0x0800015a   0x00000000   Code   RO          841    .ARM.Collect$$libinit$$00000010  c_p.l(libinit2.o)
    0x0800015a   0x0800015a   0x00000000   Code   RO          844    .ARM.Collect$$libinit$$00000013  c_p.l(libinit2.o)
    0x0800015a   0x0800015a   0x00000000   Code   RO          846    .ARM.Collect$$libinit$$00000015  c_p.l(libinit2.o)
    0x0800015a   0x0800015a   0x00000000   Code   RO          848    .ARM.Collect$$libinit$$00000017  c_p.l(libinit2.o)
    0x0800015a   0x0800015a   0x00000000   Code   RO          850    .ARM.Collect$$libinit$$00000019  c_p.l(libinit2.o)
    0x0800015a   0x0800015a   0x00000000   Code   RO          852    .ARM.Collect$$libinit$$0000001B  c_p.l(libinit2.o)
    0x0800015a   0x0800015a   0x00000000   Code   RO          854    .ARM.Collect$$libinit$$0000001D  c_p.l(libinit2.o)
    0x0800015a   0x0800015a   0x00000000   Code   RO          856    .ARM.Collect$$libinit$$0000001F  c_p.l(libinit2.o)
    0x0800015a   0x0800015a   0x00000000   Code   RO          858    .ARM.Collect$$libinit$$00000021  c_p.l(libinit2.o)
    0x0800015a   0x0800015a   0x00000000   Code   RO          860    .ARM.Collect$$libinit$$00000023  c_p.l(libinit2.o)
    0x0800015a   0x0800015a   0x00000000   Code   RO          862    .ARM.Collect$$libinit$$00000025  c_p.l(libinit2.o)
    0x0800015a   0x0800015a   0x00000000   Code   RO          864    .ARM.Collect$$libinit$$00000027  c_p.l(libinit2.o)
    0x0800015a   0x0800015a   0x00000000   Code   RO          868    .ARM.Collect$$libinit$$0000002E  c_p.l(libinit2.o)
    0x0800015a   0x0800015a   0x00000000   Code   RO          870    .ARM.Collect$$libinit$$00000030  c_p.l(libinit2.o)
    0x0800015a   0x0800015a   0x00000000   Code   RO          872    .ARM.Collect$$libinit$$00000032  c_p.l(libinit2.o)
    0x0800015a   0x0800015a   0x00000000   Code   RO          874    .ARM.Collect$$libinit$$00000034  c_p.l(libinit2.o)
    0x0800015a   0x0800015a   0x00000002   Code   RO          875    .ARM.Collect$$libinit$$00000035  c_p.l(libinit2.o)
    0x0800015c   0x0800015c   0x00000002   Code   RO          910    .ARM.Collect$$libshutdown$$00000000  c_p.l(libshutdown.o)
    0x0800015e   0x0800015e   0x00000000   Code   RO          938    .ARM.Collect$$libshutdown$$00000002  c_p.l(libshutdown2.o)
    0x0800015e   0x0800015e   0x00000000   Code   RO          940    .ARM.Collect$$libshutdown$$00000004  c_p.l(libshutdown2.o)
    0x0800015e   0x0800015e   0x00000000   Code   RO          943    .ARM.Collect$$libshutdown$$00000007  c_p.l(libshutdown2.o)
    0x0800015e   0x0800015e   0x00000000   Code   RO          946    .ARM.Collect$$libshutdown$$0000000A  c_p.l(libshutdown2.o)
    0x0800015e   0x0800015e   0x00000000   Code   RO          948    .ARM.Collect$$libshutdown$$0000000C  c_p.l(libshutdown2.o)
    0x0800015e   0x0800015e   0x00000000   Code   RO          951    .ARM.Collect$$libshutdown$$0000000F  c_p.l(libshutdown2.o)
    0x0800015e   0x0800015e   0x00000002   Code   RO          952    .ARM.Collect$$libshutdown$$00000010  c_p.l(libshutdown2.o)
    0x08000160   0x08000160   0x00000000   Code   RO          780    .ARM.Collect$$rtentry$$00000000  c_p.l(__rtentry.o)
    0x08000160   0x08000160   0x00000000   Code   RO          786    .ARM.Collect$$rtentry$$00000002  c_p.l(__rtentry2.o)
    0x08000160   0x08000160   0x00000006   Code   RO          798    .ARM.Collect$$rtentry$$00000004  c_p.l(__rtentry4.o)
    0x08000166   0x08000166   0x00000000   Code   RO          788    .ARM.Collect$$rtentry$$00000009  c_p.l(__rtentry2.o)
    0x08000166   0x08000166   0x00000004   Code   RO          789    .ARM.Collect$$rtentry$$0000000A  c_p.l(__rtentry2.o)
    0x0800016a   0x0800016a   0x00000000   Code   RO          791    .ARM.Collect$$rtentry$$0000000C  c_p.l(__rtentry2.o)
    0x0800016a   0x0800016a   0x00000008   Code   RO          792    .ARM.Collect$$rtentry$$0000000D  c_p.l(__rtentry2.o)
    0x08000172   0x08000172   0x00000002   Code   RO          821    .ARM.Collect$$rtexit$$00000000  c_p.l(rtexit.o)
    0x08000174   0x08000174   0x00000000   Code   RO          881    .ARM.Collect$$rtexit$$00000002  c_p.l(rtexit2.o)
    0x08000174   0x08000174   0x00000004   Code   RO          882    .ARM.Collect$$rtexit$$00000003  c_p.l(rtexit2.o)
    0x08000178   0x08000178   0x00000006   Code   RO          883    .ARM.Collect$$rtexit$$00000004  c_p.l(rtexit2.o)
    0x0800017e   0x0800017e   0x00000002   PAD
    0x08000180   0x08000180   0x00000038   Code   RO          766    .emb_text           c_p.l(rt_memcpy.o)
    0x080001b8   0x080001b8   0x00000038   Code   RO            4    .text               startup_stm32g030xx.o
    0x080001f0   0x080001f0   0x00000082   Code   RO          767    .text               c_p.l(rt_memcpy.o)
    0x08000272   0x08000272   0x00000040   Code   RO          770    .text               c_p.l(rt_memclr.o)
    0x080002b2   0x080002b2   0x00000002   PAD
    0x080002b4   0x080002b4   0x0000016c   Code   RO          772    .text               c_p.l(aeabi_sdiv.o)
    0x08000420   0x08000420   0x00000006   Code   RO          776    .text               c_p.l(heapauxi.o)
    0x08000426   0x08000426   0x0000003e   Code   RO          802    .text               c_p.l(sys_stackheap_outer.o)
    0x08000464   0x08000464   0x00000010   Code   RO          805    .text               c_p.l(exit.o)
    0x08000474   0x08000474   0x00000008   Code   RO          817    .text               c_p.l(libspace.o)
    0x0800047c   0x0800047c   0x0000000c   Code   RO          876    .text               c_p.l(sys_exit.o)
    0x08000488   0x08000488   0x00000002   Code   RO          899    .text               c_p.l(use_no_semi.o)
    0x0800048a   0x0800048a   0x00000000   Code   RO          901    .text               c_p.l(indicate_semi.o)
    0x0800048a   0x0800048a   0x00000002   PAD
    0x0800048c   0x0800048c   0x00000010   Code   RO           76    .text.DMA1_Channel1_IRQHandler  stm32g0xx_it.o
    0x0800049c   0x0800049c   0x00000034   Code   RO          374    .text.DMA_CalcDMAMUXChannelBaseAndMask  stm32g0xx_hal_dma.o
    0x080004d0   0x080004d0   0x00000028   Code   RO          376    .text.DMA_CalcDMAMUXRequestGenBaseAndMask  stm32g0xx_hal_dma.o
    0x080004f8   0x080004f8   0x0000000c   Code   RO           74    .text.EXTI4_15_IRQHandler  stm32g0xx_it.o
    0x08000504   0x08000504   0x00000008   Code   RO           15    .text.Error_Handler  main.o
    0x0800050c   0x0800050c   0x00000258   Code   RO          185    .text.HAL_ADC_ConfigChannel  stm32g0xx_hal_adc.o
    0x08000764   0x08000764   0x00000220   Code   RO          137    .text.HAL_ADC_Init  stm32g0xx_hal_adc.o
    0x08000984   0x08000984   0x00000094   Code   RO           42    .text.HAL_ADC_MspInit  adc.o
    0x08000a18   0x08000a18   0x000000a0   Code   RO          392    .text.HAL_DMA_IRQHandler  stm32g0xx_hal_dma.o
    0x08000ab8   0x08000ab8   0x000000b0   Code   RO          372    .text.HAL_DMA_Init  stm32g0xx_hal_dma.o
    0x08000b68   0x08000b68   0x00000020   Code   RO          567    .text.HAL_Delay     stm32g0xx_hal.o
    0x08000b88   0x08000b88   0x00000002   Code   RO          362    .text.HAL_GPIO_EXTI_Falling_Callback  stm32g0xx_hal_gpio.o
    0x08000b8a   0x08000b8a   0x00000002   PAD
    0x08000b8c   0x08000b8c   0x00000028   Code   RO          358    .text.HAL_GPIO_EXTI_IRQHandler  stm32g0xx_hal_gpio.o
    0x08000bb4   0x08000bb4   0x00000002   Code   RO          360    .text.HAL_GPIO_EXTI_Rising_Callback  stm32g0xx_hal_gpio.o
    0x08000bb6   0x08000bb6   0x00000002   PAD
    0x08000bb8   0x08000bb8   0x0000018c   Code   RO          346    .text.HAL_GPIO_Init  stm32g0xx_hal_gpio.o
    0x08000d44   0x08000d44   0x0000000a   Code   RO          350    .text.HAL_GPIO_ReadPin  stm32g0xx_hal_gpio.o
    0x08000d4e   0x08000d4e   0x0000000e   Code   RO          352    .text.HAL_GPIO_WritePin  stm32g0xx_hal_gpio.o
    0x08000d5c   0x08000d5c   0x00000008   Code   RO          559    .text.HAL_GetTick   stm32g0xx_hal.o
    0x08000d64   0x08000d64   0x00000014   Code   RO          557    .text.HAL_IncTick   stm32g0xx_hal.o
    0x08000d78   0x08000d78   0x00000024   Code   RO          547    .text.HAL_Init      stm32g0xx_hal.o
    0x08000d9c   0x08000d9c   0x00000044   Code   RO          549    .text.HAL_InitTick  stm32g0xx_hal.o
    0x08000de0   0x08000de0   0x0000002c   Code   RO           85    .text.HAL_MspInit   stm32g0xx_hal_msp.o
    0x08000e0c   0x08000e0c   0x00000018   Code   RO          505    .text.HAL_NVIC_EnableIRQ  stm32g0xx_hal_cortex.o
    0x08000e24   0x08000e24   0x00000008   Code   RO          501    .text.HAL_NVIC_SetPriority  stm32g0xx_hal_cortex.o
    0x08000e2c   0x08000e2c   0x00000044   Code   RO          487    .text.HAL_PWREx_ControlVoltageScaling  stm32g0xx_hal_pwr_ex.o
    0x08000e70   0x08000e70   0x00000170   Code   RO          232    .text.HAL_RCC_ClockConfig  stm32g0xx_hal_rcc.o
    0x08000fe0   0x08000fe0   0x00000088   Code   RO          234    .text.HAL_RCC_GetSysClockFreq  stm32g0xx_hal_rcc.o
    0x08001068   0x08001068   0x00000404   Code   RO          230    .text.HAL_RCC_OscConfig  stm32g0xx_hal_rcc.o
    0x0800146c   0x0800146c   0x00000034   Code   RO          513    .text.HAL_SYSTICK_Config  stm32g0xx_hal_cortex.o
    0x080014a0   0x080014a0   0x00000002   Code   RO           66    .text.HardFault_Handler  stm32g0xx_it.o
    0x080014a2   0x080014a2   0x00000002   PAD
    0x080014a4   0x080014a4   0x00000070   Code   RO           40    .text.MX_ADC1_Init  adc.o
    0x08001514   0x08001514   0x0000002c   Code   RO           56    .text.MX_DMA_Init   dma.o
    0x08001540   0x08001540   0x00000120   Code   RO           31    .text.MX_GPIO_Init  gpio.o
    0x08001660   0x08001660   0x00000002   Code   RO           64    .text.NMI_Handler   stm32g0xx_it.o
    0x08001662   0x08001662   0x00000002   Code   RO           70    .text.PendSV_Handler  stm32g0xx_it.o
    0x08001664   0x08001664   0x00000008   Code   RO          720    .text.SEGGER_RTT_Init  segger_rtt.o
    0x0800166c   0x0800166c   0x00000030   Code   RO          684    .text.SEGGER_RTT_Write  segger_rtt.o
    0x0800169c   0x0800169c   0x00000068   Code   RO          680    .text.SEGGER_RTT_WriteNoLock  segger_rtt.o
    0x08001704   0x08001704   0x0000001a   Code   RO          753    .text.SEGGER_RTT_printf  segger_rtt_printf.o
    0x0800171e   0x0800171e   0x00000002   PAD
    0x08001720   0x08001720   0x00000288   Code   RO          747    .text.SEGGER_RTT_vprintf  segger_rtt_printf.o
    0x080019a8   0x080019a8   0x00000002   Code   RO           68    .text.SVC_Handler   stm32g0xx_it.o
    0x080019aa   0x080019aa   0x00000008   Code   RO           72    .text.SysTick_Handler  stm32g0xx_it.o
    0x080019b2   0x080019b2   0x0000006c   Code   RO           13    .text.SystemClock_Config  main.o
    0x08001a1e   0x08001a1e   0x00000002   Code   RO          643    .text.SystemInit    system_stm32g0xx.o
    0x08001a20   0x08001a20   0x00000026   Code   RO           95    .text.TM1639_Clear  tm1639.o
    0x08001a46   0x08001a46   0x0000002e   Code   RO          121    .text.TM1639_Init   tm1639.o
    0x08001a74   0x08001a74   0x00000014   Code   RO          111    .text.TM1639_PowerCtrl  tm1639.o
    0x08001a88   0x08001a88   0x000000b0   Code   RO          113    .text.TM1639_ReadKey  tm1639.o
    0x08001b38   0x08001b38   0x00000036   Code   RO          101    .text.TM1639_WriteByte  tm1639.o
    0x08001b6e   0x08001b6e   0x00000018   Code   RO           99    .text.TM1639_WriteCmd  tm1639.o
    0x08001b86   0x08001b86   0x00000002   PAD
    0x08001b88   0x08001b88   0x00000060   Code   RO          660    .text._DoInit       segger_rtt.o
    0x08001be8   0x08001be8   0x00000016   Code   RO          674    .text._GetAvailWriteSpace  segger_rtt.o
    0x08001bfe   0x08001bfe   0x00000002   PAD
    0x08001c00   0x08001c00   0x00000104   Code   RO          751    .text._PrintUnsigned  segger_rtt_printf.o
    0x08001d04   0x08001d04   0x00000040   Code   RO          749    .text._StoreChar    segger_rtt_printf.o
    0x08001d44   0x08001d44   0x0000005c   Code   RO          678    .text._WriteBlocking  segger_rtt.o
    0x08001da0   0x08001da0   0x00000036   Code   RO          676    .text._WriteNoCheck  segger_rtt.o
    0x08001dd6   0x08001dd6   0x00000002   PAD
    0x08001dd8   0x08001dd8   0x00000038   Code   RO          503    .text.__NVIC_SetPriority  stm32g0xx_hal_cortex.o
    0x08001e10   0x08001e10   0x0000000e   Code   RO          125    .text.get_data_pin  tm1639.o
    0x08001e1e   0x08001e1e   0x00000002   PAD
    0x08001e20   0x08001e20   0x00000148   Code   RO           11    .text.main          main.o
    0x08001f68   0x08001f68   0x0000000a   Code   RO          119    .text.parse_key_status  tm1639.o
    0x08001f72   0x08001f72   0x00000010   Code   RO          117    .text.set_clk_pin   tm1639.o
    0x08001f82   0x08001f82   0x00000026   Code   RO          115    .text.set_data_pin_mode  tm1639.o
    0x08001fa8   0x08001fa8   0x00000010   Code   RO           97    .text.set_strobe_pin  tm1639.o
    0x08001fb8   0x08001fb8   0x00000040   Data   RO          648    .rodata.AHBPrescTable  system_stm32g0xx.o
    0x08001ff8   0x08001ff8   0x00000011   Data   RO          735    .rodata._DoInit._aInitStr  segger_rtt.o
    0x08002009   0x08002009   0x00000001   PAD
    0x0800200a   0x0800200a   0x0000000a   Data   RO          128    .rodata.key_mask    tm1639.o
    0x08002014   0x08002014   0x00000013   Data   RO           20    .rodata.str1.1      main.o
    0x08002027   0x08002027   0x00000009   Data   RO          736    .rodata.str1.1      segger_rtt.o
    0x08002030   0x08002030   0x00000020   Data   RO          954    Region$$Table       anon$$obj.o


    Execution Region RW_IRAM1 (Exec base: 0x20000000, Load base: 0x08002050, Size: 0x00000bf8, Max: 0x00002000, ABSOLUTE)

    Exec Addr    Load Addr    Size         Type   Attr      Idx    E Section Name        Object

    0x20000000   0x08002050   0x00000002   Data   RW           22    .data..L_MergedGlobals  main.o
    0x20000002   0x08002052   0x00000002   PAD
    0x20000004   0x08002054   0x00000008   Data   RW          606    .data..L_MergedGlobals  stm32g0xx_hal.o
    0x2000000c   0x0800205c   0x00000004   Data   RW          647    .data.SystemCoreClock  system_stm32g0xx.o
    0x20000010        -       0x00000060   Zero   RW          818    .bss                c_p.l(libspace.o)
    0x20000070        -       0x000000a8   Zero   RW          732    .bss._SEGGER_RTT    segger_rtt.o
    0x20000118        -       0x00000010   Zero   RW          738    .bss._acDownBuffer  segger_rtt.o
    0x20000128        -       0x00000400   Zero   RW          737    .bss._acUpBuffer    segger_rtt.o
    0x20000528        -       0x00000002   Zero   RW          127    .bss.data           tm1639.o
    0x2000052a   0x08002060   0x00000002   PAD
    0x2000052c        -       0x00000064   Zero   RW           46    .bss.hadc1          adc.o
    0x20000590        -       0x0000005c   Zero   RW           47    .bss.hdma_adc1      adc.o
    0x200005ec        -       0x00000002   Zero   RW           17    .bss.key_value      main.o
    0x200005ee   0x08002060   0x00000002   PAD
    0x200005f0        -       0x00000004   Zero   RW          605    .bss.uwTick         stm32g0xx_hal.o
    0x200005f4   0x08002060   0x00000004   PAD
    0x200005f8        -       0x00000200   Zero   RW            2    HEAP                startup_stm32g030xx.o
    0x200007f8        -       0x00000400   Zero   RW            1    STACK               startup_stm32g030xx.o


==============================================================================

Image component sizes


      Code (inc. data)   RO Data    RW Data    ZI Data      Debug   Object Name

       260         28          0          0        192       5668   adc.o
        44          4          0          0          0       1814   dma.o
       288         32          0          0          0       2958   gpio.o
       444        168         19          2          2       3609   main.o
       424         24         26          0       1208      18438   segger_rtt.o
       998         44          0          0          0       5716   segger_rtt_printf.o
        56         26        192          0       1536        624   startup_stm32g030xx.o
       164          8          0          8          4       6635   stm32g0xx_hal.o
      1144         52          0          0          0      18674   stm32g0xx_hal_adc.o
       140         24          0          0          0       6895   stm32g0xx_hal_cortex.o
       428         20          0          0          0       8353   stm32g0xx_hal_dma.o
       464         24          0          0          0       4636   stm32g0xx_hal_gpio.o
        44          4          0          0          0       1265   stm32g0xx_hal_msp.o
        68          8          0          0          0       4695   stm32g0xx_hal_pwr_ex.o
      1532         80          0          0          0       8672   stm32g0xx_hal_rcc.o
        44          4          0          0          0       1320   stm32g0xx_it.o
         2          0         64          4          0       1944   system_stm32g0xx.o
       452          8         10          0          2       5970   tm1639.o

    ----------------------------------------------------------------------
      7012        558        344         16       2952     107886   Object Totals
         0          0         32          0          0          0   (incl. Generated)
        16          0          1          2          8          0   (incl. Padding)

    ----------------------------------------------------------------------

      Code (inc. data)   RO Data    RW Data    ZI Data      Debug   Library Member Name

         8          0          0          0          0         68   __main.o
         0          0          0          0          0          0   __rtentry.o
        12          0          0          0          0          0   __rtentry2.o
         6          0          0          0          0          0   __rtentry4.o
        86         10          0          0          0          0   __scatter.o
        26          0          0          0          0          0   __scatter_copy.o
        28          0          0          0          0          0   __scatter_zi.o
       364          4          0          0          0         92   aeabi_sdiv.o
        16          0          0          0          0         68   exit.o
         6          0          0          0          0        136   heapauxi.o
         0          0          0          0          0          0   indicate_semi.o
         2          0          0          0          0          0   libinit.o
         2          0          0          0          0          0   libinit2.o
         2          0          0          0          0          0   libshutdown.o
         2          0          0          0          0          0   libshutdown2.o
         8          4          0          0         96         68   libspace.o
        64          0          0          0          0        108   rt_memclr.o
       186          0          0          0          0        144   rt_memcpy.o
         2          0          0          0          0          0   rtexit.o
        10          0          0          0          0          0   rtexit2.o
        12          4          0          0          0         60   sys_exit.o
        62          0          0          0          0         80   sys_stackheap_outer.o
         2          0          0          0          0         68   use_no_semi.o

    ----------------------------------------------------------------------
       916         22          0          0         96        892   Library Totals
        10          0          0          0          0          0   (incl. Padding)

    ----------------------------------------------------------------------

      Code (inc. data)   RO Data    RW Data    ZI Data      Debug   Library Name

       906         22          0          0         96        892   c_p.l

    ----------------------------------------------------------------------
       916         22          0          0         96        892   Library Totals

    ----------------------------------------------------------------------

==============================================================================


      Code (inc. data)   RO Data    RW Data    ZI Data      Debug   

      7928        580        344         16       3048     108242   Grand Totals
      7928        580        344         16       3048     108242   ELF Image Totals
      7928        580        344         16          0          0   ROM Totals

==============================================================================

    Total RO  Size (Code + RO Data)                 8272 (   8.08kB)
    Total RW  Size (RW Data + ZI Data)              3064 (   2.99kB)
    Total ROM Size (Code + RO Data + RW Data)       8288 (   8.09kB)

==============================================================================

