Component: Arm Compiler for Embedded 6.21 Tool: armlink [5ec1fa00]

==============================================================================

Section Cross References

    startup_stm32g030xx.o(STACK) refers (Special) to heapauxi.o(.text) for __use_two_region_memory
    startup_stm32g030xx.o(HEAP) refers (Special) to heapauxi.o(.text) for __use_two_region_memory
    startup_stm32g030xx.o(RESET) refers (Special) to heapauxi.o(.text) for __use_two_region_memory
    startup_stm32g030xx.o(RESET) refers to startup_stm32g030xx.o(STACK) for __initial_sp
    startup_stm32g030xx.o(RESET) refers to startup_stm32g030xx.o(.text) for Reset_Handler
    startup_stm32g030xx.o(RESET) refers to stm32g0xx_it.o(.text.NMI_Handler) for NMI_Handler
    startup_stm32g030xx.o(RESET) refers to stm32g0xx_it.o(.text.HardFault_Handler) for HardFault_Handler
    startup_stm32g030xx.o(RESET) refers to port.o(.text.SVC_Handler) for SVC_Handler
    startup_stm32g030xx.o(RESET) refers to port.o(.text.PendSV_Handler) for PendSV_Handler
    startup_stm32g030xx.o(RESET) refers to port.o(.text.SysTick_Handler) for SysTick_Handler
    startup_stm32g030xx.o(RESET) refers to stm32g0xx_it.o(.text.EXTI4_15_IRQHandler) for EXTI4_15_IRQHandler
    startup_stm32g030xx.o(RESET) refers to stm32g0xx_it.o(.text.DMA1_Channel1_IRQHandler) for DMA1_Channel1_IRQHandler
    startup_stm32g030xx.o(RESET) refers to stm32g0xx_it.o(.text.TIM17_IRQHandler) for TIM17_IRQHandler
    startup_stm32g030xx.o(.text) refers (Special) to heapauxi.o(.text) for __use_two_region_memory
    startup_stm32g030xx.o(.text) refers to system_stm32g0xx.o(.text.SystemInit) for SystemInit
    startup_stm32g030xx.o(.text) refers to __main.o(!!!main) for __main
    startup_stm32g030xx.o(.text) refers to startup_stm32g030xx.o(HEAP) for Heap_Mem
    startup_stm32g030xx.o(.text) refers to startup_stm32g030xx.o(STACK) for Stack_Mem
    main.o(.text.main) refers to stm32g0xx_hal.o(.text.HAL_Init) for HAL_Init
    main.o(.text.main) refers to main.o(.text.SystemClock_Config) for SystemClock_Config
    main.o(.text.main) refers to gpio.o(.text.MX_GPIO_Init) for MX_GPIO_Init
    main.o(.text.main) refers to dma.o(.text.MX_DMA_Init) for MX_DMA_Init
    main.o(.text.main) refers to adc.o(.text.MX_ADC1_Init) for MX_ADC1_Init
    main.o(.text.main) refers to app_freertos.o(.text.MX_FREERTOS_Init) for MX_FREERTOS_Init
    main.o(.text.main) refers to cmsis_os.o(.text.osKernelStart) for osKernelStart
    main.o(.ARM.exidx.text.main) refers to main.o(.text.main) for [Anonymous Symbol]
    main.o(.text.SystemClock_Config) refers to rt_memclr.o(.text) for __aeabi_memclr4
    main.o(.text.SystemClock_Config) refers to stm32g0xx_hal_pwr_ex.o(.text.HAL_PWREx_ControlVoltageScaling) for HAL_PWREx_ControlVoltageScaling
    main.o(.text.SystemClock_Config) refers to stm32g0xx_hal_rcc.o(.text.HAL_RCC_OscConfig) for HAL_RCC_OscConfig
    main.o(.text.SystemClock_Config) refers to stm32g0xx_hal_rcc.o(.text.HAL_RCC_ClockConfig) for HAL_RCC_ClockConfig
    main.o(.ARM.exidx.text.SystemClock_Config) refers to main.o(.text.SystemClock_Config) for [Anonymous Symbol]
    main.o(.ARM.exidx.text.Error_Handler) refers to main.o(.text.Error_Handler) for [Anonymous Symbol]
    main.o(.text.HAL_TIM_PeriodElapsedCallback) refers to stm32g0xx_hal.o(.text.HAL_IncTick) for HAL_IncTick
    main.o(.ARM.exidx.text.HAL_TIM_PeriodElapsedCallback) refers to main.o(.text.HAL_TIM_PeriodElapsedCallback) for [Anonymous Symbol]
    gpio.o(.text.MX_GPIO_Init) refers to stm32g0xx_hal_cortex.o(.text.HAL_NVIC_SetPriority) for HAL_NVIC_SetPriority
    gpio.o(.text.MX_GPIO_Init) refers to stm32g0xx_hal_cortex.o(.text.HAL_NVIC_EnableIRQ) for HAL_NVIC_EnableIRQ
    gpio.o(.text.MX_GPIO_Init) refers to stm32g0xx_hal_gpio.o(.text.HAL_GPIO_WritePin) for HAL_GPIO_WritePin
    gpio.o(.text.MX_GPIO_Init) refers to stm32g0xx_hal_gpio.o(.text.HAL_GPIO_Init) for HAL_GPIO_Init
    gpio.o(.ARM.exidx.text.MX_GPIO_Init) refers to gpio.o(.text.MX_GPIO_Init) for [Anonymous Symbol]
    app_freertos.o(.text.MX_FREERTOS_Init) refers to rt_memcpy.o(.text) for __aeabi_memcpy
    app_freertos.o(.text.MX_FREERTOS_Init) refers to cmsis_os.o(.text.osThreadCreate) for osThreadCreate
    app_freertos.o(.text.MX_FREERTOS_Init) refers to app_freertos.o(.rodata.str1.1) for [Anonymous Symbol]
    app_freertos.o(.text.MX_FREERTOS_Init) refers to user_task.o(.text.StartDefaultTask) for StartDefaultTask
    app_freertos.o(.text.MX_FREERTOS_Init) refers to app_freertos.o(.bss.startTaskHandle) for startTaskHandle
    app_freertos.o(.ARM.exidx.text.MX_FREERTOS_Init) refers to app_freertos.o(.text.MX_FREERTOS_Init) for [Anonymous Symbol]
    app_freertos.o(.text.StartDefaultTask) refers to cmsis_os.o(.text.osDelay) for osDelay
    app_freertos.o(.ARM.exidx.text.StartDefaultTask) refers to app_freertos.o(.text.StartDefaultTask) for [Anonymous Symbol]
    adc.o(.text.MX_ADC1_Init) refers to stm32g0xx_hal_adc.o(.text.HAL_ADC_Init) for HAL_ADC_Init
[...]
    __arm_cp.0_7                             0x08002738   Number         4  user_task.o(.text.StartDefaultTask)
    __arm_cp.0_9                             0x08002758   Number         4  user_task.o(.text.StartDefaultTask)
    __arm_cp.0_10                            0x0800275c   Number         4  user_task.o(.text.StartDefaultTask)
    [Anonymous Symbol]                       0x08002760   Section        0  port.o(.text.SysTick_Handler)
    __arm_cp.13_0                            0x08002780   Number         4  port.o(.text.SysTick_Handler)
    [Anonymous Symbol]                       0x08002784   Section        0  main.o(.text.SystemClock_Config)
    [Anonymous Symbol]                       0x080027f0   Section        0  system_stm32g0xx.o(.text.SystemInit)
    [Anonymous Symbol]                       0x080027f4   Section        0  stm32g0xx_it.o(.text.TIM17_IRQHandler)
    __arm_cp.4_0                             0x08002800   Number         4  stm32g0xx_it.o(.text.TIM17_IRQHandler)
    [Anonymous Symbol]                       0x08002804   Section        0  stm32g0xx_hal_tim.o(.text.TIM_Base_SetConfig)
    __arm_cp.2_0                             0x08002884   Number         4  stm32g0xx_hal_tim.o(.text.TIM_Base_SetConfig)
    __arm_cp.2_1                             0x08002888   Number         4  stm32g0xx_hal_tim.o(.text.TIM_Base_SetConfig)
    __arm_cp.2_2                             0x0800288c   Number         4  stm32g0xx_hal_tim.o(.text.TIM_Base_SetConfig)
    __arm_cp.2_3                             0x08002890   Number         4  stm32g0xx_hal_tim.o(.text.TIM_Base_SetConfig)
    __arm_cp.2_4                             0x08002894   Number         4  stm32g0xx_hal_tim.o(.text.TIM_Base_SetConfig)
    [Anonymous Symbol]                       0x08002898   Section        0  tm1639.o(.text.TM1639_Clear)
    [Anonymous Symbol]                       0x080028be   Section        0  tm1639.o(.text.TM1639_Delay)
    [Anonymous Symbol]                       0x080028d4   Section        0  tm1639.o(.text.TM1639_Init)
    [Anonymous Symbol]                       0x08002920   Section        0  tm1639.o(.text.TM1639_KeyScan)
    __arm_cp.18_0                            0x080029f4   Number         4  tm1639.o(.text.TM1639_KeyScan)
    [Anonymous Symbol]                       0x080029f8   Section        0  tm1639.o(.text.TM1639_LetterShow)
    [Anonymous Symbol]                       0x08002a60   Section        0  tm1639.o(.text.TM1639_NumShow)
    [Anonymous Symbol]                       0x08002ad0   Section        0  tm1639.o(.text.TM1639_PowerCtrl)
    [Anonymous Symbol]                       0x08002ae4   Section        0  tm1639.o(.text.TM1639_ReadKey)
    __arm_cp.13_0                            0x08002b8c   Number         4  tm1639.o(.text.TM1639_ReadKey)
    __arm_cp.13_1                            0x08002b90   Number         4  tm1639.o(.text.TM1639_ReadKey)
    [Anonymous Symbol]                       0x08002b94   Section        0  tm1639.o(.text.TM1639_RemixShow)
    __arm_cp.9_0                             0x08002c60   Number         4  tm1639.o(.text.TM1639_RemixShow)
    TM1639_WriteByte                         0x08002c65   Thumb Code    64  tm1639.o(.text.TM1639_WriteByte)
    [Anonymous Symbol]                       0x08002c64   Section        0  tm1639.o(.text.TM1639_WriteByte)
    TM1639_WriteCmd                          0x08002ca5   Thumb Code    24  tm1639.o(.text.TM1639_WriteCmd)
    [Anonymous Symbol]                       0x08002ca4   Section        0  tm1639.o(.text.TM1639_WriteCmd)
    TM1639_WriteData                         0x08002cbd   Thumb Code    40  tm1639.o(.text.TM1639_WriteData)
    [Anonymous Symbol]                       0x08002cbc   Section        0  tm1639.o(.text.TM1639_WriteData)
    __arm_cp.6_0                             0x08002ce4   Number         4  tm1639.o(.text.TM1639_WriteData)
    [Anonymous Symbol]                       0x08002ce8   Section        0  tm1639.o(.text.TM1639_msHandle)
    __arm_cp.20_0                            0x08002d18   Number         4  tm1639.o(.text.TM1639_msHandle)
    __arm_cp.20_1                            0x08002d1c   Number         4  tm1639.o(.text.TM1639_msHandle)
    TM1639_task                              0x08002d21   Thumb Code    88  user_task.o(.text.TM1639_task)
    [Anonymous Symbol]                       0x08002d20   Section        0  user_task.o(.text.TM1639_task)
    __arm_cp.3_0                             0x08002d78   Number         4  user_task.o(.text.TM1639_task)
    _DoInit                                  0x08002d7d   Thumb Code    76  segger_rtt.o(.text._DoInit)
    [Anonymous Symbol]                       0x08002d7c   Section        0  segger_rtt.o(.text._DoInit)
    __arm_cp.1_0                             0x08002dc8   Number         4  segger_rtt.o(.text._DoInit)
    __arm_cp.1_1                             0x08002dcc   Number         4  segger_rtt.o(.text._DoInit)
    __arm_cp.1_2                             0x08002dd0   Number         4  segger_rtt.o(.text._DoInit)
    __arm_cp.1_3                             0x08002dd4   Number         4  segger_rtt.o(.text._DoInit)
    __arm_cp.1_4                             0x08002dd8   Number         4  segger_rtt.o(.text._DoInit)
    _GetAvailWriteSpace                      0x08002ddd   Thumb Code    22  segger_rtt.o(.text._GetAvailWriteSpace)
    [Anonymous Symbol]                       0x08002ddc   Section        0  segger_rtt.o(.text._GetAvailWriteSpace)
    _PrintUnsigned                           0x08002df5   Thumb Code   244  segger_rtt_printf.o(.text._PrintUnsigned)
    [Anonymous Symbol]                       0x08002df4   Section        0  segger_rtt_printf.o(.text._PrintUnsigned)
    _PrintUnsigned._aV2C                     0x08002ee8   Number         0  segger_rtt_printf.o(.text._PrintUnsigned)
    _StoreChar                               0x08002ef9   Thumb Code    64  segger_rtt_printf.o(.text._StoreChar)
    [Anonymous Symbol]                       0x08002ef8   Section        0  segger_rtt_printf.o(.text._StoreChar)
    _WriteBlocking                           0x08002f39   Thumb Code    92  segger_rtt.o(.text._WriteBlocking)
    [Anonymous Symbol]                       0x08002f38   Section        0  segger_rtt.o(.text._WriteBlocking)
    _WriteNoCheck                            0x08002f95   Thumb Code    54  segger_rtt.o(.text._WriteNoCheck)
    [Anonymous Symbol]                       0x08002f94   Section        0  segger_rtt.o(.text._WriteNoCheck)
    __NVIC_SetPriority                       0x08002fcd   Thumb Code    48  stm32g0xx_hal_cortex.o(.text.__NVIC_SetPriority)
    [Anonymous Symbol]                       0x08002fcc   Section        0  stm32g0xx_hal_cortex.o(.text.__NVIC_SetPriority)
    __arm_cp.1_0                             0x08002ffc   Number         4  stm32g0xx_hal_cortex.o(.text.__NVIC_SetPriority)
    __arm_cp.1_1                             0x08003000   Number         4  stm32g0xx_hal_cortex.o(.text.__NVIC_SetPriority)
    getLetterCode                            0x08003005   Thumb Code    40  tm1639.o(.text.getLetterCode)
    [Anonymous Symbol]                       0x08003004   Section        0  tm1639.o(.text.getLetterCode)
    get_data_pin                             0x08003065   Thumb Code    14  tm1639.o(.text.get_data_pin)
    [Anonymous Symbol]                       0x08003064   Section        0  tm1639.o(.text.get_data_pin)
    [Anonymous Symbol]                       0x08003072   Section        0  main.o(.text.main)
    [Anonymous Symbol]                       0x08003090   Section        0  cmsis_os.o(.text.osKernelStart)
    [Anonymous Symbol]                       0x0800309a   Section        0  cmsis_os.o(.text.osThreadCreate)
    prvAddCurrentTaskToDelayedList           0x080030cd   Thumb Code    80  tasks.o(.text.prvAddCurrentTaskToDelayedList)
    [Anonymous Symbol]                       0x080030cc   Section        0  tasks.o(.text.prvAddCurrentTaskToDelayedList)
    prvCheckForValidListAndQueue             0x0800311d   Thumb Code    68  timers.o(.text.prvCheckForValidListAndQueue)
    [Anonymous Symbol]                       0x0800311c   Section        0  timers.o(.text.prvCheckForValidListAndQueue)
    __arm_cp.1_0                             0x08003160   Number         4  timers.o(.text.prvCheckForValidListAndQueue)
    prvCopyDataFromQueue                     0x0800316d   Thumb Code    34  queue.o(.text.prvCopyDataFromQueue)
    [Anonymous Symbol]                       0x0800316c   Section        0  queue.o(.text.prvCopyDataFromQueue)
    prvCopyDataToQueue                       0x0800318f   Thumb Code   118  queue.o(.text.prvCopyDataToQueue)
    [Anonymous Symbol]                       0x0800318e   Section        0  queue.o(.text.prvCopyDataToQueue)
    prvDeleteTCB                             0x08003205   Thumb Code    18  tasks.o(.text.prvDeleteTCB)
    [Anonymous Symbol]                       0x08003204   Section        0  tasks.o(.text.prvDeleteTCB)
    prvIdleTask                              0x08003219   Thumb Code    60  tasks.o(.text.prvIdleTask)
    [Anonymous Symbol]                       0x08003218   Section        0  tasks.o(.text.prvIdleTask)
    __arm_cp.17_1                            0x08003254   Number         4  tasks.o(.text.prvIdleTask)
    prvInsertBlockIntoFreeList               0x08003259   Thumb Code    64  heap_4.o(.text.prvInsertBlockIntoFreeList)
    [Anonymous Symbol]                       0x08003258   Section        0  heap_4.o(.text.prvInsertBlockIntoFreeList)
    __arm_cp.1_0                             0x08003298   Number         4  heap_4.o(.text.prvInsertBlockIntoFreeList)
    prvInsertTimerInActiveList               0x0800329d   Thumb Code    52  timers.o(.text.prvInsertTimerInActiveList)
    [Anonymous Symbol]                       0x0800329c   Section        0  timers.o(.text.prvInsertTimerInActiveList)
    prvIsQueueEmpty                          0x080032d1   Thumb Code    22  queue.o(.text.prvIsQueueEmpty)
    [Anonymous Symbol]                       0x080032d0   Section        0  queue.o(.text.prvIsQueueEmpty)
    prvResetNextTaskUnblockTime              0x080032e9   Thumb Code    28  tasks.o(.text.prvResetNextTaskUnblockTime)
    [Anonymous Symbol]                       0x080032e8   Section        0  tasks.o(.text.prvResetNextTaskUnblockTime)
    __arm_cp.3_0                             0x08003304   Number         4  tasks.o(.text.prvResetNextTaskUnblockTime)
    prvSampleTimeNow                         0x08003309   Thumb Code   124  timers.o(.text.prvSampleTimeNow)
    [Anonymous Symbol]                       0x08003308   Section        0  timers.o(.text.prvSampleTimeNow)
    prvTaskExitError                         0x08003385   Thumb Code    28  port.o(.text.prvTaskExitError)
    [Anonymous Symbol]                       0x08003384   Section        0  port.o(.text.prvTaskExitError)
    __arm_cp.1_0                             0x080033a0   Number         4  port.o(.text.prvTaskExitError)
    prvTimerTask                             0x080033a5   Thumb Code   384  timers.o(.text.prvTimerTask)
    [Anonymous Symbol]                       0x080033a4   Section        0  timers.o(.text.prvTimerTask)
    __arm_cp.2_0                             0x08003524   Number         4  timers.o(.text.prvTimerTask)
    prvUnlockQueue                           0x08003529   Thumb Code   102  queue.o(.text.prvUnlockQueue)
    [Anonymous Symbol]                       0x08003528   Section        0  queue.o(.text.prvUnlockQueue)
    [Anonymous Symbol]                       0x08003590   Section        0  heap_4.o(.text.pvPortMalloc)
    __arm_cp.0_1                             0x08003684   Number         4  heap_4.o(.text.pvPortMalloc)
    [Anonymous Symbol]                       0x08003688   Section        0  port.o(.text.pxPortInitialiseStack)
    __arm_cp.0_0                             0x080036a8   Number         4  port.o(.text.pxPortInitialiseStack)
    set_clk_pin                              0x080036ad   Thumb Code    16  tm1639.o(.text.set_clk_pin)
    [Anonymous Symbol]                       0x080036ac   Section        0  tm1639.o(.text.set_clk_pin)
    set_data_pin_mode                        0x080036bd   Thumb Code    38  tm1639.o(.text.set_data_pin_mode)
    [Anonymous Symbol]                       0x080036bc   Section        0  tm1639.o(.text.set_data_pin_mode)
    set_strobe_pin                           0x080036e3   Thumb Code    16  tm1639.o(.text.set_strobe_pin)
    [Anonymous Symbol]                       0x080036e2   Section        0  tm1639.o(.text.set_strobe_pin)
    [Anonymous Symbol]                       0x080036f2   Section        0  port.o(.text.ulSetInterruptMaskFromISR)
    [Anonymous Symbol]                       0x080036fa   Section        0  list.o(.text.uxListRemove)
    [Anonymous Symbol]                       0x0800371c   Section        0  port.o(.text.vClearInterruptMaskFromISR)
    [Anonymous Symbol]                       0x08003722   Section        0  list.o(.text.vListInitialise)
    [Anonymous Symbol]                       0x08003736   Section        0  list.o(.text.vListInitialiseItem)
    [Anonymous Symbol]                       0x0800373c   Section        0  list.o(.text.vListInsert)
    [Anonymous Symbol]                       0x0800376a   Section        0  list.o(.text.vListInsertEnd)
    [Anonymous Symbol]                       0x08003784   Section        0  port.o(.text.vPortEnterCritical)
    [Anonymous Symbol]                       0x08003798   Section        0  port.o(.text.vPortExitCritical)
    [Anonymous Symbol]                       0x080037b0   Section        0  heap_4.o(.text.vPortFree)
    __arm_cp.2_0                             0x080037fc   Number         4  heap_4.o(.text.vPortFree)
    [Anonymous Symbol]                       0x08003800   Section        0  port.o(.text.vPortSetupTimerInterrupt)
    __arm_cp.4_0                             0x08003820   Number         4  port.o(.text.vPortSetupTimerInterrupt)
    __arm_cp.4_1                             0x08003824   Number         4  port.o(.text.vPortSetupTimerInterrupt)
    vPortStartFirstTask                      0x08003831   Thumb Code    52  port.o(.text.vPortStartFirstTask)
    [Anonymous Symbol]                       0x08003830   Section        0  port.o(.text.vPortStartFirstTask)
    pxCurrentTCBConst2                       0x08003860   Number         0  port.o(.text.vPortStartFirstTask)
    [Anonymous Symbol]                       0x08003864   Section        0  port.o(.text.vPortYield)
    __arm_cp.7_0                             0x08003878   Number         4  port.o(.text.vPortYield)
    [Anonymous Symbol]                       0x0800387c   Section        0  queue.o(.text.vQueueAddToRegistry)
    __arm_cp.22_0                            0x08003898   Number         4  queue.o(.text.vQueueAddToRegistry)
    [Anonymous Symbol]                       0x0800389c   Section        0  queue.o(.text.vQueueWaitForMessageRestricted)
    [Anonymous Symbol]                       0x080038e0   Section        0  tasks.o(.text.vTaskDelay)
    [Anonymous Symbol]                       0x08003910   Section        0  tasks.o(.text.vTaskInternalSetTimeOutState)
    [Anonymous Symbol]                       0x0800391c   Section        0  tasks.o(.text.vTaskMissedYield)
    [Anonymous Symbol]                       0x08003924   Section        0  tasks.o(.text.vTaskPlaceOnEventList)
    [Anonymous Symbol]                       0x08003944   Section        0  tasks.o(.text.vTaskPlaceOnEventListRestricted)
    [Anonymous Symbol]                       0x08003970   Section        0  tasks.o(.text.vTaskStartScheduler)
    __arm_cp.16_0                            0x080039b0   Number         4  tasks.o(.text.vTaskStartScheduler)
    __arm_cp.16_1                            0x080039b4   Number         4  tasks.o(.text.vTaskStartScheduler)
    [Anonymous Symbol]                       0x080039c0   Section        0  tasks.o(.text.vTaskSuspendAll)
    [Anonymous Symbol]                       0x080039cc   Section        0  tasks.o(.text.vTaskSwitchContext)
    __arm_cp.13_0                            0x08003a18   Number         4  tasks.o(.text.vTaskSwitchContext)
    __arm_cp.13_1                            0x08003a1c   Number         4  tasks.o(.text.vTaskSwitchContext)
    vTimerCallback                           0x08003a21   Thumb Code     8  user_task.o(.text.vTimerCallback)
    [Anonymous Symbol]                       0x08003a20   Section        0  user_task.o(.text.vTimerCallback)
    [Anonymous Symbol]                       0x08003a28   Section        0  heap_4.o(.text.xPortGetFreeHeapSize)
    __arm_cp.3_0                             0x08003a30   Number         4  heap_4.o(.text.xPortGetFreeHeapSize)
    [Anonymous Symbol]                       0x08003a34   Section        0  port.o(.text.xPortStartScheduler)
    __arm_cp.3_0                             0x08003a64   Number         4  port.o(.text.xPortStartScheduler)
    __arm_cp.3_1                             0x08003a68   Number         4  port.o(.text.xPortStartScheduler)
    [Anonymous Symbol]                       0x08003a6c   Section        0  queue.o(.text.xQueueGenericCreate)
    [Anonymous Symbol]                       0x08003aa4   Section        0  queue.o(.text.xQueueGenericReset)
    [Anonymous Symbol]                       0x08003b0a   Section        0  queue.o(.text.xQueueGenericSend)
    [Anonymous Symbol]                       0x08003c28   Section        0  queue.o(.text.xQueueGenericSendFromISR)
    [Anonymous Symbol]                       0x08003cb6   Section        0  queue.o(.text.xQueueReceive)
    [Anonymous Symbol]                       0x08003dc0   Section        0  tasks.o(.text.xTaskCheckForTimeOut)
    [Anonymous Symbol]                       0x08003e18   Section        0  tasks.o(.text.xTaskCreate)
    __arm_cp.0_2                             0x08003f8c   Number         4  tasks.o(.text.xTaskCreate)
    __arm_cp.0_3                             0x08003f90   Number         4  tasks.o(.text.xTaskCreate)
    [Anonymous Symbol]                       0x08003f94   Section        0  tasks.o(.text.xTaskGetSchedulerState)
    [Anonymous Symbol]                       0x08003fac   Section        0  tasks.o(.text.xTaskGetTickCount)
    [Anonymous Symbol]                       0x08003fb4   Section        0  tasks.o(.text.xTaskIncrementTick)
    [Anonymous Symbol]                       0x08004078   Section        0  tasks.o(.text.xTaskPriorityDisinherit)
    [Anonymous Symbol]                       0x080040d4   Section        0  tasks.o(.text.xTaskRemoveFromEventList)
    __arm_cp.28_0                            0x08004130   Number         4  tasks.o(.text.xTaskRemoveFromEventList)
    [Anonymous Symbol]                       0x08004134   Section        0  tasks.o(.text.xTaskResumeAll)
    __arm_cp.7_0                             0x080041dc   Number         4  tasks.o(.text.xTaskResumeAll)
    __arm_cp.7_1                             0x080041e0   Number         4  tasks.o(.text.xTaskResumeAll)
    [Anonymous Symbol]                       0x080041e4   Section        0  timers.o(.text.xTimerCreate)
    [Anonymous Symbol]                       0x08004238   Section        0  timers.o(.text.xTimerCreateTimerTask)
    __arm_cp.0_0                             0x08004268   Number         4  timers.o(.text.xTimerCreateTimerTask)
    __arm_cp.0_1                             0x0800426c   Number         4  timers.o(.text.xTimerCreateTimerTask)
    [Anonymous Symbol]                       0x08004278   Section        0  timers.o(.text.xTimerGenericCommand)
    __arm_cp.4_0                             0x080042c8   Number         4  timers.o(.text.xTimerGenericCommand)
    [Anonymous Symbol]                       0x080042cc   Section        0  console.o(.rodata..L__const.IdleMenu_handle.menu_display_dot)
    _DoInit._aInitStr                        0x08004334   Data          17  segger_rtt.o(.rodata._DoInit._aInitStr)
    [Anonymous Symbol]                       0x08004334   Section        0  segger_rtt.o(.rodata._DoInit._aInitStr)
    key_mask                                 0x08004346   Data          10  tm1639.o(.rodata.key_mask)
    [Anonymous Symbol]                       0x08004346   Section        0  tm1639.o(.rodata.key_mask)
    [Anonymous Symbol]                       0x08004350   Section        0  app_freertos.o(.rodata.str1.1)
    [Anonymous Symbol]                       0x0800435a   Section        0  console.o(.rodata.str1.1)
    [Anonymous Symbol]                       0x080043fc   Section        0  user_task.o(.rodata.str1.1)
    [Anonymous Symbol]                       0x0800440a   Section        0  tm1639.o(.rodata.str1.1)
    [Anonymous Symbol]                       0x08004415   Section        0  segger_rtt.o(.rodata.str1.1)
    [Anonymous Symbol]                       0x20000000   Section        0  console.o(.data..L_MergedGlobals)
    [Anonymous Symbol]                       0x20000040   Section        0  stm32g0xx_hal.o(.data..L_MergedGlobals)
    key_info                                 0x2000004c   Data          32  bsp_key.o(.data.key_info)
    [Anonymous Symbol]                       0x2000004c   Section        0  bsp_key.o(.data.key_info)
    tm1639key_info                           0x2000006c   Data          40  tm1639.o(.data.tm1639key_info)
    [Anonymous Symbol]                       0x2000006c   Section        0  tm1639.o(.data.tm1639key_info)
    uxCriticalNesting                        0x20000094   Data           4  port.o(.data.uxCriticalNesting)
    [Anonymous Symbol]                       0x20000094   Section        0  port.o(.data.uxCriticalNesting)
    .bss                                     0x20000098   Section       96  libspace.o(.bss)
    [Anonymous Symbol]                       0x200000f8   Section        0  user_task.o(.bss..L_MergedGlobals)
    start_hooking                            0x20000100   Data           1  tm1639.o(.bss..L_MergedGlobals)
    [Anonymous Symbol]                       0x20000100   Section        0  tm1639.o(.bss..L_MergedGlobals)
    TM1639_msHandle.check_key_delay          0x20000101   Data           1  tm1639.o(.bss..L_MergedGlobals)
    TM1639Key_Value                          0x20000102   Data           2  tm1639.o(.bss..L_MergedGlobals)
    [Anonymous Symbol]                       0x20000104   Section        0  tasks.o(.bss..L_MergedGlobals)
    uxTaskNumber                             0x20000108   Data           4  tasks.o(.bss..L_MergedGlobals)
    uxDeletedTasksWaitingCleanUp             0x2000010c   Data           4  tasks.o(.bss..L_MergedGlobals)
    uxCurrentNumberOfTasks                   0x20000110   Data           4  tasks.o(.bss..L_MergedGlobals)
    xSchedulerRunning                        0x20000114   Data           4  tasks.o(.bss..L_MergedGlobals)
    uxSchedulerSuspended                     0x20000118   Data           4  tasks.o(.bss..L_MergedGlobals)
    xTickCount                               0x2000011c   Data           4  tasks.o(.bss..L_MergedGlobals)
    uxTopReadyPriority                       0x20000120   Data           4  tasks.o(.bss..L_MergedGlobals)
    xIdleTaskHandle                          0x20000124   Data           4  tasks.o(.bss..L_MergedGlobals)
    xNextTaskUnblockTime                     0x20000128   Data           4  tasks.o(.bss..L_MergedGlobals)
    xYieldPending                            0x2000012c   Data           4  tasks.o(.bss..L_MergedGlobals)
    xPendedTicks                             0x20000130   Data           4  tasks.o(.bss..L_MergedGlobals)
    pxDelayedTaskList                        0x20000134   Data           4  tasks.o(.bss..L_MergedGlobals)
    pxOverflowDelayedTaskList                0x20000138   Data           4  tasks.o(.bss..L_MergedGlobals)
    xNumOfOverflows                          0x2000013c   Data           4  tasks.o(.bss..L_MergedGlobals)
    xTasksWaitingTermination                 0x20000140   Data          20  tasks.o(.bss..L_MergedGlobals)
    xSuspendedTaskList                       0x20000154   Data          20  tasks.o(.bss..L_MergedGlobals)
    xPendingReadyList                        0x20000168   Data          20  tasks.o(.bss..L_MergedGlobals)
    xTimerQueue                              0x2000017c   Data           4  timers.o(.bss..L_MergedGlobals)
    [Anonymous Symbol]                       0x2000017c   Section        0  timers.o(.bss..L_MergedGlobals)
    xTimerTaskHandle                         0x20000180   Data           4  timers.o(.bss..L_MergedGlobals)
    pxCurrentTimerList                       0x20000184   Data           4  timers.o(.bss..L_MergedGlobals)
    pxOverflowTimerList                      0x20000188   Data           4  timers.o(.bss..L_MergedGlobals)
    prvSampleTimeNow.xLastTime               0x2000018c   Data           4  timers.o(.bss..L_MergedGlobals)
    xActiveTimerList1                        0x20000190   Data          20  timers.o(.bss..L_MergedGlobals)
    xActiveTimerList2                        0x200001a4   Data          20  timers.o(.bss..L_MergedGlobals)
    xBlockAllocatedBit                       0x200001b8   Data           1  heap_4.o(.bss..L_MergedGlobals)
    [Anonymous Symbol]                       0x200001b8   Section        0  heap_4.o(.bss..L_MergedGlobals)
    pxEnd                                    0x200001bc   Data           4  heap_4.o(.bss..L_MergedGlobals)
    xFreeBytesRemaining                      0x200001c0   Data           4  heap_4.o(.bss..L_MergedGlobals)
    xMinimumEverFreeBytesRemaining           0x200001c4   Data           4  heap_4.o(.bss..L_MergedGlobals)
    xNumberOfSuccessfulAllocations           0x200001c8   Data           4  heap_4.o(.bss..L_MergedGlobals)
    xNumberOfSuccessfulFrees                 0x200001cc   Data           4  heap_4.o(.bss..L_MergedGlobals)
    xStart                                   0x200001d0   Data           8  heap_4.o(.bss..L_MergedGlobals)
    xDelayedTaskList1                        0x200001d8   Data          20  tasks.o(.bss..L_MergedGlobals.1)
    [Anonymous Symbol]                       0x200001d8   Section        0  tasks.o(.bss..L_MergedGlobals.1)
    xDelayedTaskList2                        0x200001ec   Data          20  tasks.o(.bss..L_MergedGlobals.1)
    [Anonymous Symbol]                       0x20000200   Section        0  console.o(.bss..L_MergedGlobals.20)
    _acDownBuffer                            0x200002b0   Data          16  segger_rtt.o(.bss._acDownBuffer)
    [Anonymous Symbol]                       0x200002b0   Section        0  segger_rtt.o(.bss._acDownBuffer)
    _acUpBuffer                              0x200002c0   Data        1024  segger_rtt.o(.bss._acUpBuffer)
    [Anonymous Symbol]                       0x200002c0   Section        0  segger_rtt.o(.bss._acUpBuffer)
    pxReadyTasksLists                        0x200007d0   Data         140  tasks.o(.bss.pxReadyTasksLists)
    [Anonymous Symbol]                       0x200007d0   Section        0  tasks.o(.bss.pxReadyTasksLists)
    ucHeap                                   0x20000860   Data        4096  heap_4.o(.bss.ucHeap)
    [Anonymous Symbol]                       0x20000860   Section        0  heap_4.o(.bss.ucHeap)
    Heap_Mem                                 0x200018a8   Data         512  startup_stm32g030xx.o(HEAP)
    HEAP                                     0x200018a8   Section      512  startup_stm32g030xx.o(HEAP)
    Stack_Mem                                0x20001aa8   Data        1024  startup_stm32g030xx.o(STACK)
    STACK                                    0x20001aa8   Section     1024  startup_stm32g030xx.o(STACK)
    __initial_sp                             0x20001ea8   Data           0  startup_stm32g030xx.o(STACK)

    Global Symbols

    Symbol Name                              Value     Ov Type        Size  Object(Section)

    BuildAttributes$$THM_ISAv3M$S$PE$A:L22$X:L11$S22$IEEE1$IW$~IW$USESV6$~STKCKD$USESV7$~SHL$OSPACE$ROPI$EBA8$UX$STANDARDLIB$REQ8$PRES8$EABIv2 0x00000000   Number         0  anon$$obj.o ABSOLUTE
    __ARM_exceptions_init                     - Undefined Weak Reference
    __alloca_initialize                       - Undefined Weak Reference
    __arm_preinit_                            - Undefined Weak Reference
    __arm_relocate_pie_                       - Undefined Weak Reference
    __cpp_initialize__aeabi_                  - Undefined Weak Reference
    __cxa_finalize                            - Undefined Weak Reference
    __rt_locale                               - Undefined Weak Reference
    __sigvec_lookup                           - Undefined Weak Reference
    _atexit_init                              - Undefined Weak Reference
    _call_atexit_fns                          - Undefined Weak Reference
    _clock_init                               - Undefined Weak Reference
    _fp_trap_init                             - Undefined Weak Reference
    _fp_trap_shutdown                         - Undefined Weak Reference
    _get_lc_collate                           - Undefined Weak Reference
    _get_lc_ctype                             - Undefined Weak Reference
    _get_lc_monetary                          - Undefined Weak Reference
    _get_lc_numeric                           - Undefined Weak Reference
    _get_lc_time                              - Undefined Weak Reference
    _getenv_init                              - Undefined Weak Reference
    _handle_redirection                       - Undefined Weak Reference
    _init_alloc                               - Undefined Weak Reference
    _init_user_alloc                          - Undefined Weak Reference
    _initio                                   - Undefined Weak Reference
    _rand_init                                - Undefined Weak Reference
    _signal_finish                            - Undefined Weak Reference
    _signal_init                              - Undefined Weak Reference
    _terminate_alloc                          - Undefined Weak Reference
    _terminate_user_alloc                     - Undefined Weak Reference
    _terminateio                              - Undefined Weak Reference
    __Vectors_Size                           0x000000c0   Number         0  startup_stm32g030xx.o ABSOLUTE
    __Vectors                                0x08000000   Data           4  startup_stm32g030xx.o(RESET)
    __Vectors_End                            0x080000c0   Data           0  startup_stm32g030xx.o(RESET)
    __main                                   0x080000c1   Thumb Code     8  __main.o(!!!main)
    __scatterload                            0x080000c9   Thumb Code     0  __scatter.o(!!!scatter)
    __scatterload_rt2                        0x080000c9   Thumb Code    74  __scatter.o(!!!scatter)
    __scatterload_rt2_thumb_only             0x080000c9   Thumb Code     0  __scatter.o(!!!scatter)
    __scatterload_loop                       0x080000d3   Thumb Code     0  __scatter.o(!!!scatter)
    __scatterload_copy                       0x0800011d   Thumb Code    26  __scatter_copy.o(!!handler_copy)
    __scatterload_null                       0x08000139   Thumb Code     2  __scatter.o(!!handler_null)
    __scatterload_zeroinit                   0x0800013d   Thumb Code    28  __scatter_zi.o(!!handler_zi)
    __rt_lib_init                            0x08000159   Thumb Code     0  libinit.o(.ARM.Collect$$libinit$$00000000)
    __rt_lib_init_alloca_1                   0x0800015b   Thumb Code     0  libinit2.o(.ARM.Collect$$libinit$$00000030)
    __rt_lib_init_argv_1                     0x0800015b   Thumb Code     0  libinit2.o(.ARM.Collect$$libinit$$0000002E)
    __rt_lib_init_atexit_1                   0x0800015b   Thumb Code     0  libinit2.o(.ARM.Collect$$libinit$$0000001D)
    __rt_lib_init_clock_1                    0x0800015b   Thumb Code     0  libinit2.o(.ARM.Collect$$libinit$$00000023)
    __rt_lib_init_cpp_1                      0x0800015b   Thumb Code     0  libinit2.o(.ARM.Collect$$libinit$$00000034)
    __rt_lib_init_exceptions_1               0x0800015b   Thumb Code     0  libinit2.o(.ARM.Collect$$libinit$$00000032)
    __rt_lib_init_fp_1                       0x0800015b   Thumb Code     0  libinit2.o(.ARM.Collect$$libinit$$00000002)
    __rt_lib_init_fp_trap_1                  0x0800015b   Thumb Code     0  libinit2.o(.ARM.Collect$$libinit$$00000021)
    __rt_lib_init_getenv_1                   0x0800015b   Thumb Code     0  libinit2.o(.ARM.Collect$$libinit$$00000025)
    __rt_lib_init_heap_1                     0x0800015b   Thumb Code     0  libinit2.o(.ARM.Collect$$libinit$$0000000C)
    __rt_lib_init_lc_collate_1               0x0800015b   Thumb Code     0  libinit2.o(.ARM.Collect$$libinit$$00000013)
    __rt_lib_init_lc_ctype_1                 0x0800015b   Thumb Code     0  libinit2.o(.ARM.Collect$$libinit$$00000015)
    __rt_lib_init_lc_monetary_1              0x0800015b   Thumb Code     0  libinit2.o(.ARM.Collect$$libinit$$00000017)
    __rt_lib_init_lc_numeric_1               0x0800015b   Thumb Code     0  libinit2.o(.ARM.Collect$$libinit$$00000019)
    __rt_lib_init_lc_time_1                  0x0800015b   Thumb Code     0  libinit2.o(.ARM.Collect$$libinit$$0000001B)
    __rt_lib_init_preinit_1                  0x0800015b   Thumb Code     0  libinit2.o(.ARM.Collect$$libinit$$00000006)
    __rt_lib_init_rand_1                     0x0800015b   Thumb Code     0  libinit2.o(.ARM.Collect$$libinit$$00000010)
    __rt_lib_init_relocate_pie_1             0x0800015b   Thumb Code     0  libinit2.o(.ARM.Collect$$libinit$$00000004)
    __rt_lib_init_return                     0x0800015b   Thumb Code     0  libinit2.o(.ARM.Collect$$libinit$$00000035)
    __rt_lib_init_signal_1                   0x0800015b   Thumb Code     0  libinit2.o(.ARM.Collect$$libinit$$0000001F)
    __rt_lib_init_stdio_1                    0x0800015b   Thumb Code     0  libinit2.o(.ARM.Collect$$libinit$$00000027)
    __rt_lib_init_user_alloc_1               0x0800015b   Thumb Code     0  libinit2.o(.ARM.Collect$$libinit$$0000000E)
    __rt_lib_shutdown                        0x0800015d   Thumb Code     0  libshutdown.o(.ARM.Collect$$libshutdown$$00000000)
    __rt_lib_shutdown_cpp_1                  0x0800015f   Thumb Code     0  libshutdown2.o(.ARM.Collect$$libshutdown$$00000002)
    __rt_lib_shutdown_fp_trap_1              0x0800015f   Thumb Code     0  libshutdown2.o(.ARM.Collect$$libshutdown$$00000007)
    __rt_lib_shutdown_heap_1                 0x0800015f   Thumb Code     0  libshutdown2.o(.ARM.Collect$$libshutdown$$0000000F)
    __rt_lib_shutdown_return                 0x0800015f   Thumb Code     0  libshutdown2.o(.ARM.Collect$$libshutdown$$00000010)
    __rt_lib_shutdown_signal_1               0x0800015f   Thumb Code     0  libshutdown2.o(.ARM.Collect$$libshutdown$$0000000A)
    __rt_lib_shutdown_stdio_1                0x0800015f   Thumb Code     0  libshutdown2.o(.ARM.Collect$$libshutdown$$00000004)
    __rt_lib_shutdown_user_alloc_1           0x0800015f   Thumb Code     0  libshutdown2.o(.ARM.Collect$$libshutdown$$0000000C)
    __rt_entry                               0x08000161   Thumb Code     0  __rtentry.o(.ARM.Collect$$rtentry$$00000000)
    __rt_entry_presh_1                       0x08000161   Thumb Code     0  __rtentry2.o(.ARM.Collect$$rtentry$$00000002)
    __rt_entry_sh                            0x08000161   Thumb Code     0  __rtentry4.o(.ARM.Collect$$rtentry$$00000004)
    __rt_entry_li                            0x08000167   Thumb Code     0  __rtentry2.o(.ARM.Collect$$rtentry$$0000000A)
    __rt_entry_postsh_1                      0x08000167   Thumb Code     0  __rtentry2.o(.ARM.Collect$$rtentry$$00000009)
    __rt_entry_main                          0x0800016b   Thumb Code     0  __rtentry2.o(.ARM.Collect$$rtentry$$0000000D)
    __rt_entry_postli_1                      0x0800016b   Thumb Code     0  __rtentry2.o(.ARM.Collect$$rtentry$$0000000C)
    __rt_exit                                0x08000173   Thumb Code     0  rtexit.o(.ARM.Collect$$rtexit$$00000000)
    __rt_exit_ls                             0x08000175   Thumb Code     0  rtexit2.o(.ARM.Collect$$rtexit$$00000003)
    __rt_exit_prels_1                        0x08000175   Thumb Code     0  rtexit2.o(.ARM.Collect$$rtexit$$00000002)
    __rt_exit_exit                           0x08000179   Thumb Code     0  rtexit2.o(.ARM.Collect$$rtexit$$00000004)
    __aeabi_memcpy4                          0x08000181   Thumb Code    56  rt_memcpy.o(.emb_text)
    __aeabi_memcpy8                          0x08000181   Thumb Code     0  rt_memcpy.o(.emb_text)
    Reset_Handler                            0x080001b9   Thumb Code     8  startup_stm32g030xx.o(.text)
    ADC1_IRQHandler                          0x080001cb   Thumb Code     0  startup_stm32g030xx.o(.text)
    DMA1_Ch4_5_DMAMUX1_OVR_IRQHandler        0x080001cb   Thumb Code     0  startup_stm32g030xx.o(.text)
    DMA1_Channel2_3_IRQHandler               0x080001cb   Thumb Code     0  startup_stm32g030xx.o(.text)
    EXTI0_1_IRQHandler                       0x080001cb   Thumb Code     0  startup_stm32g030xx.o(.text)
    EXTI2_3_IRQHandler                       0x080001cb   Thumb Code     0  startup_stm32g030xx.o(.text)
    FLASH_IRQHandler                         0x080001cb   Thumb Code     0  startup_stm32g030xx.o(.text)
    I2C1_IRQHandler                          0x080001cb   Thumb Code     0  startup_stm32g030xx.o(.text)
    I2C2_IRQHandler                          0x080001cb   Thumb Code     0  startup_stm32g030xx.o(.text)
    RCC_IRQHandler                           0x080001cb   Thumb Code     0  startup_stm32g030xx.o(.text)
    RTC_TAMP_IRQHandler                      0x080001cb   Thumb Code     0  startup_stm32g030xx.o(.text)
    SPI1_IRQHandler                          0x080001cb   Thumb Code     0  startup_stm32g030xx.o(.text)
    SPI2_IRQHandler                          0x080001cb   Thumb Code     0  startup_stm32g030xx.o(.text)
    TIM14_IRQHandler                         0x080001cb   Thumb Code     0  startup_stm32g030xx.o(.text)
    TIM16_IRQHandler                         0x080001cb   Thumb Code     0  startup_stm32g030xx.o(.text)
    TIM1_BRK_UP_TRG_COM_IRQHandler           0x080001cb   Thumb Code     0  startup_stm32g030xx.o(.text)
    TIM1_CC_IRQHandler                       0x080001cb   Thumb Code     0  startup_stm32g030xx.o(.text)
    TIM3_IRQHandler                          0x080001cb   Thumb Code     0  startup_stm32g030xx.o(.text)
    USART1_IRQHandler                        0x080001cb   Thumb Code     0  startup_stm32g030xx.o(.text)
    USART2_IRQHandler                        0x080001cb   Thumb Code     0  startup_stm32g030xx.o(.text)
    WWDG_IRQHandler                          0x080001cb   Thumb Code     0  startup_stm32g030xx.o(.text)
    __user_initial_stackheap                 0x080001cd   Thumb Code     0  startup_stm32g030xx.o(.text)
    memcmp                                   0x080001f1   Thumb Code    90  memcmp.o(.text)
    __aeabi_memcpy                           0x0800024b   Thumb Code   130  rt_memcpy.o(.text)
    __rt_memcpy                              0x0800024b   Thumb Code     0  rt_memcpy.o(.text)
    _memset_w                                0x080002cd   Thumb Code    26  rt_memclr.o(.text)
    _memset                                  0x080002e7   Thumb Code    30  rt_memclr.o(.text)
    __aeabi_memclr                           0x08000305   Thumb Code     4  rt_memclr.o(.text)
    __rt_memclr                              0x08000305   Thumb Code     0  rt_memclr.o(.text)
    __aeabi_memclr4                          0x08000309   Thumb Code     0  rt_memclr.o(.text)
    __aeabi_memclr8                          0x08000309   Thumb Code     0  rt_memclr.o(.text)
    __rt_memclr_w                            0x08000309   Thumb Code     4  rt_memclr.o(.text)
    __aeabi_uidiv                            0x0800030d   Thumb Code     0  aeabi_sdiv.o(.text)
    __aeabi_uidivmod                         0x0800030d   Thumb Code    20  aeabi_sdiv.o(.text)
    __aeabi_idiv                             0x08000321   Thumb Code     0  aeabi_sdiv.o(.text)
    __aeabi_idivmod                          0x08000321   Thumb Code   338  aeabi_sdiv.o(.text)
    __use_two_region_memory                  0x08000479   Thumb Code     2  heapauxi.o(.text)
    __rt_heap_escrow$2region                 0x0800047b   Thumb Code     2  heapauxi.o(.text)
    __rt_heap_expand$2region                 0x0800047d   Thumb Code     2  heapauxi.o(.text)
    __user_setup_stackheap                   0x0800047f   Thumb Code    62  sys_stackheap_outer.o(.text)
    exit                                     0x080004bd   Thumb Code    16  exit.o(.text)
    __user_libspace                          0x080004cd   Thumb Code     8  libspace.o(.text)
    __user_perproc_libspace                  0x080004cd   Thumb Code     0  libspace.o(.text)
    __user_perthread_libspace                0x080004cd   Thumb Code     0  libspace.o(.text)
    _sys_exit                                0x080004d5   Thumb Code     8  sys_exit.o(.text)
    __I$use$semihosting                      0x080004e1   Thumb Code     0  use_no_semi.o(.text)
    __use_no_semihosting_swi                 0x080004e1   Thumb Code     2  use_no_semi.o(.text)
    __semihosting_library_function           0x080004e3   Thumb Code     0  indicate_semi.o(.text)
    Console_Init                             0x080004e5   Thumb Code   144  console.o(.text.Console_Init)
    Console_ModeSwitch                       0x0800061d   Thumb Code  1152  console.o(.text.Console_ModeSwitch)
    Console_msHandle                         0x08000b59   Thumb Code    24  console.o(.text.Console_msHandle)
    DMA1_Channel1_IRQHandler                 0x08000c69   Thumb Code    12  stm32g0xx_it.o(.text.DMA1_Channel1_IRQHandler)
    EXTI4_15_IRQHandler                      0x08000cd5   Thumb Code    12  stm32g0xx_it.o(.text.EXTI4_15_IRQHandler)
    Error_Handler                            0x08000ce1   Thumb Code     8  main.o(.text.Error_Handler)
    GetKeyInfo                               0x08000ce9   Thumb Code     4  bsp_key.o(.text.GetKeyInfo)
    GetTM1639KeyInfo                         0x08000cf1   Thumb Code     4  tm1639.o(.text.GetTM1639KeyInfo)
    HAL_ADC_ConfigChannel                    0x08000cf9   Thumb Code   576  stm32g0xx_hal_adc.o(.text.HAL_ADC_ConfigChannel)
    HAL_ADC_Init                             0x08000f51   Thumb Code   516  stm32g0xx_hal_adc.o(.text.HAL_ADC_Init)
    HAL_ADC_MspInit                          0x08001171   Thumb Code   132  adc.o(.text.HAL_ADC_MspInit)
    HAL_DMA_IRQHandler                       0x08001205   Thumb Code   156  stm32g0xx_hal_dma.o(.text.HAL_DMA_IRQHandler)
    HAL_DMA_Init                             0x080012a5   Thumb Code   168  stm32g0xx_hal_dma.o(.text.HAL_DMA_Init)
    HAL_GPIO_EXTI_Falling_Callback           0x08001355   Thumb Code     2  stm32g0xx_hal_gpio.o(.text.HAL_GPIO_EXTI_Falling_Callback)
    HAL_GPIO_EXTI_IRQHandler                 0x08001359   Thumb Code    36  stm32g0xx_hal_gpio.o(.text.HAL_GPIO_EXTI_IRQHandler)
    HAL_GPIO_EXTI_Rising_Callback            0x08001381   Thumb Code     2  stm32g0xx_hal_gpio.o(.text.HAL_GPIO_EXTI_Rising_Callback)
    HAL_GPIO_Init                            0x08001385   Thumb Code   376  stm32g0xx_hal_gpio.o(.text.HAL_GPIO_Init)
    HAL_GPIO_ReadPin                         0x08001511   Thumb Code    10  stm32g0xx_hal_gpio.o(.text.HAL_GPIO_ReadPin)
    HAL_GPIO_WritePin                        0x0800151b   Thumb Code    14  stm32g0xx_hal_gpio.o(.text.HAL_GPIO_WritePin)
    HAL_GetTick                              0x08001529   Thumb Code     8  stm32g0xx_hal.o(.text.HAL_GetTick)
    HAL_IncTick                              0x08001531   Thumb Code    16  stm32g0xx_hal.o(.text.HAL_IncTick)
    HAL_Init                                 0x08001549   Thumb Code    36  stm32g0xx_hal.o(.text.HAL_Init)
    HAL_InitTick                             0x0800156d   Thumb Code   132  stm32g0xx_hal_timebase_tim.o(.text.HAL_InitTick)
    HAL_MspInit                              0x08001601   Thumb Code    48  stm32g0xx_hal_msp.o(.text.HAL_MspInit)
    HAL_NVIC_EnableIRQ                       0x08001635   Thumb Code    20  stm32g0xx_hal_cortex.o(.text.HAL_NVIC_EnableIRQ)
    HAL_NVIC_SetPriority                     0x0800164d   Thumb Code     8  stm32g0xx_hal_cortex.o(.text.HAL_NVIC_SetPriority)
    HAL_PWREx_ControlVoltageScaling          0x08001655   Thumb Code    60  stm32g0xx_hal_pwr_ex.o(.text.HAL_PWREx_ControlVoltageScaling)
    HAL_RCC_ClockConfig                      0x08001699   Thumb Code   348  stm32g0xx_hal_rcc.o(.text.HAL_RCC_ClockConfig)
    HAL_RCC_GetClockConfig                   0x08001801   Thumb Code    44  stm32g0xx_hal_rcc.o(.text.HAL_RCC_GetClockConfig)
    HAL_RCC_GetPCLK1Freq                     0x08001831   Thumb Code    28  stm32g0xx_hal_rcc.o(.text.HAL_RCC_GetPCLK1Freq)
    HAL_RCC_GetSysClockFreq                  0x08001855   Thumb Code   124  stm32g0xx_hal_rcc.o(.text.HAL_RCC_GetSysClockFreq)
    HAL_RCC_OscConfig                        0x080018dd   Thumb Code   996  stm32g0xx_hal_rcc.o(.text.HAL_RCC_OscConfig)
    HAL_TIMEx_Break2Callback                 0x08001ce1   Thumb Code     2  stm32g0xx_hal_tim_ex.o(.text.HAL_TIMEx_Break2Callback)
    HAL_TIMEx_BreakCallback                  0x08001ce3   Thumb Code     2  stm32g0xx_hal_tim_ex.o(.text.HAL_TIMEx_BreakCallback)
    HAL_TIMEx_CommutCallback                 0x08001ce5   Thumb Code     2  stm32g0xx_hal_tim_ex.o(.text.HAL_TIMEx_CommutCallback)
    HAL_TIM_Base_Init                        0x08001ce7   Thumb Code    82  stm32g0xx_hal_tim.o(.text.HAL_TIM_Base_Init)
    HAL_TIM_Base_MspInit                     0x08001d39   Thumb Code     2  stm32g0xx_hal_tim.o(.text.HAL_TIM_Base_MspInit)
    HAL_TIM_Base_Start_IT                    0x08001d3d   Thumb Code    76  stm32g0xx_hal_tim.o(.text.HAL_TIM_Base_Start_IT)
    HAL_TIM_IC_CaptureCallback               0x08001d95   Thumb Code     2  stm32g0xx_hal_tim.o(.text.HAL_TIM_IC_CaptureCallback)
    HAL_TIM_IRQHandler                       0x08001d99   Thumb Code   324  stm32g0xx_hal_tim.o(.text.HAL_TIM_IRQHandler)
    HAL_TIM_OC_DelayElapsedCallback          0x08001ee5   Thumb Code     2  stm32g0xx_hal_tim.o(.text.HAL_TIM_OC_DelayElapsedCallback)
    HAL_TIM_PWM_PulseFinishedCallback        0x08001ee7   Thumb Code     2  stm32g0xx_hal_tim.o(.text.HAL_TIM_PWM_PulseFinishedCallback)
    HAL_TIM_PeriodElapsedCallback            0x08001ee9   Thumb Code    20  main.o(.text.HAL_TIM_PeriodElapsedCallback)
    HAL_TIM_TriggerCallback                  0x08001f01   Thumb Code     2  stm32g0xx_hal_tim.o(.text.HAL_TIM_TriggerCallback)
    HardFault_Handler                        0x08001f03   Thumb Code     2  stm32g0xx_it.o(.text.HardFault_Handler)
    Key_Init                                 0x08001f65   Thumb Code    32  bsp_key.o(.text.Key_Init)
    Key_Scan                                 0x08001f85   Thumb Code   256  bsp_key.o(.text.Key_Scan)
    Key_msHandle                             0x08002085   Thumb Code    28  bsp_key.o(.text.Key_msHandle)
    MX_ADC1_Init                             0x080020a5   Thumb Code   100  adc.o(.text.MX_ADC1_Init)
    MX_DMA_Init                              0x08002115   Thumb Code    40  dma.o(.text.MX_DMA_Init)
    MX_FREERTOS_Init                         0x08002141   Thumb Code    32  app_freertos.o(.text.MX_FREERTOS_Init)
    MX_GPIO_Init                             0x08002179   Thumb Code   256  gpio.o(.text.MX_GPIO_Init)
    NMI_Handler                              0x08002309   Thumb Code     2  stm32g0xx_it.o(.text.NMI_Handler)
    PendSV_Handler                           0x08002311   Thumb Code    68  port.o(.text.PendSV_Handler)
    SEGGER_RTT_Init                          0x08002355   Thumb Code     8  segger_rtt.o(.text.SEGGER_RTT_Init)
    SEGGER_RTT_Write                         0x0800235d   Thumb Code    48  segger_rtt.o(.text.SEGGER_RTT_Write)
    SEGGER_RTT_WriteNoLock                   0x0800238d   Thumb Code   100  segger_rtt.o(.text.SEGGER_RTT_WriteNoLock)
    SEGGER_RTT_printf                        0x080023f5   Thumb Code    26  segger_rtt_printf.o(.text.SEGGER_RTT_printf)
    SEGGER_RTT_vprintf                       0x08002411   Thumb Code   640  segger_rtt_printf.o(.text.SEGGER_RTT_vprintf)
    SVC_Handler                              0x08002699   Thumb Code     2  port.o(.text.SVC_Handler)
    StartDefaultTask                         0x0800269d   Thumb Code   108  user_task.o(.text.StartDefaultTask)
    SysTick_Handler                          0x08002761   Thumb Code    32  port.o(.text.SysTick_Handler)
    SystemClock_Config                       0x08002785   Thumb Code   108  main.o(.text.SystemClock_Config)
    SystemInit                               0x080027f1   Thumb Code     2  system_stm32g0xx.o(.text.SystemInit)
    TIM17_IRQHandler                         0x080027f5   Thumb Code    12  stm32g0xx_it.o(.text.TIM17_IRQHandler)
    TIM_Base_SetConfig                       0x08002805   Thumb Code   128  stm32g0xx_hal_tim.o(.text.TIM_Base_SetConfig)
    TM1639_Clear                             0x08002899   Thumb Code    38  tm1639.o(.text.TM1639_Clear)
    TM1639_Delay                             0x080028bf   Thumb Code    22  tm1639.o(.text.TM1639_Delay)
    TM1639_Init                              0x080028d5   Thumb Code    76  tm1639.o(.text.TM1639_Init)
    TM1639_KeyScan                           0x08002921   Thumb Code   212  tm1639.o(.text.TM1639_KeyScan)
    TM1639_LetterShow                        0x080029f9   Thumb Code   102  tm1639.o(.text.TM1639_LetterShow)
    TM1639_NumShow                           0x08002a61   Thumb Code   112  tm1639.o(.text.TM1639_NumShow)
    TM1639_PowerCtrl                         0x08002ad1   Thumb Code    20  tm1639.o(.text.TM1639_PowerCtrl)
    TM1639_ReadKey                           0x08002ae5   Thumb Code   168  tm1639.o(.text.TM1639_ReadKey)
    TM1639_RemixShow                         0x08002b95   Thumb Code   204  tm1639.o(.text.TM1639_RemixShow)
    TM1639_msHandle                          0x08002ce9   Thumb Code    48  tm1639.o(.text.TM1639_msHandle)
    main                                     0x08003073   Thumb Code    30  main.o(.text.main)
    osKernelStart                            0x08003091   Thumb Code    10  cmsis_os.o(.text.osKernelStart)
    osThreadCreate                           0x0800309b   Thumb Code    48  cmsis_os.o(.text.osThreadCreate)
    pvPortMalloc                             0x08003591   Thumb Code   244  heap_4.o(.text.pvPortMalloc)
    pxPortInitialiseStack                    0x08003689   Thumb Code    32  port.o(.text.pxPortInitialiseStack)
    ulSetInterruptMaskFromISR                0x080036f3   Thumb Code     8  port.o(.text.ulSetInterruptMaskFromISR)
    uxListRemove                             0x080036fb   Thumb Code    34  list.o(.text.uxListRemove)
    vClearInterruptMaskFromISR               0x0800371d   Thumb Code     6  port.o(.text.vClearInterruptMaskFromISR)
    vListInitialise                          0x08003723   Thumb Code    20  list.o(.text.vListInitialise)
    vListInitialiseItem                      0x08003737   Thumb Code     6  list.o(.text.vListInitialiseItem)
    vListInsert                              0x0800373d   Thumb Code    46  list.o(.text.vListInsert)
    vListInsertEnd                           0x0800376b   Thumb Code    24  list.o(.text.vListInsertEnd)
    vPortEnterCritical                       0x08003785   Thumb Code    20  port.o(.text.vPortEnterCritical)
    vPortExitCritical                        0x08003799   Thumb Code    24  port.o(.text.vPortExitCritical)
    vPortFree                                0x080037b1   Thumb Code    76  heap_4.o(.text.vPortFree)
    vPortSetupTimerInterrupt                 0x08003801   Thumb Code    32  port.o(.text.vPortSetupTimerInterrupt)
    vPortYield                               0x08003865   Thumb Code    20  port.o(.text.vPortYield)
    vQueueAddToRegistry                      0x0800387d   Thumb Code    28  queue.o(.text.vQueueAddToRegistry)
    vQueueWaitForMessageRestricted           0x0800389d   Thumb Code    68  queue.o(.text.vQueueWaitForMessageRestricted)
    vTaskDelay                               0x080038e1   Thumb Code    48  tasks.o(.text.vTaskDelay)
    vTaskInternalSetTimeOutState             0x08003911   Thumb Code    12  tasks.o(.text.vTaskInternalSetTimeOutState)
    vTaskMissedYield                         0x0800391d   Thumb Code     8  tasks.o(.text.vTaskMissedYield)
    vTaskPlaceOnEventList                    0x08003925   Thumb Code    32  tasks.o(.text.vTaskPlaceOnEventList)
    vTaskPlaceOnEventListRestricted          0x08003945   Thumb Code    44  tasks.o(.text.vTaskPlaceOnEventListRestricted)
    vTaskStartScheduler                      0x08003971   Thumb Code    64  tasks.o(.text.vTaskStartScheduler)
    vTaskSuspendAll                          0x080039c1   Thumb Code    12  tasks.o(.text.vTaskSuspendAll)
    vTaskSwitchContext                       0x080039cd   Thumb Code    76  tasks.o(.text.vTaskSwitchContext)
    xPortGetFreeHeapSize                     0x08003a29   Thumb Code     8  heap_4.o(.text.xPortGetFreeHeapSize)
    xPortStartScheduler                      0x08003a35   Thumb Code    48  port.o(.text.xPortStartScheduler)
    xQueueGenericCreate                      0x08003a6d   Thumb Code    56  queue.o(.text.xQueueGenericCreate)
    xQueueGenericReset                       0x08003aa5   Thumb Code   102  queue.o(.text.xQueueGenericReset)
    xQueueGenericSend                        0x08003b0b   Thumb Code   286  queue.o(.text.xQueueGenericSend)
    xQueueGenericSendFromISR                 0x08003c29   Thumb Code   142  queue.o(.text.xQueueGenericSendFromISR)
    xQueueReceive                            0x08003cb7   Thumb Code   266  queue.o(.text.xQueueReceive)
    xTaskCheckForTimeOut                     0x08003dc1   Thumb Code    88  tasks.o(.text.xTaskCheckForTimeOut)
    xTaskCreate                              0x08003e19   Thumb Code   372  tasks.o(.text.xTaskCreate)
    xTaskGetSchedulerState                   0x08003f95   Thumb Code    24  tasks.o(.text.xTaskGetSchedulerState)
    xTaskGetTickCount                        0x08003fad   Thumb Code     8  tasks.o(.text.xTaskGetTickCount)
    xTaskIncrementTick                       0x08003fb5   Thumb Code   196  tasks.o(.text.xTaskIncrementTick)
    xTaskPriorityDisinherit                  0x08004079   Thumb Code    92  tasks.o(.text.xTaskPriorityDisinherit)
    xTaskRemoveFromEventList                 0x080040d5   Thumb Code    92  tasks.o(.text.xTaskRemoveFromEventList)
    xTaskResumeAll                           0x08004135   Thumb Code   168  tasks.o(.text.xTaskResumeAll)
    xTimerCreate                             0x080041e5   Thumb Code    82  timers.o(.text.xTimerCreate)
    xTimerCreateTimerTask                    0x08004239   Thumb Code    48  timers.o(.text.xTimerCreateTimerTask)
    xTimerGenericCommand                     0x08004279   Thumb Code    80  timers.o(.text.xTimerGenericCommand)
    AHBPrescTable                            0x080042d4   Data          64  system_stm32g0xx.o(.rodata.AHBPrescTable)
    APBPrescTable                            0x08004314   Data          32  system_stm32g0xx.o(.rodata.APBPrescTable)
    Region$$Table$$Base                      0x08004420   Number         0  anon$$obj.o(Region$$Table)
    Region$$Table$$Limit                     0x08004440   Number         0  anon$$obj.o(Region$$Table)
    displayInfo                              0x20000000   Data          20  console.o(.data..L_MergedGlobals)
    last_displayInfo                         0x20000014   Data          20  console.o(.data..L_MergedGlobals)
    console                                  0x20000028   Data          24  console.o(.data..L_MergedGlobals)
    uwTickFreq                               0x20000040   Data           1  stm32g0xx_hal.o(.data..L_MergedGlobals)
    uwTickPrio                               0x20000044   Data           4  stm32g0xx_hal.o(.data..L_MergedGlobals)
    SystemCoreClock                          0x20000048   Data           4  system_stm32g0xx.o(.data.SystemCoreClock)
    __libspace_start                         0x20000098   Data          96  libspace.o(.bss)
    TM1639_TaskHandle                        0x200000f8   Data           4  user_task.o(.bss..L_MergedGlobals)
    __temporary_stack_top$libspace           0x200000f8   Data           0  libspace.o(.bss)
    Console_TaskHandle                       0x200000fc   Data           4  user_task.o(.bss..L_MergedGlobals)
    pxCurrentTCB                             0x20000104   Data           4  tasks.o(.bss..L_MergedGlobals)
    key_info                                 0x20000200   Data           4  console.o(.bss..L_MergedGlobals.20)
    tm1639_key_info                          0x20000204   Data           4  console.o(.bss..L_MergedGlobals.20)
    _SEGGER_RTT                              0x20000208   Data         168  segger_rtt.o(.bss._SEGGER_RTT)
    data                                     0x200006c0   Data           2  tm1639.o(.bss.data)
    hadc1                                    0x200006c4   Data         100  adc.o(.bss.hadc1)
    hdma_adc1                                0x20000728   Data          92  adc.o(.bss.hdma_adc1)
    htim17                                   0x20000784   Data          76  stm32g0xx_hal_timebase_tim.o(.bss.htim17)
    startTaskHandle                          0x2000085c   Data           4  app_freertos.o(.bss.startTaskHandle)
    uwTick                                   0x20001860   Data           4  stm32g0xx_hal.o(.bss.uwTick)
    xQueueRegistry                           0x20001864   Data          64  queue.o(.bss.xQueueRegistry)



==============================================================================

Memory Map of the image

  Image Entry point : 0x080000c1

  Load Region LR_IROM1 (Base: 0x08000000, Size: 0x000044d8, Max: 0x00008000, ABSOLUTE)

    Execution Region ER_IROM1 (Exec base: 0x08000000, Load base: 0x08000000, Size: 0x00004440, Max: 0x00008000, ABSOLUTE)

    Exec Addr    Load Addr    Size         Type   Attr      Idx    E Section Name        Object

    0x08000000   0x08000000   0x000000c0   Data   RO            3    RESET               startup_stm32g030xx.o
    0x080000c0   0x080000c0   0x00000008   Code   RO         1705  * !!!main             c_p.l(__main.o)
    0x080000c8   0x080000c8   0x00000054   Code   RO         1882    !!!scatter          c_p.l(__scatter.o)
    0x0800011c   0x0800011c   0x0000001a   Code   RO         1886    !!handler_copy      c_p.l(__scatter_copy.o)
    0x08000136   0x08000136   0x00000002   PAD
    0x08000138   0x08000138   0x00000002   Code   RO         1883    !!handler_null      c_p.l(__scatter.o)
    0x0800013a   0x0800013a   0x00000002   PAD
    0x0800013c   0x0800013c   0x0000001c   Code   RO         1888    !!handler_zi        c_p.l(__scatter_zi.o)
    0x08000158   0x08000158   0x00000002   Code   RO         1743    .ARM.Collect$$libinit$$00000000  c_p.l(libinit.o)
    0x0800015a   0x0800015a   0x00000000   Code   RO         1757    .ARM.Collect$$libinit$$00000002  c_p.l(libinit2.o)
    0x0800015a   0x0800015a   0x00000000   Code   RO         1759    .ARM.Collect$$libinit$$00000004  c_p.l(libinit2.o)
    0x0800015a   0x0800015a   0x00000000   Code   RO         1761    .ARM.Collect$$libinit$$00000006  c_p.l(libinit2.o)
    0x0800015a   0x0800015a   0x00000000   Code   RO         1764    .ARM.Collect$$libinit$$0000000C  c_p.l(libinit2.o)
    0x0800015a   0x0800015a   0x00000000   Code   RO         1766    .ARM.Collect$$libinit$$0000000E  c_p.l(libinit2.o)
    0x0800015a   0x0800015a   0x00000000   Code   RO         1768    .ARM.Collect$$libinit$$00000010  c_p.l(libinit2.o)
    0x0800015a   0x0800015a   0x00000000   Code   RO         1771    .ARM.Collect$$libinit$$00000013  c_p.l(libinit2.o)
    0x0800015a   0x0800015a   0x00000000   Code   RO         1773    .ARM.Collect$$libinit$$00000015  c_p.l(libinit2.o)
    0x0800015a   0x0800015a   0x00000000   Code   RO         1775    .ARM.Collect$$libinit$$00000017  c_p.l(libinit2.o)
    0x0800015a   0x0800015a   0x00000000   Code   RO         1777    .ARM.Collect$$libinit$$00000019  c_p.l(libinit2.o)
    0x0800015a   0x0800015a   0x00000000   Code   RO         1779    .ARM.Collect$$libinit$$0000001B  c_p.l(libinit2.o)
    0x0800015a   0x0800015a   0x00000000   Code   RO         1781    .ARM.Collect$$libinit$$0000001D  c_p.l(libinit2.o)
    0x0800015a   0x0800015a   0x00000000   Code   RO         1783    .ARM.Collect$$libinit$$0000001F  c_p.l(libinit2.o)
    0x0800015a   0x0800015a   0x00000000   Code   RO         1785    .ARM.Collect$$libinit$$00000021  c_p.l(libinit2.o)
    0x0800015a   0x0800015a   0x00000000   Code   RO         1787    .ARM.Collect$$libinit$$00000023  c_p.l(libinit2.o)
    0x0800015a   0x0800015a   0x00000000   Code   RO         1789    .ARM.Collect$$libinit$$00000025  c_p.l(libinit2.o)
    0x0800015a   0x0800015a   0x00000000   Code   RO         1791    .ARM.Collect$$libinit$$00000027  c_p.l(libinit2.o)
    0x0800015a   0x0800015a   0x00000000   Code   RO         1795    .ARM.Collect$$libinit$$0000002E  c_p.l(libinit2.o)
    0x0800015a   0x0800015a   0x00000000   Code   RO         1797    .ARM.Collect$$libinit$$00000030  c_p.l(libinit2.o)
    0x0800015a   0x0800015a   0x00000000   Code   RO         1799    .ARM.Collect$$libinit$$00000032  c_p.l(libinit2.o)
    0x0800015a   0x0800015a   0x00000000   Code   RO         1801    .ARM.Collect$$libinit$$00000034  c_p.l(libinit2.o)
    0x0800015a   0x0800015a   0x00000002   Code   RO         1802    .ARM.Collect$$libinit$$00000035  c_p.l(libinit2.o)
    0x0800015c   0x0800015c   0x00000002   Code   RO         1837    .ARM.Collect$$libshutdown$$00000000  c_p.l(libshutdown.o)
    0x0800015e   0x0800015e   0x00000000   Code   RO         1865    .ARM.Collect$$libshutdown$$00000002  c_p.l(libshutdown2.o)
    0x0800015e   0x0800015e   0x00000000   Code   RO         1867    .ARM.Collect$$libshutdown$$00000004  c_p.l(libshutdown2.o)
    0x0800015e   0x0800015e   0x00000000   Code   RO         1870    .ARM.Collect$$libshutdown$$00000007  c_p.l(libshutdown2.o)
    0x0800015e   0x0800015e   0x00000000   Code   RO         1873    .ARM.Collect$$libshutdown$$0000000A  c_p.l(libshutdown2.o)
    0x0800015e   0x0800015e   0x00000000   Code   RO         1875    .ARM.Collect$$libshutdown$$0000000C  c_p.l(libshutdown2.o)
    0x0800015e   0x0800015e   0x00000000   Code   RO         1878    .ARM.Collect$$libshutdown$$0000000F  c_p.l(libshutdown2.o)
    0x0800015e   0x0800015e   0x00000002   Code   RO         1879    .ARM.Collect$$libshutdown$$00000010  c_p.l(libshutdown2.o)
    0x08000160   0x08000160   0x00000000   Code   RO         1707    .ARM.Collect$$rtentry$$00000000  c_p.l(__rtentry.o)
    0x08000160   0x08000160   0x00000000   Code   RO         1713    .ARM.Collect$$rtentry$$00000002  c_p.l(__rtentry2.o)
    0x08000160   0x08000160   0x00000006   Code   RO         1725    .ARM.Collect$$rtentry$$00000004  c_p.l(__rtentry4.o)
    0x08000166   0x08000166   0x00000000   Code   RO         1715    .ARM.Collect$$rtentry$$00000009  c_p.l(__rtentry2.o)
    0x08000166   0x08000166   0x00000004   Code   RO         1716    .ARM.Collect$$rtentry$$0000000A  c_p.l(__rtentry2.o)
    0x0800016a   0x0800016a   0x00000000   Code   RO         1718    .ARM.Collect$$rtentry$$0000000C  c_p.l(__rtentry2.o)
    0x0800016a   0x0800016a   0x00000008   Code   RO         1719    .ARM.Collect$$rtentry$$0000000D  c_p.l(__rtentry2.o)
    0x08000172   0x08000172   0x00000002   Code   RO         1748    .ARM.Collect$$rtexit$$00000000  c_p.l(rtexit.o)
    0x08000174   0x08000174   0x00000000   Code   RO         1808    .ARM.Collect$$rtexit$$00000002  c_p.l(rtexit2.o)
    0x08000174   0x08000174   0x00000004   Code   RO         1809    .ARM.Collect$$rtexit$$00000003  c_p.l(rtexit2.o)
    0x08000178   0x08000178   0x00000006   Code   RO         1810    .ARM.Collect$$rtexit$$00000004  c_p.l(rtexit2.o)
    0x0800017e   0x0800017e   0x00000002   PAD
    0x08000180   0x08000180   0x00000038   Code   RO         1691    .emb_text           c_p.l(rt_memcpy.o)
    0x080001b8   0x080001b8   0x00000038   Code   RO            4    .text               startup_stm32g030xx.o
    0x080001f0   0x080001f0   0x0000005a   Code   RO         1687    .text               c_p.l(memcmp.o)
    0x0800024a   0x0800024a   0x00000082   Code   RO         1692    .text               c_p.l(rt_memcpy.o)
    0x080002cc   0x080002cc   0x00000040   Code   RO         1697    .text               c_p.l(rt_memclr.o)
    0x0800030c   0x0800030c   0x0000016c   Code   RO         1699    .text               c_p.l(aeabi_sdiv.o)
    0x08000478   0x08000478   0x00000006   Code   RO         1703    .text               c_p.l(heapauxi.o)
    0x0800047e   0x0800047e   0x0000003e   Code   RO         1729    .text               c_p.l(sys_stackheap_outer.o)
    0x080004bc   0x080004bc   0x00000010   Code   RO         1732    .text               c_p.l(exit.o)
    0x080004cc   0x080004cc   0x00000008   Code   RO         1744    .text               c_p.l(libspace.o)
    0x080004d4   0x080004d4   0x0000000c   Code   RO         1803    .text               c_p.l(sys_exit.o)
    0x080004e0   0x080004e0   0x00000002   Code   RO         1826    .text               c_p.l(use_no_semi.o)
    0x080004e2   0x080004e2   0x00000000   Code   RO         1828    .text               c_p.l(indicate_semi.o)
    0x080004e2   0x080004e2   0x00000002   PAD
    0x080004e4   0x080004e4   0x00000138   Code   RO          119    .text.Console_Init  console.o
    0x0800061c   0x0800061c   0x0000053c   Code   RO          121    .text.Console_ModeSwitch  console.o
    0x08000b58   0x08000b58   0x0000001c   Code   RO          117    .text.Console_msHandle  console.o
    0x08000b74   0x08000b74   0x00000014   Code   RO          145    .text.Console_task  user_task.o
    0x08000b88   0x08000b88   0x000000e0   Code   RO          141    .text.CreateTask    user_task.o
    0x08000c68   0x08000c68   0x00000010   Code   RO           82    .text.DMA1_Channel1_IRQHandler  stm32g0xx_it.o
    0x08000c78   0x08000c78   0x00000034   Code   RO          474    .text.DMA_CalcDMAMUXChannelBaseAndMask  stm32g0xx_hal_dma.o
    0x08000cac   0x08000cac   0x00000028   Code   RO          476    .text.DMA_CalcDMAMUXRequestGenBaseAndMask  stm32g0xx_hal_dma.o
    0x08000cd4   0x08000cd4   0x0000000c   Code   RO           80    .text.EXTI4_15_IRQHandler  stm32g0xx_it.o
    0x08000ce0   0x08000ce0   0x00000008   Code   RO           15    .text.Error_Handler  main.o
    0x08000ce8   0x08000ce8   0x00000008   Code   RO          226    .text.GetKeyInfo    bsp_key.o
    0x08000cf0   0x08000cf0   0x00000008   Code   RO          199    .text.GetTM1639KeyInfo  tm1639.o
    0x08000cf8   0x08000cf8   0x00000258   Code   RO          285    .text.HAL_ADC_ConfigChannel  stm32g0xx_hal_adc.o
    0x08000f50   0x08000f50   0x00000220   Code   RO          237    .text.HAL_ADC_Init  stm32g0xx_hal_adc.o
    0x08001170   0x08001170   0x00000094   Code   RO           54    .text.HAL_ADC_MspInit  adc.o
    0x08001204   0x08001204   0x000000a0   Code   RO          492    .text.HAL_DMA_IRQHandler  stm32g0xx_hal_dma.o
    0x080012a4   0x080012a4   0x000000b0   Code   RO          472    .text.HAL_DMA_Init  stm32g0xx_hal_dma.o
    0x08001354   0x08001354   0x00000002   Code   RO          462    .text.HAL_GPIO_EXTI_Falling_Callback  stm32g0xx_hal_gpio.o
    0x08001356   0x08001356   0x00000002   PAD
    0x08001358   0x08001358   0x00000028   Code   RO          458    .text.HAL_GPIO_EXTI_IRQHandler  stm32g0xx_hal_gpio.o
    0x08001380   0x08001380   0x00000002   Code   RO          460    .text.HAL_GPIO_EXTI_Rising_Callback  stm32g0xx_hal_gpio.o
    0x08001382   0x08001382   0x00000002   PAD
    0x08001384   0x08001384   0x0000018c   Code   RO          446    .text.HAL_GPIO_Init  stm32g0xx_hal_gpio.o
    0x08001510   0x08001510   0x0000000a   Code   RO          450    .text.HAL_GPIO_ReadPin  stm32g0xx_hal_gpio.o
    0x0800151a   0x0800151a   0x0000000e   Code   RO          452    .text.HAL_GPIO_WritePin  stm32g0xx_hal_gpio.o
    0x08001528   0x08001528   0x00000008   Code   RO          659    .text.HAL_GetTick   stm32g0xx_hal.o
    0x08001530   0x08001530   0x00000018   Code   RO          657    .text.HAL_IncTick   stm32g0xx_hal.o
    0x08001548   0x08001548   0x00000024   Code   RO          647    .text.HAL_Init      stm32g0xx_hal.o
    0x0800156c   0x0800156c   0x00000094   Code   RO          101    .text.HAL_InitTick  stm32g0xx_hal_timebase_tim.o
    0x08001600   0x08001600   0x00000034   Code   RO           93    .text.HAL_MspInit   stm32g0xx_hal_msp.o
    0x08001634   0x08001634   0x00000018   Code   RO          605    .text.HAL_NVIC_EnableIRQ  stm32g0xx_hal_cortex.o
    0x0800164c   0x0800164c   0x00000008   Code   RO          601    .text.HAL_NVIC_SetPriority  stm32g0xx_hal_cortex.o
    0x08001654   0x08001654   0x00000044   Code   RO          587    .text.HAL_PWREx_ControlVoltageScaling  stm32g0xx_hal_pwr_ex.o
    0x08001698   0x08001698   0x00000168   Code   RO          332    .text.HAL_RCC_ClockConfig  stm32g0xx_hal_rcc.o
    0x08001800   0x08001800   0x00000030   Code   RO          344    .text.HAL_RCC_GetClockConfig  stm32g0xx_hal_rcc.o
    0x08001830   0x08001830   0x00000024   Code   RO          340    .text.HAL_RCC_GetPCLK1Freq  stm32g0xx_hal_rcc.o
    0x08001854   0x08001854   0x00000088   Code   RO          334    .text.HAL_RCC_GetSysClockFreq  stm32g0xx_hal_rcc.o
    0x080018dc   0x080018dc   0x00000404   Code   RO          330    .text.HAL_RCC_OscConfig  stm32g0xx_hal_rcc.o
    0x08001ce0   0x08001ce0   0x00000002   Code   RO         1076    .text.HAL_TIMEx_Break2Callback  stm32g0xx_hal_tim_ex.o
    0x08001ce2   0x08001ce2   0x00000002   Code   RO         1074    .text.HAL_TIMEx_BreakCallback  stm32g0xx_hal_tim_ex.o
    0x08001ce4   0x08001ce4   0x00000002   Code   RO         1070    .text.HAL_TIMEx_CommutCallback  stm32g0xx_hal_tim_ex.o
    0x08001ce6   0x08001ce6   0x00000052   Code   RO          741    .text.HAL_TIM_Base_Init  stm32g0xx_hal_tim.o
    0x08001d38   0x08001d38   0x00000002   Code   RO          743    .text.HAL_TIM_Base_MspInit  stm32g0xx_hal_tim.o
    0x08001d3a   0x08001d3a   0x00000002   PAD
    0x08001d3c   0x08001d3c   0x00000058   Code   RO          755    .text.HAL_TIM_Base_Start_IT  stm32g0xx_hal_tim.o
    0x08001d94   0x08001d94   0x00000002   Code   RO          877    .text.HAL_TIM_IC_CaptureCallback  stm32g0xx_hal_tim.o
    0x08001d96   0x08001d96   0x00000002   PAD
    0x08001d98   0x08001d98   0x0000014c   Code   RO          875    .text.HAL_TIM_IRQHandler  stm32g0xx_hal_tim.o
    0x08001ee4   0x08001ee4   0x00000002   Code   RO          879    .text.HAL_TIM_OC_DelayElapsedCallback  stm32g0xx_hal_tim.o
    0x08001ee6   0x08001ee6   0x00000002   Code   RO          881    .text.HAL_TIM_PWM_PulseFinishedCallback  stm32g0xx_hal_tim.o
    0x08001ee8   0x08001ee8   0x00000018   Code   RO           17    .text.HAL_TIM_PeriodElapsedCallback  main.o
    0x08001f00   0x08001f00   0x00000002   Code   RO          885    .text.HAL_TIM_TriggerCallback  stm32g0xx_hal_tim.o
    0x08001f02   0x08001f02   0x00000002   Code   RO           78    .text.HardFault_Handler  stm32g0xx_it.o
    0x08001f04   0x08001f04   0x0000001c   Code   RO          195    .text.Key_GetPortState  tm1639.o
    0x08001f20   0x08001f20   0x00000044   Code   RO          222    .text.Key_GetPortState  bsp_key.o
    0x08001f64   0x08001f64   0x00000020   Code   RO          218    .text.Key_Init      bsp_key.o
    0x08001f84   0x08001f84   0x00000100   Code   RO          220    .text.Key_Scan      bsp_key.o
    0x08002084   0x08002084   0x00000020   Code   RO          224    .text.Key_msHandle  bsp_key.o
    0x080020a4   0x080020a4   0x00000070   Code   RO           52    .text.MX_ADC1_Init  adc.o
    0x08002114   0x08002114   0x0000002c   Code   RO           68    .text.MX_DMA_Init   dma.o
    0x08002140   0x08002140   0x00000038   Code   RO           38    .text.MX_FREERTOS_Init  app_freertos.o
    0x08002178   0x08002178   0x00000120   Code   RO           29    .text.MX_GPIO_Init  gpio.o
    0x08002298   0x08002298   0x00000070   Code   RO          123    .text.ModeSwitch    console.o
    0x08002308   0x08002308   0x00000002   Code   RO           76    .text.NMI_Handler   stm32g0xx_it.o
    0x0800230a   0x0800230a   0x00000006   PAD
    0x08002310   0x08002310   0x00000044   Code   RO         1673    .text.PendSV_Handler  port.o
    0x08002354   0x08002354   0x00000008   Code   RO         1167    .text.SEGGER_RTT_Init  segger_rtt.o
    0x0800235c   0x0800235c   0x00000030   Code   RO         1131    .text.SEGGER_RTT_Write  segger_rtt.o
    0x0800238c   0x0800238c   0x00000068   Code   RO         1127    .text.SEGGER_RTT_WriteNoLock  segger_rtt.o
    0x080023f4   0x080023f4   0x0000001a   Code   RO         1200    .text.SEGGER_RTT_printf  segger_rtt_printf.o
    0x0800240e   0x0800240e   0x00000002   PAD
    0x08002410   0x08002410   0x00000288   Code   RO         1194    .text.SEGGER_RTT_vprintf  segger_rtt_printf.o
    0x08002698   0x08002698   0x00000002   Code   RO         1653    .text.SVC_Handler   port.o
    0x0800269a   0x0800269a   0x00000002   PAD
    0x0800269c   0x0800269c   0x000000c4   Code   RO          137    .text.StartDefaultTask  user_task.o
    0x08002760   0x08002760   0x00000024   Code   RO         1675    .text.SysTick_Handler  port.o
    0x08002784   0x08002784   0x0000006c   Code   RO           13    .text.SystemClock_Config  main.o
    0x080027f0   0x080027f0   0x00000002   Code   RO         1090    .text.SystemInit    system_stm32g0xx.o
    0x080027f2   0x080027f2   0x00000002   PAD
    0x080027f4   0x080027f4   0x00000010   Code   RO           84    .text.TIM17_IRQHandler  stm32g0xx_it.o
    0x08002804   0x08002804   0x00000094   Code   RO          745    .text.TIM_Base_SetConfig  stm32g0xx_hal_tim.o
    0x08002898   0x08002898   0x00000026   Code   RO          159    .text.TM1639_Clear  tm1639.o
    0x080028be   0x080028be   0x00000016   Code   RO          157    .text.TM1639_Delay  tm1639.o
    0x080028d4   0x080028d4   0x0000004c   Code   RO          191    .text.TM1639_Init   tm1639.o
    0x08002920   0x08002920   0x000000d8   Code   RO          193    .text.TM1639_KeyScan  tm1639.o
    0x080029f8   0x080029f8   0x00000066   Code   RO          171    .text.TM1639_LetterShow  tm1639.o
    0x08002a5e   0x08002a5e   0x00000002   PAD
    0x08002a60   0x08002a60   0x00000070   Code   RO          167    .text.TM1639_NumShow  tm1639.o
    0x08002ad0   0x08002ad0   0x00000014   Code   RO          181    .text.TM1639_PowerCtrl  tm1639.o
    0x08002ae4   0x08002ae4   0x000000b0   Code   RO          183    .text.TM1639_ReadKey  tm1639.o
    0x08002b94   0x08002b94   0x000000d0   Code   RO          175    .text.TM1639_RemixShow  tm1639.o
    0x08002c64   0x08002c64   0x00000040   Code   RO          165    .text.TM1639_WriteByte  tm1639.o
    0x08002ca4   0x08002ca4   0x00000018   Code   RO          163    .text.TM1639_WriteCmd  tm1639.o
    0x08002cbc   0x08002cbc   0x0000002c   Code   RO          169    .text.TM1639_WriteData  tm1639.o
    0x08002ce8   0x08002ce8   0x00000038   Code   RO          197    .text.TM1639_msHandle  tm1639.o
    0x08002d20   0x08002d20   0x0000005c   Code   RO          143    .text.TM1639_task   user_task.o
    0x08002d7c   0x08002d7c   0x00000060   Code   RO         1107    .text._DoInit       segger_rtt.o
    0x08002ddc   0x08002ddc   0x00000016   Code   RO         1121    .text._GetAvailWriteSpace  segger_rtt.o
    0x08002df2   0x08002df2   0x00000002   PAD
    0x08002df4   0x08002df4   0x00000104   Code   RO         1198    .text._PrintUnsigned  segger_rtt_printf.o
    0x08002ef8   0x08002ef8   0x00000040   Code   RO         1196    .text._StoreChar    segger_rtt_printf.o
    0x08002f38   0x08002f38   0x0000005c   Code   RO         1125    .text._WriteBlocking  segger_rtt.o
    0x08002f94   0x08002f94   0x00000036   Code   RO         1123    .text._WriteNoCheck  segger_rtt.o
    0x08002fca   0x08002fca   0x00000002   PAD
    0x08002fcc   0x08002fcc   0x00000038   Code   RO          603    .text.__NVIC_SetPriority  stm32g0xx_hal_cortex.o
    0x08003004   0x08003004   0x00000060   Code   RO          173    .text.getLetterCode  tm1639.o
    0x08003064   0x08003064   0x0000000e   Code   RO          203    .text.get_data_pin  tm1639.o
    0x08003072   0x08003072   0x0000001e   Code   RO           11    .text.main          main.o
    0x08003090   0x08003090   0x0000000a   Code   RO         1510    .text.osKernelStart  cmsis_os.o
    0x0800309a   0x0800309a   0x00000030   Code   RO         1516    .text.osThreadCreate  cmsis_os.o
    0x080030ca   0x080030ca   0x00000002   PAD
    0x080030cc   0x080030cc   0x00000050   Code   RO         1374    .text.prvAddCurrentTaskToDelayedList  tasks.o
    0x0800311c   0x0800311c   0x00000050   Code   RO         1471    .text.prvCheckForValidListAndQueue  timers.o
    0x0800316c   0x0800316c   0x00000022   Code   RO         1273    .text.prvCopyDataFromQueue  queue.o
    0x0800318e   0x0800318e   0x00000076   Code   RO         1263    .text.prvCopyDataToQueue  queue.o
    0x08003204   0x08003204   0x00000012   Code   RO         1366    .text.prvDeleteTCB  tasks.o
    0x08003216   0x08003216   0x00000002   PAD
    0x08003218   0x08003218   0x00000040   Code   RO         1396    .text.prvIdleTask   tasks.o
    0x08003258   0x08003258   0x00000044   Code   RO         1627    .text.prvInsertBlockIntoFreeList  heap_4.o
    0x0800329c   0x0800329c   0x00000034   Code   RO         1499    .text.prvInsertTimerInActiveList  timers.o
    0x080032d0   0x080032d0   0x00000016   Code   RO         1275    .text.prvIsQueueEmpty  queue.o
    0x080032e6   0x080032e6   0x00000002   PAD
    0x080032e8   0x080032e8   0x00000020   Code   RO         1368    .text.prvResetNextTaskUnblockTime  tasks.o
    0x08003308   0x08003308   0x0000007c   Code   RO         1497    .text.prvSampleTimeNow  timers.o
    0x08003384   0x08003384   0x00000020   Code   RO         1651    .text.prvTaskExitError  port.o
    0x080033a4   0x080033a4   0x00000184   Code   RO         1473    .text.prvTimerTask  timers.o
    0x08003528   0x08003528   0x00000066   Code   RO         1265    .text.prvUnlockQueue  queue.o
    0x0800358e   0x0800358e   0x00000002   PAD
    0x08003590   0x08003590   0x000000f8   Code   RO         1625    .text.pvPortMalloc  heap_4.o
    0x08003688   0x08003688   0x00000024   Code   RO         1649    .text.pxPortInitialiseStack  port.o
    0x080036ac   0x080036ac   0x00000010   Code   RO          187    .text.set_clk_pin   tm1639.o
    0x080036bc   0x080036bc   0x00000026   Code   RO          185    .text.set_data_pin_mode  tm1639.o
    0x080036e2   0x080036e2   0x00000010   Code   RO          161    .text.set_strobe_pin  tm1639.o
    0x080036f2   0x080036f2   0x00000008   Code   RO         1669    .text.ulSetInterruptMaskFromISR  port.o
    0x080036fa   0x080036fa   0x00000022   Code   RO         1245    .text.uxListRemove  list.o
    0x0800371c   0x0800371c   0x00000006   Code   RO         1671    .text.vClearInterruptMaskFromISR  port.o
    0x08003722   0x08003722   0x00000014   Code   RO         1237    .text.vListInitialise  list.o
    0x08003736   0x08003736   0x00000006   Code   RO         1239    .text.vListInitialiseItem  list.o
    0x0800373c   0x0800373c   0x0000002e   Code   RO         1243    .text.vListInsert   list.o
    0x0800376a   0x0800376a   0x00000018   Code   RO         1241    .text.vListInsertEnd  list.o
    0x08003782   0x08003782   0x00000002   PAD
    0x08003784   0x08003784   0x00000014   Code   RO         1665    .text.vPortEnterCritical  port.o
    0x08003798   0x08003798   0x00000018   Code   RO         1667    .text.vPortExitCritical  port.o
    0x080037b0   0x080037b0   0x00000050   Code   RO         1629    .text.vPortFree     heap_4.o
    0x08003800   0x08003800   0x00000028   Code   RO         1657    .text.vPortSetupTimerInterrupt  port.o
    0x08003828   0x08003828   0x00000008   PAD
    0x08003830   0x08003830   0x00000034   Code   RO         1659    .text.vPortStartFirstTask  port.o
    0x08003864   0x08003864   0x00000018   Code   RO         1663    .text.vPortYield    port.o
    0x0800387c   0x0800387c   0x00000020   Code   RO         1299    .text.vQueueAddToRegistry  queue.o
    0x0800389c   0x0800389c   0x00000044   Code   RO         1303    .text.vQueueWaitForMessageRestricted  queue.o
    0x080038e0   0x080038e0   0x00000030   Code   RO         1378    .text.vTaskDelay    tasks.o
    0x08003910   0x08003910   0x0000000c   Code   RO         1424    .text.vTaskInternalSetTimeOutState  tasks.o
    0x0800391c   0x0800391c   0x00000008   Code   RO         1428    .text.vTaskMissedYield  tasks.o
    0x08003924   0x08003924   0x00000020   Code   RO         1412    .text.vTaskPlaceOnEventList  tasks.o
    0x08003944   0x08003944   0x0000002c   Code   RO         1416    .text.vTaskPlaceOnEventListRestricted  tasks.o
    0x08003970   0x08003970   0x00000050   Code   RO         1394    .text.vTaskStartScheduler  tasks.o
    0x080039c0   0x080039c0   0x0000000c   Code   RO         1372    .text.vTaskSuspendAll  tasks.o
    0x080039cc   0x080039cc   0x00000054   Code   RO         1388    .text.vTaskSwitchContext  tasks.o
    0x08003a20   0x08003a20   0x00000008   Code   RO          139    .text.vTimerCallback  user_task.o
    0x08003a28   0x08003a28   0x0000000c   Code   RO         1631    .text.xPortGetFreeHeapSize  heap_4.o
    0x08003a34   0x08003a34   0x00000038   Code   RO         1655    .text.xPortStartScheduler  port.o
    0x08003a6c   0x08003a6c   0x00000038   Code   RO         1257    .text.xQueueGenericCreate  queue.o
    0x08003aa4   0x08003aa4   0x00000066   Code   RO         1255    .text.xQueueGenericReset  queue.o
    0x08003b0a   0x08003b0a   0x0000011e   Code   RO         1261    .text.xQueueGenericSend  queue.o
    0x08003c28   0x08003c28   0x0000008e   Code   RO         1267    .text.xQueueGenericSendFromISR  queue.o
    0x08003cb6   0x08003cb6   0x0000010a   Code   RO         1271    .text.xQueueReceive  queue.o
    0x08003dc0   0x08003dc0   0x00000058   Code   RO         1426    .text.xTaskCheckForTimeOut  tasks.o
    0x08003e18   0x08003e18   0x0000017c   Code   RO         1362    .text.xTaskCreate   tasks.o
    0x08003f94   0x08003f94   0x00000018   Code   RO         1432    .text.xTaskGetSchedulerState  tasks.o
    0x08003fac   0x08003fac   0x00000008   Code   RO         1402    .text.xTaskGetTickCount  tasks.o
    0x08003fb4   0x08003fb4   0x000000c4   Code   RO         1400    .text.xTaskIncrementTick  tasks.o
    0x08004078   0x08004078   0x0000005c   Code   RO         1436    .text.xTaskPriorityDisinherit  tasks.o
    0x080040d4   0x080040d4   0x00000060   Code   RO         1418    .text.xTaskRemoveFromEventList  tasks.o
    0x08004134   0x08004134   0x000000b0   Code   RO         1376    .text.xTaskResumeAll  tasks.o
    0x080041e4   0x080041e4   0x00000052   Code   RO         1475    .text.xTimerCreate  timers.o
    0x08004236   0x08004236   0x00000002   PAD
    0x08004238   0x08004238   0x00000040   Code   RO         1469    .text.xTimerCreateTimerTask  timers.o
    0x08004278   0x08004278   0x00000054   Code   RO         1477    .text.xTimerGenericCommand  timers.o
    0x080042cc   0x080042cc   0x00000005   Data   RO          126    .rodata..L__const.IdleMenu_handle.menu_display_dot  console.o
    0x080042d1   0x080042d1   0x00000003   PAD
    0x080042d4   0x080042d4   0x00000040   Data   RO         1095    .rodata.AHBPrescTable  system_stm32g0xx.o
    0x08004314   0x08004314   0x00000020   Data   RO         1096    .rodata.APBPrescTable  system_stm32g0xx.o
    0x08004334   0x08004334   0x00000011   Data   RO         1182    .rodata._DoInit._aInitStr  segger_rtt.o
    0x08004345   0x08004345   0x00000001   PAD
    0x08004346   0x08004346   0x0000000a   Data   RO          206    .rodata.key_mask    tm1639.o
    0x08004350   0x08004350   0x0000000a   Data   RO           42    .rodata.str1.1      app_freertos.o
    0x0800435a   0x0800435a   0x000000a2   Data   RO          125    .rodata.str1.1      console.o
    0x080043fc   0x080043fc   0x0000000e   Data   RO          147    .rodata.str1.1      user_task.o
    0x0800440a   0x0800440a   0x0000000b   Data   RO          208    .rodata.str1.1      tm1639.o
    0x08004415   0x08004415   0x00000009   Data   RO         1183    .rodata.str1.1      segger_rtt.o
    0x0800441e   0x0800441e   0x00000002   PAD
    0x08004420   0x08004420   0x00000020   Data   RO         1881    Region$$Table       anon$$obj.o


    Execution Region RW_IRAM1 (Exec base: 0x20000000, Load base: 0x08004440, Size: 0x00001ea8, Max: 0x00002000, ABSOLUTE)

    Exec Addr    Load Addr    Size         Type   Attr      Idx    E Section Name        Object

    0x20000000   0x08004440   0x00000040   Data   RW          127    .data..L_MergedGlobals  console.o
    0x20000040   0x08004480   0x00000008   Data   RW          706    .data..L_MergedGlobals  stm32g0xx_hal.o
    0x20000048   0x08004488   0x00000004   Data   RW         1094    .data.SystemCoreClock  system_stm32g0xx.o
    0x2000004c   0x0800448c   0x00000020   Data   RW          228    .data.key_info      bsp_key.o
    0x2000006c   0x080044ac   0x00000028   Data   RW          207    .data.tm1639key_info  tm1639.o
    0x20000094   0x080044d4   0x00000004   Data   RW         1677    .data.uxCriticalNesting  port.o
    0x20000098        -       0x00000060   Zero   RW         1745    .bss                c_p.l(libspace.o)
    0x200000f8        -       0x00000008   Zero   RW          148    .bss..L_MergedGlobals  user_task.o
    0x20000100        -       0x00000004   Zero   RW          209    .bss..L_MergedGlobals  tm1639.o
    0x20000104        -       0x00000078   Zero   RW         1459    .bss..L_MergedGlobals  tasks.o
    0x2000017c        -       0x0000003c   Zero   RW         1501    .bss..L_MergedGlobals  timers.o
    0x200001b8        -       0x00000020   Zero   RW         1640    .bss..L_MergedGlobals  heap_4.o
    0x200001d8        -       0x00000028   Zero   RW         1460    .bss..L_MergedGlobals.1  tasks.o
    0x20000200        -       0x00000008   Zero   RW          128    .bss..L_MergedGlobals.20  console.o
    0x20000208        -       0x000000a8   Zero   RW         1179    .bss._SEGGER_RTT    segger_rtt.o
    0x200002b0        -       0x00000010   Zero   RW         1185    .bss._acDownBuffer  segger_rtt.o
    0x200002c0        -       0x00000400   Zero   RW         1184    .bss._acUpBuffer    segger_rtt.o
    0x200006c0        -       0x00000002   Zero   RW          205    .bss.data           tm1639.o
    0x200006c2   0x080044d8   0x00000002   PAD
    0x200006c4        -       0x00000064   Zero   RW           58    .bss.hadc1          adc.o
    0x20000728        -       0x0000005c   Zero   RW           59    .bss.hdma_adc1      adc.o
    0x20000784        -       0x0000004c   Zero   RW          107    .bss.htim17         stm32g0xx_hal_timebase_tim.o
    0x200007d0        -       0x0000008c   Zero   RW         1458    .bss.pxReadyTasksLists  tasks.o
    0x2000085c        -       0x00000004   Zero   RW           43    .bss.startTaskHandle  app_freertos.o
    0x20000860        -       0x00001000   Zero   RW         1639    .bss.ucHeap         heap_4.o
    0x20001860        -       0x00000004   Zero   RW          705    .bss.uwTick         stm32g0xx_hal.o
    0x20001864        -       0x00000040   Zero   RW         1305    .bss.xQueueRegistry  queue.o
    0x200018a4   0x080044d8   0x00000004   PAD
    0x200018a8        -       0x00000200   Zero   RW            2    HEAP                startup_stm32g030xx.o
    0x20001aa8        -       0x00000400   Zero   RW            1    STACK               startup_stm32g030xx.o


==============================================================================

Image component sizes


      Code (inc. data)   RO Data    RW Data    ZI Data      Debug   Object Name

       260         28          0          0        192       5678   adc.o
        56         24         10          0          4       2038   app_freertos.o
       396         20          0         32          0       2771   bsp_key.o
        58          0          0          0          0      18152   cmsis_os.o
      1792        472        167         64          8       8709   console.o
        44          4          0          0          0       1824   dma.o
       288         32          0          0          0       2968   gpio.o
       408         16          0          0       4128       4607   heap_4.o
       130          0          0          0          0       2251   list.o
       170          4          0          0          0       6433   main.o
       404         40          0          4          0       2789   port.o
      1228          4          0          0         64      15903   queue.o
       424         24         26          0       1208      18448   segger_rtt.o
       998         44          0          0          0       5726   segger_rtt_printf.o
        56         26        192          0       1536        632   startup_stm32g030xx.o
        68          8          0          8          4       6645   stm32g0xx_hal.o
      1144         52          0          0          0      18684   stm32g0xx_hal_adc.o
        88         12          0          0          0       6905   stm32g0xx_hal_cortex.o
       428         20          0          0          0       8363   stm32g0xx_hal_dma.o
       464         24          0          0          0       4646   stm32g0xx_hal_gpio.o
        52          4          0          0          0       1878   stm32g0xx_hal_msp.o
        68          8          0          0          0       4705   stm32g0xx_hal_pwr_ex.o
      1608         84          0          0          0       8682   stm32g0xx_hal_rcc.o
       660         40          0          0          0      51878   stm32g0xx_hal_tim.o
         6          0          0          0          0      22896   stm32g0xx_hal_tim_ex.o
       148         16          0          0         76       6225   stm32g0xx_hal_timebase_tim.o
        48          8          0          0          0       1809   stm32g0xx_it.o
         2          0         96          4          0       1954   system_stm32g0xx.o
      1574         52          0          0        300      22397   tasks.o
       874         46          0          0         60      10196   timers.o
      1374        100         21         40          6       9492   tm1639.o
       540        224         14          0          8       3158   user_task.o

    ----------------------------------------------------------------------
     15904       1444        564        152       7600     289442   Object Totals
         0          0         32          0          0          0   (incl. Generated)
        46          8          6          0          6          0   (incl. Padding)

    ----------------------------------------------------------------------

      Code (inc. data)   RO Data    RW Data    ZI Data      Debug   Library Member Name

         8          0          0          0          0         68   __main.o
         0          0          0          0          0          0   __rtentry.o
        12          0          0          0          0          0   __rtentry2.o
         6          0          0          0          0          0   __rtentry4.o
        86         10          0          0          0          0   __scatter.o
        26          0          0          0          0          0   __scatter_copy.o
        28          0          0          0          0          0   __scatter_zi.o
       364          4          0          0          0         92   aeabi_sdiv.o
        16          0          0          0          0         68   exit.o
         6          0          0          0          0        136   heapauxi.o
         0          0          0          0          0          0   indicate_semi.o
         2          0          0          0          0          0   libinit.o
         2          0          0          0          0          0   libinit2.o
         2          0          0          0          0          0   libshutdown.o
         2          0          0          0          0          0   libshutdown2.o
         8          4          0          0         96         68   libspace.o
        90          0          0          0          0         68   memcmp.o
        64          0          0          0          0        108   rt_memclr.o
       186          0          0          0          0        144   rt_memcpy.o
         2          0          0          0          0          0   rtexit.o
        10          0          0          0          0          0   rtexit2.o
        12          4          0          0          0         60   sys_exit.o
        62          0          0          0          0         80   sys_stackheap_outer.o
         2          0          0          0          0         68   use_no_semi.o

    ----------------------------------------------------------------------
      1004         22          0          0         96        960   Library Totals
         8          0          0          0          0          0   (incl. Padding)

    ----------------------------------------------------------------------

      Code (inc. data)   RO Data    RW Data    ZI Data      Debug   Library Name

       996         22          0          0         96        960   c_p.l

    ----------------------------------------------------------------------
      1004         22          0          0         96        960   Library Totals

    ----------------------------------------------------------------------

==============================================================================


      Code (inc. data)   RO Data    RW Data    ZI Data      Debug   

     16908       1466        564        152       7696     289542   Grand Totals
     16908       1466        564        152       7696     289542   ELF Image Totals
     16908       1466        564        152          0          0   ROM Totals

==============================================================================

    Total RO  Size (Code + RO Data)                17472 (  17.06kB)
    Total RW  Size (RW Data + ZI Data)              7848 (   7.66kB)
    Total ROM Size (Code + RO Data + RW Data)      17624 (  17.21kB)

==============================================================================

