<html>
<body>
<pre>
<h1>µVision Build Log</h1>
<h2>Tool Versions:</h2>
IDE-Version: ¦ÌVision V5.39.0.0
Copyright (C) 2023 ARM Ltd and ARM Germany GmbH. All rights reserved.
License Information: 1 zakiu, 1, LIC=8VRJ7-E8U80-X7RRZ-JR8XS-ME3BV-6YH1L
 
Tool Versions:
Toolchain:       MDK-ARM Plus  Version: 5.39.0.0
Toolchain Path:  D:\UserApps\Keil\ARM\ARMCLANG\Bin
C Compiler:      ArmClang.exe V6.21
Assembler:       Armasm.exe V6.21
Linker/Locator:  ArmLink.exe V6.21
Library Manager: ArmAr.exe V6.21
Hex Converter:   FromElf.exe V6.21
CPU DLL:         SARMCM3.DLL V5.39.0.0
Dialog DLL:      DARMCM1.DLL V1.19.6.0
Target DLL:      Segger\JL2CM3.dll V2.99.43.0
Dialog DLL:      TARMCM1.DLL V1.14.6.0
 
<h2>Project:</h2>
d:\zakiu\Code\stm32g0_WorkSpace\card_machine _freertos\MDK-ARM\card_machine.uvprojx
Project File Date:  05/06/2024

<h2>Output:</h2>
*** Using Compiler 'V6.21', folder: 'D:\UserApps\Keil\ARM\ARMCLANG\Bin'
Build target 'card_machine'
compiling flash_operation.c...
compiling adc.c...
compiling stm32g0xx_hal_msp.c...
compiling gpio.c...
compiling app_freertos.c...
compiling dma.c...
compiling main.c...
compiling stm32g0xx_hal_timebase_tim.c...
compiling stm32g0xx_it.c...
compiling user_task.c...
compiling console.c...
compiling stm32g0xx_ll_rcc.c...
compiling stm32g0xx_ll_adc.c...
compiling motor.c...
compiling bsp_key.c...
compiling stm32g0xx_hal_flash.c...
compiling stm32g0xx_hal_adc_ex.c...
compiling stm32g0xx_hal_rcc.c...
compiling stm32g0xx_hal_rcc_ex.c...
compiling stm32g0xx_hal_flash_ex.c...
compiling TM1639.c...
compiling stm32g0xx_ll_dma.c...
compiling stm32g0xx_hal_gpio.c...
compiling stm32g0xx_hal_adc.c...
compiling stm32g0xx_hal_dma.c...
compiling stm32g0xx_hal_dma_ex.c...
compiling stm32g0xx_hal_pwr.c...
compiling stm32g0xx_hal.c...
compiling stm32g0xx_hal_pwr_ex.c...
compiling stm32g0xx_hal_cortex.c...
compiling stm32g0xx_hal_exti.c...
compiling croutine.c...
compiling system_stm32g0xx.c...
compiling SEGGER_RTT_printf.c...
compiling list.c...
compiling event_groups.c...
compiling SEGGER_RTT.c...
compiling stream_buffer.c...
compiling heap_4.c...
compiling timers.c...
compiling stm32g0xx_hal_tim_ex.c...
compiling queue.c...
compiling port.c...
compiling cmsis_os.c...
compiling tasks.c...
compiling stm32g0xx_hal_tim.c...
linking...
Program Size: Code=21572 RO-data=688 RW-data=364 ZI-data=7716  
FromELF: creating hex file...
"card_machine\card_machine.axf" - 0 Error(s), 0 Warning(s).

<h2>Software Packages used:</h2>

Package Vendor: ARM
                http://www.keil.com/pack/ARM.CMSIS.5.9.0.pack
                ARM::CMSIS@5.9.0
                CMSIS (Common Microcontroller Software Interface Standard)
   * Component: CORE Version: 5.6.0

Package Vendor: Keil
                https://www.keil.com/pack/Keil.STM32G0xx_DFP.1.5.0.pack
                Keil::STM32G0xx_DFP@1.5.0
                STMicroelectronics STM32G0 Series Device Support

<h2>Collection of Component include folders:</h2>
  ./RTE/_card_machine
  D:/Users/zakiu/AppData/Local/Arm/Packs/ARM/CMSIS/5.9.0/CMSIS/Core/Include
  D:/Users/zakiu/AppData/Local/Arm/Packs/Keil/STM32G0xx_DFP/1.5.0/Drivers/CMSIS/Device/ST/STM32G0xx/Include

<h2>Collection of Component Files used:</h2>

   * Component: ARM::CMSIS:CORE@5.6.0
      Include file:  CMSIS/Core/Include/tz_context.h
Build Time Elapsed:  00:00:03
</pre>
</body>
</html>
